******************************************************************************
                  TI ARM Linker Unix v20.2.1                   
******************************************************************************
>> Linked Mon Dec  7 21:05:50 2020

OUTPUT FILE NAME:   <DMX-512-A-protcol.out>
ENTRY POINT SYMBOL: "_c_int00_noargs"  address: 00003b41


MEMORY CONFIGURATION

         name            origin    length      used     unused   attr    fill
----------------------  --------  ---------  --------  --------  ----  --------
  FLASH                 00000000   00040000  00003dd9  0003c227  R  X
  SRAM                  20000000   00008000  00002d68  00005298  RW X


SEGMENT ALLOCATION MAP

run origin  load origin   length   init length attrs members
----------  ----------- ---------- ----------- ----- -------
00000000    00000000    00003de0   00003de0    r-x
  00000000    00000000    0000026c   0000026c    r-- .intvecs
  0000026c    0000026c    00003a24   00003a24    r-x .text
  00003c90    00003c90    00000101   00000101    r-- .const
  00003d98    00003d98    00000048   00000048    r-- .cinit
20000000    20000000    00002d6c   00000000    rw-
  20000000    20000000    00001d1c   00000000    rw- .bss
  20001d20    20001d20    00001000   00000000    rw- .stack
  20002d20    20002d20    0000004c   00000000    rw- .data


SECTION ALLOCATION MAP

 output                                  attributes/
section   page    origin      length       input sections
--------  ----  ----------  ----------   ----------------
.intvecs   0    00000000    0000026c     
                  00000000    0000026c     tm4c123gh6pm_startup_ccs.obj (.intvecs)

.text      0    0000026c    00003a24     
                  0000026c    00001464     main.obj (.text)
                  000016d0    00000a4e     rtsv7M4_T_le_v4SPD16_eabi.lib : _printfi.c.obj (.text:__TI_printfi)
                  0000211e    00000002                                   : div0.asm.obj (.text)
                  00002120    000003a8     hibernation.obj (.text)
                  000024c8    00000270     rtsv7M4_T_le_v4SPD16_eabi.lib : _printfi.c.obj (.text:_pconv_a)
                  00002738    000001d0                                   : _printfi.c.obj (.text:_pconv_g)
                  00002908    000001b6                                   : fd_add_t2.asm.obj (.text)
                  00002abe    00000002     --HOLE-- [fill = 0]
                  00002ac0    0000017c     uart0.obj (.text)
                  00002c3c    0000013c     rtsv7M4_T_le_v4SPD16_eabi.lib : _printfi.c.obj (.text:_pconv_e)
                  00002d78    00000136                                   : fd_div_t2.asm.obj (.text)
                  00002eae    00000002     --HOLE-- [fill = 0]
                  00002eb0    00000124                                   : _printfi.c.obj (.text:fcvt)
                  00002fd4    00000110                                   : s_scalbn.c.obj (.text:scalbn)
                  000030e4    000000fc                                   : fd_mul_t2.asm.obj (.text)
                  000031e0    000000f4     uart1.obj (.text)
                  000032d4    000000f0     timer.obj (.text)
                  000033c4    000000b1     rtsv7M4_T_le_v4SPD16_eabi.lib : _printfi.c.obj (.text:_ltostr)
                  00003475    00000001     --HOLE-- [fill = 0]
                  00003476    0000009c                                   : memcpy_t2.asm.obj (.text)
                  00003512    00000096                                   : ull_div_t2.asm.obj (.text)
                  000035a8    00000086                                   : fd_cmp_t2.asm.obj (.text:__aeabi_cdcmple)
                  0000362e    00000086                                   : fd_cmp_t2.asm.obj (.text:__aeabi_cdrcmple)
                  000036b4    00000084     eeprom.obj (.text)
                  00003738    0000007a     rtsv7M4_T_le_v4SPD16_eabi.lib : memset_t2.asm.obj (.text)
                  000037b2    0000006e                                   : _printfi.c.obj (.text:_mcpy)
                  00003820    00000068                                   : copy_decompress_lzss.c.obj (.text:decompress:lzss:__TI_decompress_lzss)
                  00003888    00000064                                   : s_frexp.c.obj (.text:frexp)
                  000038ec    00000056                                   : _printfi.c.obj (.text:_pconv_f)
                  00003942    00000054                                   : _ltoa.c.obj (.text:__TI_ltoa)
                  00003996    00000052                                   : _printfi.c.obj (.text:_ecpy)
                  000039e8    0000004c                                   : atoi.c.obj (.text:atoi)
                  00003a34    00000048                                   : fd_toi_t2.asm.obj (.text)
                  00003a7c    00000044                                   : autoinit.c.obj (.text:__TI_auto_init_nobinit_nopinit:__TI_auto_init_nobinit_nopinit)
                  00003ac0    00000040                                   : sprintf.c.obj (.text:sprintf)
                  00003b00    0000003e                                   : _printfi.c.obj (.text:_fcpy)
                  00003b3e    00000002     --HOLE-- [fill = 0]
                  00003b40    00000034                                   : boot_cortex_m.c.obj (.text:_c_int00_noargs:_c_int00_noargs)
                  00003b74    0000002e                                   : i_tofd_t2.asm.obj (.text)
                  00003ba2    00000024     wait.obj (.text)
                  00003bc6    0000001c     rtsv7M4_T_le_v4SPD16_eabi.lib : memccpy.c.obj (.text:memccpy)
                  00003be2    0000001a                                   : s_copysign.c.obj (.text:copysign)
                  00003bfc    00000018                                   : sprintf.c.obj (.text:_outs)
                  00003c14    00000016                                   : strchr.c.obj (.text:strchr)
                  00003c2a    00000014                                   : strlen.c.obj (.text:strlen)
                  00003c3e    00000012                                   : wcslen.c.obj (.text:wcslen)
                  00003c50    0000000e                                   : copy_decompress_none.c.obj (.text:decompress:none:__TI_decompress_none)
                  00003c5e    0000000c                                   : copy_zero_init.c.obj (.text:decompress:ZI:__TI_zero_init)
                  00003c6a    0000000c     tm4c123gh6pm_startup_ccs.obj (.text)
                  00003c76    0000000a     rtsv7M4_T_le_v4SPD16_eabi.lib : sprintf.c.obj (.text:_outc)
                  00003c80    00000008                                   : errno.c.obj (.text:__aeabi_errno_addr)
                  00003c88    00000004                                   : pre_init.c.obj (.text:_system_pre_init)
                  00003c8c    00000004                                   : exit.c.obj (.text:abort:abort)

.const     0    00003c90    00000101     
                  00003c90    00000101     rtsv7M4_T_le_v4SPD16_eabi.lib : ctype.c.obj (.const:.string:_ctypes_)

.cinit     0    00003d98    00000048     
                  00003d98    0000001d     (.cinit..data.load) [load image, compression = lzss]
                  00003db5    00000003     --HOLE-- [fill = 0]
                  00003db8    0000000c     (__TI_handler_table)
                  00003dc4    00000004     --HOLE-- [fill = 0]
                  00003dc8    00000008     (.cinit..bss.load) [load image, compression = zero_init]
                  00003dd0    00000010     (__TI_cinit_table)

.init_array 
*          0    00000000    00000000     UNINITIALIZED

.bss       0    20000000    00001d1c     UNINITIALIZED
                  20000000    00000804     (.common:data_table)
                  20000804    00000804     (.common:device_address)
                  20001008    00000804     (.common:poll_table)
                  2000180c    00000400     (.common:txbuffer)
                  20001c0c    00000064     (.common:str)
                  20001c70    00000064     (.common:timestr)
                  20001cd4    00000030     (.common:sortedArray)
                  20001d04    00000004     (.common:ArrayIndex)
                  20001d08    00000004     (.common:day)
                  20001d0c    00000004     (.common:hr)
                  20001d10    00000004     (.common:min)
                  20001d14    00000004     (.common:month)
                  20001d18    00000004     (.common:sec)

.data      0    20002d20    0000004c     UNINITIALIZED
                  20002d20    00000048     main.obj (.data)
                  20002d68    00000004     rtsv7M4_T_le_v4SPD16_eabi.lib : errno.c.obj (.data)

.stack     0    20001d20    00001000     UNINITIALIZED
                  20001d20    00000004     rtsv7M4_T_le_v4SPD16_eabi.lib : boot_cortex_m.c.obj (.stack)
                  20001d24    00000ffc     --HOLE--

__llvm_prf_cnts 
*          0    20000000    00000000     UNINITIALIZED

MODULE SUMMARY

       Module                         code    ro data   rw data
       ------                         ----    -------   -------
    ./
       main.obj                       5220    0         7400   
       hibernation.obj                936     0         124    
       tm4c123gh6pm_startup_ccs.obj   12      620       0      
       uart0.obj                      380     0         0      
       uart1.obj                      244     0         0      
       timer.obj                      240     0         0      
       eeprom.obj                     132     0         0      
       wait.obj                       36      0         0      
    +--+------------------------------+-------+---------+---------+
       Total:                         7200    620       7524   
                                                               
    /Applications/ti/ccs/tools/compiler/ti-cgt-arm_20.2.1.LTS/lib/rtsv7M4_T_le_v4SPD16_eabi.lib
       _printfi.c.obj                 4851    0         0      
       fd_add_t2.asm.obj              438     0         0      
       fd_div_t2.asm.obj              310     0         0      
       s_scalbn.c.obj                 272     0         0      
       fd_cmp_t2.asm.obj              268     0         0      
       ctype.c.obj                    0       257       0      
       fd_mul_t2.asm.obj              252     0         0      
       memcpy_t2.asm.obj              156     0         0      
       ull_div_t2.asm.obj             150     0         0      
       memset_t2.asm.obj              122     0         0      
       copy_decompress_lzss.c.obj     104     0         0      
       s_frexp.c.obj                  100     0         0      
       sprintf.c.obj                  98      0         0      
       _ltoa.c.obj                    84      0         0      
       atoi.c.obj                     76      0         0      
       fd_toi_t2.asm.obj              72      0         0      
       autoinit.c.obj                 68      0         0      
       boot_cortex_m.c.obj            52      0         0      
       i_tofd_t2.asm.obj              46      0         0      
       memccpy.c.obj                  28      0         0      
       s_copysign.c.obj               26      0         0      
       strchr.c.obj                   22      0         0      
       strlen.c.obj                   20      0         0      
       wcslen.c.obj                   18      0         0      
       copy_decompress_none.c.obj     14      0         0      
       copy_zero_init.c.obj           12      0         0      
       errno.c.obj                    8       0         4      
       exit.c.obj                     4       0         0      
       pre_init.c.obj                 4       0         0      
       div0.asm.obj                   2       0         0      
    +--+------------------------------+-------+---------+---------+
       Total:                         7677    257       4      
                                                               
       Stack:                         0       0         4096   
       Linker Generated:              0       65        0      
    +--+------------------------------+-------+---------+---------+
       Grand Total:                   14877   942       11624  


LINKER GENERATED COPY TABLES

__TI_cinit_table @ 00003dd0 records: 2, size/record: 8, table size: 16
	.data: load addr=00003d98, load size=0000001d bytes, run addr=20002d20, run size=0000004c bytes, compression=lzss
	.bss: load addr=00003dc8, load size=00000008 bytes, run addr=20000000, run size=00001d1c bytes, compression=zero_init


LINKER GENERATED HANDLER TABLE

__TI_handler_table @ 00003db8 records: 3, size/record: 4, table size: 12
	index: 0, handler: __TI_decompress_lzss
	index: 1, handler: __TI_decompress_none
	index: 2, handler: __TI_zero_init


GLOBAL SYMBOLS: SORTED ALPHABETICALLY BY Name 

address   name                          
-------   ----                          
20001d04  ArrayIndex                    
00003c8d  C$$EXIT                       
20002d22  GREEN_FLAG                    
20002d23  GREEN_FLAG1                   
20002d21  LED_OFF_FLAG                  
20002d20  LED_ON_FLAG                   
20002d24  LED_TIMEOUT_GREEN             
20002d26  LED_TIMEOUT_OFF               
20002d28  LED_TIMEOUT_ON                
20002d64  RTCALM                        
00003c6b  ResetISR                      
000008b3  Timer1Isr                     
00000d99  Timer2Isr                     
20002d20  __STACK_END                   
00001000  __STACK_SIZE                  
20001f20  __STACK_TOP                   
00003dd0  __TI_CINIT_Base               
00003de0  __TI_CINIT_Limit              
00003db8  __TI_Handler_Table_Base       
00003dc4  __TI_Handler_Table_Limit      
00003a7d  __TI_auto_init_nobinit_nopinit
00003821  __TI_decompress_lzss          
00003c51  __TI_decompress_none          
00003943  __TI_ltoa                     
ffffffff  __TI_pprof_out_hndl           
000016d1  __TI_printfi                  
ffffffff  __TI_prof_data_size           
ffffffff  __TI_prof_data_start          
00000000  __TI_static_base__            
00003c5f  __TI_zero_init                
000035a9  __aeabi_cdcmpeq               
000035a9  __aeabi_cdcmple               
0000362f  __aeabi_cdrcmple              
00003a35  __aeabi_d2iz                  
00002913  __aeabi_dadd                  
00002d79  __aeabi_ddiv                  
000030e5  __aeabi_dmul                  
00002909  __aeabi_dsub                  
00003c81  __aeabi_errno_addr            
00003b75  __aeabi_i2d                   
0000211f  __aeabi_idiv0                 
0000211f  __aeabi_ldiv0                 
00003739  __aeabi_memclr                
00003739  __aeabi_memclr4               
00003739  __aeabi_memclr8               
00003477  __aeabi_memcpy                
00003477  __aeabi_memcpy4               
00003477  __aeabi_memcpy8               
0000373b  __aeabi_memset                
0000373b  __aeabi_memset4               
0000373b  __aeabi_memset8               
00003513  __aeabi_uldivmod              
ffffffff  __binit__                     
ffffffff  __c_args__                    
UNDEFED   __mpu_init                    
20001d20  __stack                       
20000000  __start___llvm_prf_cnts       
20000000  __stop___llvm_prf_cnts        
00003b41  _c_int00_noargs               
00003c90  _ctypes_                      
UNDEFED   _system_post_cinit            
00003c89  _system_pre_init              
00003c8d  abort                         
20002d54  add                           
000022c5  addToSortedList               
000003ef  alpha                         
000039e9  atoi                          
ffffffff  binit                         
00002239  calculateSeconds              
00000f65  clear                         
00000729  compare                       
00003be3  copysign                      
00003be3  copysignl                     
20002d58  data                          
20000000  data_table                    
20001d08  day                           
20000804  device_address                
000007dd  displayUart0                  
00000899  dmxTX                         
20002d68  errno                         
00003889  frexp                         
00003889  frexpl                        
00000000  g_pfnVectors                  
00002185  getCurrentSeconds             
00000699  getFieldInteger               
00000651  getFieldString                
0000220d  get_date                      
000021b5  get_time                      
00002bcd  getcUart0                     
00000357  getsUart0                     
00000e89  hibernationIsr                
20001d0c  hr                            
000036b5  initEeprom                    
00002121  initHibernationHW             
0000026d  initHw                        
000002eb  initPWM                       
000032d5  initTimer1                    
0000330f  initTimer2                    
00003349  initTimer3                    
00002ac1  initUart0                     
000031e1  initUart1                     
0000076f  isCommand                     
00002be1  kbhitUart0                    
20002d44  last_phase                    
20002d48  last_rx_phase                 
00002fd5  ldexp                         
00002fd5  ldexpl                        
00001061  main                          
20002d2c  max                           
00003bc7  memccpy                       
00003477  memcpy                        
00003741  memset                        
20001d10  min                           
20002d50  mode                          
20001d14  month                         
20002d60  n                             
00000421  numeric                       
20002d30  on                            
00000495  parseFields                   
20002d3c  phase                         
20002d5c  poll_data                     
20002d31  poll_req                      
20001008  poll_table                    
20002d4c  polled                        
20002d4d  polledC                       
00002b85  putcUart0                     
00002ba1  putsUart0                     
20002d38  rd_idx                        
000036fd  readEeprom                    
20002d4e  receiver_phase                
00000fa9  req_poll                      
20002d40  rx_phase                      
00002fd5  scalbn                        
00002fd5  scalbnl                       
20001d18  sec                           
000007c5  setAdd                        
000022ad  setAlarm                      
000007b9  setMode                       
00002295  setRTC                        
00000343  setRgbColor                   
00002b59  setUart0BaudRate              
00003275  setUart1BaudRate              
000021f5  set_date                      
00002195  set_time                      
00002345  sortArray                     
20001cd4  sortedArray                   
00003ac1  sprintf                       
20001c0c  str                           
00003c15  strchr                        
00003c2b  strlen                        
20001c70  timestr                       
2000180c  txbuffer                      
00000859  uart0RxIsr                    
00000a29  uart1Isr                      
00003ba3  waitMicrosecond               
00003c3f  wcslen                        
20002d34  wr_idx                        
000036cb  writeEeprom                   


GLOBAL SYMBOLS: SORTED BY Symbol Address 

address   name                          
-------   ----                          
00000000  __TI_static_base__            
00000000  g_pfnVectors                  
0000026d  initHw                        
000002eb  initPWM                       
00000343  setRgbColor                   
00000357  getsUart0                     
000003ef  alpha                         
00000421  numeric                       
00000495  parseFields                   
00000651  getFieldString                
00000699  getFieldInteger               
00000729  compare                       
0000076f  isCommand                     
000007b9  setMode                       
000007c5  setAdd                        
000007dd  displayUart0                  
00000859  uart0RxIsr                    
00000899  dmxTX                         
000008b3  Timer1Isr                     
00000a29  uart1Isr                      
00000d99  Timer2Isr                     
00000e89  hibernationIsr                
00000f65  clear                         
00000fa9  req_poll                      
00001000  __STACK_SIZE                  
00001061  main                          
000016d1  __TI_printfi                  
0000211f  __aeabi_idiv0                 
0000211f  __aeabi_ldiv0                 
00002121  initHibernationHW             
00002185  getCurrentSeconds             
00002195  set_time                      
000021b5  get_time                      
000021f5  set_date                      
0000220d  get_date                      
00002239  calculateSeconds              
00002295  setRTC                        
000022ad  setAlarm                      
000022c5  addToSortedList               
00002345  sortArray                     
00002909  __aeabi_dsub                  
00002913  __aeabi_dadd                  
00002ac1  initUart0                     
00002b59  setUart0BaudRate              
00002b85  putcUart0                     
00002ba1  putsUart0                     
00002bcd  getcUart0                     
00002be1  kbhitUart0                    
00002d79  __aeabi_ddiv                  
00002fd5  ldexp                         
00002fd5  ldexpl                        
00002fd5  scalbn                        
00002fd5  scalbnl                       
000030e5  __aeabi_dmul                  
000031e1  initUart1                     
00003275  setUart1BaudRate              
000032d5  initTimer1                    
0000330f  initTimer2                    
00003349  initTimer3                    
00003477  __aeabi_memcpy                
00003477  __aeabi_memcpy4               
00003477  __aeabi_memcpy8               
00003477  memcpy                        
00003513  __aeabi_uldivmod              
000035a9  __aeabi_cdcmpeq               
000035a9  __aeabi_cdcmple               
0000362f  __aeabi_cdrcmple              
000036b5  initEeprom                    
000036cb  writeEeprom                   
000036fd  readEeprom                    
00003739  __aeabi_memclr                
00003739  __aeabi_memclr4               
00003739  __aeabi_memclr8               
0000373b  __aeabi_memset                
0000373b  __aeabi_memset4               
0000373b  __aeabi_memset8               
00003741  memset                        
00003821  __TI_decompress_lzss          
00003889  frexp                         
00003889  frexpl                        
00003943  __TI_ltoa                     
000039e9  atoi                          
00003a35  __aeabi_d2iz                  
00003a7d  __TI_auto_init_nobinit_nopinit
00003ac1  sprintf                       
00003b41  _c_int00_noargs               
00003b75  __aeabi_i2d                   
00003ba3  waitMicrosecond               
00003bc7  memccpy                       
00003be3  copysign                      
00003be3  copysignl                     
00003c15  strchr                        
00003c2b  strlen                        
00003c3f  wcslen                        
00003c51  __TI_decompress_none          
00003c5f  __TI_zero_init                
00003c6b  ResetISR                      
00003c81  __aeabi_errno_addr            
00003c89  _system_pre_init              
00003c8d  C$$EXIT                       
00003c8d  abort                         
00003c90  _ctypes_                      
00003db8  __TI_Handler_Table_Base       
00003dc4  __TI_Handler_Table_Limit      
00003dd0  __TI_CINIT_Base               
00003de0  __TI_CINIT_Limit              
20000000  __start___llvm_prf_cnts       
20000000  __stop___llvm_prf_cnts        
20000000  data_table                    
20000804  device_address                
20001008  poll_table                    
2000180c  txbuffer                      
20001c0c  str                           
20001c70  timestr                       
20001cd4  sortedArray                   
20001d04  ArrayIndex                    
20001d08  day                           
20001d0c  hr                            
20001d10  min                           
20001d14  month                         
20001d18  sec                           
20001d20  __stack                       
20001f20  __STACK_TOP                   
20002d20  LED_ON_FLAG                   
20002d20  __STACK_END                   
20002d21  LED_OFF_FLAG                  
20002d22  GREEN_FLAG                    
20002d23  GREEN_FLAG1                   
20002d24  LED_TIMEOUT_GREEN             
20002d26  LED_TIMEOUT_OFF               
20002d28  LED_TIMEOUT_ON                
20002d2c  max                           
20002d30  on                            
20002d31  poll_req                      
20002d34  wr_idx                        
20002d38  rd_idx                        
20002d3c  phase                         
20002d40  rx_phase                      
20002d44  last_phase                    
20002d48  last_rx_phase                 
20002d4c  polled                        
20002d4d  polledC                       
20002d4e  receiver_phase                
20002d50  mode                          
20002d54  add                           
20002d58  data                          
20002d5c  poll_data                     
20002d60  n                             
20002d64  RTCALM                        
20002d68  errno                         
ffffffff  __TI_pprof_out_hndl           
ffffffff  __TI_prof_data_size           
ffffffff  __TI_prof_data_start          
ffffffff  __binit__                     
ffffffff  __c_args__                    
ffffffff  binit                         
UNDEFED   __mpu_init                    
UNDEFED   _system_post_cinit            

[158 symbols]
