******************************************************************************
                  TI ARM Linker Unix v20.2.1                   
******************************************************************************
>> Linked Wed Dec  2 01:14:25 2020

OUTPUT FILE NAME:   <DMX-512-A-protcol.out>
ENTRY POINT SYMBOL: "_c_int00_noargs"  address: 00003809


MEMORY CONFIGURATION

         name            origin    length      used     unused   attr    fill
----------------------  --------  ---------  --------  --------  ----  --------
  FLASH                 00000000   00040000  00003a99  0003c567  R  X
  SRAM                  20000000   00008000  00004524  00003adc  RW X


SEGMENT ALLOCATION MAP

run origin  load origin   length   init length attrs members
----------  ----------- ---------- ----------- ----- -------
00000000    00000000    00003aa0   00003aa0    r-x
  00000000    00000000    0000026c   0000026c    r-- .intvecs
  0000026c    0000026c    000036ec   000036ec    r-x .text
  00003958    00003958    00000101   00000101    r-- .const
  00003a60    00003a60    00000040   00000040    r-- .cinit
20000000    20000000    00004528   00000000    rw-
  20000000    20000000    000034e4   00000000    rw- .bss
  200034e8    200034e8    00001000   00000000    rw- .stack
  200044e8    200044e8    00000040   00000000    rw- .data


SECTION ALLOCATION MAP

 output                                  attributes/
section   page    origin      length       input sections
--------  ----  ----------  ----------   ----------------
.intvecs   0    00000000    0000026c     
                  00000000    0000026c     tm4c123gh6pm_startup_ccs.obj (.intvecs)

.text      0    0000026c    000036ec     
                  0000026c    000011bc     main.obj (.text)
                  00001428    00000a4e     rtsv7M4_T_le_v4SPD16_eabi.lib : _printfi.c.obj (.text:__TI_printfi)
                  00001e76    00000002                                   : div0.asm.obj (.text)
                  00001e78    00000360     hibernation.obj (.text)
                  000021d8    00000270     rtsv7M4_T_le_v4SPD16_eabi.lib : _printfi.c.obj (.text:_pconv_a)
                  00002448    000001d0                                   : _printfi.c.obj (.text:_pconv_g)
                  00002618    000001b6                                   : fd_add_t2.asm.obj (.text)
                  000027ce    00000002     --HOLE-- [fill = 0]
                  000027d0    0000017c     uart0.obj (.text)
                  0000294c    0000013c     rtsv7M4_T_le_v4SPD16_eabi.lib : _printfi.c.obj (.text:_pconv_e)
                  00002a88    00000136                                   : fd_div_t2.asm.obj (.text)
                  00002bbe    00000002     --HOLE-- [fill = 0]
                  00002bc0    00000124                                   : _printfi.c.obj (.text:fcvt)
                  00002ce4    00000110                                   : s_scalbn.c.obj (.text:scalbn)
                  00002df4    000000fc                                   : fd_mul_t2.asm.obj (.text)
                  00002ef0    000000f4     uart1.obj (.text)
                  00002fe4    000000b1     rtsv7M4_T_le_v4SPD16_eabi.lib : _printfi.c.obj (.text:_ltostr)
                  00003095    00000003     --HOLE-- [fill = 0]
                  00003098    000000a4     timer.obj (.text)
                  0000313c    0000009c     rtsv7M4_T_le_v4SPD16_eabi.lib : memcpy_t2.asm.obj (.text)
                  000031d8    00000096                                   : ull_div_t2.asm.obj (.text)
                  0000326e    00000086                                   : fd_cmp_t2.asm.obj (.text:__aeabi_cdcmple)
                  000032f4    00000086                                   : fd_cmp_t2.asm.obj (.text:__aeabi_cdrcmple)
                  0000337a    00000002     --HOLE-- [fill = 0]
                  0000337c    00000084     eeprom.obj (.text)
                  00003400    0000007a     rtsv7M4_T_le_v4SPD16_eabi.lib : memset_t2.asm.obj (.text)
                  0000347a    0000006e                                   : _printfi.c.obj (.text:_mcpy)
                  000034e8    00000068                                   : copy_decompress_lzss.c.obj (.text:decompress:lzss:__TI_decompress_lzss)
                  00003550    00000064                                   : s_frexp.c.obj (.text:frexp)
                  000035b4    00000056                                   : _printfi.c.obj (.text:_pconv_f)
                  0000360a    00000054                                   : _ltoa.c.obj (.text:__TI_ltoa)
                  0000365e    00000052                                   : _printfi.c.obj (.text:_ecpy)
                  000036b0    0000004c                                   : atoi.c.obj (.text:atoi)
                  000036fc    00000048                                   : fd_toi_t2.asm.obj (.text)
                  00003744    00000044                                   : autoinit.c.obj (.text:__TI_auto_init_nobinit_nopinit:__TI_auto_init_nobinit_nopinit)
                  00003788    00000040                                   : sprintf.c.obj (.text:sprintf)
                  000037c8    0000003e                                   : _printfi.c.obj (.text:_fcpy)
                  00003806    00000002     --HOLE-- [fill = 0]
                  00003808    00000034                                   : boot_cortex_m.c.obj (.text:_c_int00_noargs:_c_int00_noargs)
                  0000383c    0000002e                                   : i_tofd_t2.asm.obj (.text)
                  0000386a    00000024     wait.obj (.text)
                  0000388e    0000001c     rtsv7M4_T_le_v4SPD16_eabi.lib : memccpy.c.obj (.text:memccpy)
                  000038aa    0000001a                                   : s_copysign.c.obj (.text:copysign)
                  000038c4    00000018                                   : sprintf.c.obj (.text:_outs)
                  000038dc    00000016                                   : strchr.c.obj (.text:strchr)
                  000038f2    00000014                                   : strlen.c.obj (.text:strlen)
                  00003906    00000012                                   : wcslen.c.obj (.text:wcslen)
                  00003918    0000000e                                   : copy_decompress_none.c.obj (.text:decompress:none:__TI_decompress_none)
                  00003926    0000000c                                   : copy_zero_init.c.obj (.text:decompress:ZI:__TI_zero_init)
                  00003932    0000000c     tm4c123gh6pm_startup_ccs.obj (.text)
                  0000393e    0000000a     rtsv7M4_T_le_v4SPD16_eabi.lib : sprintf.c.obj (.text:_outc)
                  00003948    00000008                                   : errno.c.obj (.text:__aeabi_errno_addr)
                  00003950    00000004                                   : pre_init.c.obj (.text:_system_pre_init)
                  00003954    00000004                                   : exit.c.obj (.text:abort:abort)

.const     0    00003958    00000101     
                  00003958    00000101     rtsv7M4_T_le_v4SPD16_eabi.lib : ctype.c.obj (.const:.string:_ctypes_)

.cinit     0    00003a60    00000040     
                  00003a60    00000015     (.cinit..data.load) [load image, compression = lzss]
                  00003a75    00000003     --HOLE-- [fill = 0]
                  00003a78    0000000c     (__TI_handler_table)
                  00003a84    00000004     --HOLE-- [fill = 0]
                  00003a88    00000008     (.cinit..bss.load) [load image, compression = zero_init]
                  00003a90    00000010     (__TI_cinit_table)

.init_array 
*          0    00000000    00000000     UNINITIALIZED

.bss       0    20000000    000034e4     UNINITIALIZED
                  20000000    00001800     (.common:sortedArray)
                  20001800    00000804     (.common:data_table)
                  20002004    00000800     (.common:device_address)
                  20002804    00000800     (.common:poll_table)
                  20003004    00000400     (.common:txbuffer)
                  20003404    00000064     (.common:str)
                  20003468    00000064     (.common:timestr)
                  200034cc    00000004     (.common:ArrayIndex)
                  200034d0    00000004     (.common:day)
                  200034d4    00000004     (.common:hr)
                  200034d8    00000004     (.common:min)
                  200034dc    00000004     (.common:month)
                  200034e0    00000004     (.common:sec)

.data      0    200044e8    00000040     UNINITIALIZED
                  200044e8    0000003c     main.obj (.data)
                  20004524    00000004     rtsv7M4_T_le_v4SPD16_eabi.lib : errno.c.obj (.data)

.stack     0    200034e8    00001000     UNINITIALIZED
                  200034e8    00000004     rtsv7M4_T_le_v4SPD16_eabi.lib : boot_cortex_m.c.obj (.stack)
                  200034ec    00000ffc     --HOLE--

__llvm_prf_cnts 
*          0    20000000    00000000     UNINITIALIZED

MODULE SUMMARY

       Module                         code    ro data   rw data
       ------                         ----    -------   -------
    ./
       main.obj                       4540    0         13476  
       hibernation.obj                864     0         124    
       tm4c123gh6pm_startup_ccs.obj   12      620       0      
       uart0.obj                      380     0         0      
       uart1.obj                      244     0         0      
       timer.obj                      164     0         0      
       eeprom.obj                     132     0         0      
       wait.obj                       36      0         0      
    +--+------------------------------+-------+---------+---------+
       Total:                         6372    620       13600  
                                                               
    /Applications/ti/ccs/tools/compiler/ti-cgt-arm_20.2.1.LTS/lib/rtsv7M4_T_le_v4SPD16_eabi.lib
       _printfi.c.obj                 4851    0         0      
       fd_add_t2.asm.obj              438     0         0      
       fd_div_t2.asm.obj              310     0         0      
       s_scalbn.c.obj                 272     0         0      
       fd_cmp_t2.asm.obj              268     0         0      
       ctype.c.obj                    0       257       0      
       fd_mul_t2.asm.obj              252     0         0      
       memcpy_t2.asm.obj              156     0         0      
       ull_div_t2.asm.obj             150     0         0      
       memset_t2.asm.obj              122     0         0      
       copy_decompress_lzss.c.obj     104     0         0      
       s_frexp.c.obj                  100     0         0      
       sprintf.c.obj                  98      0         0      
       _ltoa.c.obj                    84      0         0      
       atoi.c.obj                     76      0         0      
       fd_toi_t2.asm.obj              72      0         0      
       autoinit.c.obj                 68      0         0      
       boot_cortex_m.c.obj            52      0         0      
       i_tofd_t2.asm.obj              46      0         0      
       memccpy.c.obj                  28      0         0      
       s_copysign.c.obj               26      0         0      
       strchr.c.obj                   22      0         0      
       strlen.c.obj                   20      0         0      
       wcslen.c.obj                   18      0         0      
       copy_decompress_none.c.obj     14      0         0      
       copy_zero_init.c.obj           12      0         0      
       errno.c.obj                    8       0         4      
       exit.c.obj                     4       0         0      
       pre_init.c.obj                 4       0         0      
       div0.asm.obj                   2       0         0      
    +--+------------------------------+-------+---------+---------+
       Total:                         7677    257       4      
                                                               
       Stack:                         0       0         4096   
       Linker Generated:              0       57        0      
    +--+------------------------------+-------+---------+---------+
       Grand Total:                   14049   934       17700  


LINKER GENERATED COPY TABLES

__TI_cinit_table @ 00003a90 records: 2, size/record: 8, table size: 16
	.data: load addr=00003a60, load size=00000015 bytes, run addr=200044e8, run size=00000040 bytes, compression=lzss
	.bss: load addr=00003a88, load size=00000008 bytes, run addr=20000000, run size=000034e4 bytes, compression=zero_init


LINKER GENERATED HANDLER TABLE

__TI_handler_table @ 00003a78 records: 3, size/record: 4, table size: 12
	index: 0, handler: __TI_decompress_lzss
	index: 1, handler: __TI_decompress_none
	index: 2, handler: __TI_zero_init


GLOBAL SYMBOLS: SORTED ALPHABETICALLY BY Name 

address   name                          
-------   ----                          
200034cc  ArrayIndex                    
00003955  C$$EXIT                       
200044e8  LED_TIMEOUT_OFF               
200044ea  LED_TIMEOUT_ON                
20004520  RTCALM                        
00003933  ResetISR                      
000008b5  Timer1Isr                     
00000c81  Timer2Isr                     
200044e8  __STACK_END                   
00001000  __STACK_SIZE                  
200036e8  __STACK_TOP                   
00003a90  __TI_CINIT_Base               
00003aa0  __TI_CINIT_Limit              
00003a78  __TI_Handler_Table_Base       
00003a84  __TI_Handler_Table_Limit      
00003745  __TI_auto_init_nobinit_nopinit
000034e9  __TI_decompress_lzss          
00003919  __TI_decompress_none          
0000360b  __TI_ltoa                     
ffffffff  __TI_pprof_out_hndl           
00001429  __TI_printfi                  
ffffffff  __TI_prof_data_size           
ffffffff  __TI_prof_data_start          
00000000  __TI_static_base__            
00003927  __TI_zero_init                
0000326f  __aeabi_cdcmpeq               
0000326f  __aeabi_cdcmple               
000032f5  __aeabi_cdrcmple              
000036fd  __aeabi_d2iz                  
00002623  __aeabi_dadd                  
00002a89  __aeabi_ddiv                  
00002df5  __aeabi_dmul                  
00002619  __aeabi_dsub                  
00003949  __aeabi_errno_addr            
0000383d  __aeabi_i2d                   
00001e77  __aeabi_idiv0                 
00001e77  __aeabi_ldiv0                 
00003401  __aeabi_memclr                
00003401  __aeabi_memclr4               
00003401  __aeabi_memclr8               
0000313d  __aeabi_memcpy                
0000313d  __aeabi_memcpy4               
0000313d  __aeabi_memcpy8               
00003403  __aeabi_memset                
00003403  __aeabi_memset4               
00003403  __aeabi_memset8               
000031d9  __aeabi_uldivmod              
ffffffff  __binit__                     
ffffffff  __c_args__                    
UNDEFED   __mpu_init                    
200034e8  __stack                       
20000000  __start___llvm_prf_cnts       
20000000  __stop___llvm_prf_cnts        
00003809  _c_int00_noargs               
00003958  _ctypes_                      
UNDEFED   _system_post_cinit            
00003951  _system_pre_init              
00003955  abort                         
20004510  add                           
00001fe1  addToSortedList               
000003db  alpha                         
000036b1  atoi                          
ffffffff  binit                         
00001f65  calculateSeconds              
00000da5  clear                         
00000709  compare                       
000038ab  copysign                      
000038ab  copysignl                     
20004514  data                          
20001800  data_table                    
200034d0  day                           
20002004  device_address                
000007c5  displayUart0                  
0000089b  dmxTX                         
20004524  errno                         
00003551  frexp                         
00003551  frexpl                        
00000000  g_pfnVectors                  
00001eb1  getCurrentSeconds             
00000679  getFieldInteger               
00000639  getFieldString                
00001f39  get_date                      
00001ee1  get_time                      
000028dd  getcUart0                     
00000357  getsUart0                     
00000ccd  hibernationIsr                
200034d4  hr                            
0000337d  initEeprom                    
00001e79  initHibernationHW             
0000026d  initHw                        
000002eb  initPWM                       
00003099  initTimer1                    
000030d3  initTimer2                    
000027d1  initUart0                     
00002ef1  initUart1                     
0000074f  isCommand                     
000028f1  kbhitUart0                    
20004504  last_phase                    
20004508  last_rx_phase                 
00002ce5  ldexp                         
00002ce5  ldexpl                        
00000e21  main                          
200044ec  max                           
0000388f  memccpy                       
0000313d  memcpy                        
00003409  memset                        
200034d8  min                           
2000450c  mode                          
200034dc  month                         
2000451c  n                             
0000040d  numeric                       
200044f0  on                            
00000475  parseFields                   
200044fc  phase                         
20004518  poll_data                     
200044f1  poll_req                      
20002804  poll_table                    
00002895  putcUart0                     
000028b1  putsUart0                     
200044f8  rd_idx                        
000033c5  readEeprom                    
00000799  req_poll                      
20004500  rx_phase                      
00002ce5  scalbn                        
00002ce5  scalbnl                       
200034e0  sec                           
000007ad  setAdd                        
000007a1  setMode                       
00001fc1  setRTC                        
00000343  setRgbColor                   
00002869  setUart0BaudRate              
00002f83  setUart1BaudRate              
00001f21  set_date                      
00001ec1  set_time                      
00002055  sortArray                     
20000000  sortedArray                   
00003789  sprintf                       
20003404  str                           
000038dd  strchr                        
000038f3  strlen                        
20003468  timestr                       
20003004  txbuffer                      
00000841  uart0RxIsr                    
00000995  uart1Isr                      
0000386b  waitMicrosecond               
00003907  wcslen                        
200044f4  wr_idx                        
00003393  writeEeprom                   


GLOBAL SYMBOLS: SORTED BY Symbol Address 

address   name                          
-------   ----                          
00000000  __TI_static_base__            
00000000  g_pfnVectors                  
0000026d  initHw                        
000002eb  initPWM                       
00000343  setRgbColor                   
00000357  getsUart0                     
000003db  alpha                         
0000040d  numeric                       
00000475  parseFields                   
00000639  getFieldString                
00000679  getFieldInteger               
00000709  compare                       
0000074f  isCommand                     
00000799  req_poll                      
000007a1  setMode                       
000007ad  setAdd                        
000007c5  displayUart0                  
00000841  uart0RxIsr                    
0000089b  dmxTX                         
000008b5  Timer1Isr                     
00000995  uart1Isr                      
00000c81  Timer2Isr                     
00000ccd  hibernationIsr                
00000da5  clear                         
00000e21  main                          
00001000  __STACK_SIZE                  
00001429  __TI_printfi                  
00001e77  __aeabi_idiv0                 
00001e77  __aeabi_ldiv0                 
00001e79  initHibernationHW             
00001eb1  getCurrentSeconds             
00001ec1  set_time                      
00001ee1  get_time                      
00001f21  set_date                      
00001f39  get_date                      
00001f65  calculateSeconds              
00001fc1  setRTC                        
00001fe1  addToSortedList               
00002055  sortArray                     
00002619  __aeabi_dsub                  
00002623  __aeabi_dadd                  
000027d1  initUart0                     
00002869  setUart0BaudRate              
00002895  putcUart0                     
000028b1  putsUart0                     
000028dd  getcUart0                     
000028f1  kbhitUart0                    
00002a89  __aeabi_ddiv                  
00002ce5  ldexp                         
00002ce5  ldexpl                        
00002ce5  scalbn                        
00002ce5  scalbnl                       
00002df5  __aeabi_dmul                  
00002ef1  initUart1                     
00002f83  setUart1BaudRate              
00003099  initTimer1                    
000030d3  initTimer2                    
0000313d  __aeabi_memcpy                
0000313d  __aeabi_memcpy4               
0000313d  __aeabi_memcpy8               
0000313d  memcpy                        
000031d9  __aeabi_uldivmod              
0000326f  __aeabi_cdcmpeq               
0000326f  __aeabi_cdcmple               
000032f5  __aeabi_cdrcmple              
0000337d  initEeprom                    
00003393  writeEeprom                   
000033c5  readEeprom                    
00003401  __aeabi_memclr                
00003401  __aeabi_memclr4               
00003401  __aeabi_memclr8               
00003403  __aeabi_memset                
00003403  __aeabi_memset4               
00003403  __aeabi_memset8               
00003409  memset                        
000034e9  __TI_decompress_lzss          
00003551  frexp                         
00003551  frexpl                        
0000360b  __TI_ltoa                     
000036b1  atoi                          
000036fd  __aeabi_d2iz                  
00003745  __TI_auto_init_nobinit_nopinit
00003789  sprintf                       
00003809  _c_int00_noargs               
0000383d  __aeabi_i2d                   
0000386b  waitMicrosecond               
0000388f  memccpy                       
000038ab  copysign                      
000038ab  copysignl                     
000038dd  strchr                        
000038f3  strlen                        
00003907  wcslen                        
00003919  __TI_decompress_none          
00003927  __TI_zero_init                
00003933  ResetISR                      
00003949  __aeabi_errno_addr            
00003951  _system_pre_init              
00003955  C$$EXIT                       
00003955  abort                         
00003958  _ctypes_                      
00003a78  __TI_Handler_Table_Base       
00003a84  __TI_Handler_Table_Limit      
00003a90  __TI_CINIT_Base               
00003aa0  __TI_CINIT_Limit              
20000000  __start___llvm_prf_cnts       
20000000  __stop___llvm_prf_cnts        
20000000  sortedArray                   
20001800  data_table                    
20002004  device_address                
20002804  poll_table                    
20003004  txbuffer                      
20003404  str                           
20003468  timestr                       
200034cc  ArrayIndex                    
200034d0  day                           
200034d4  hr                            
200034d8  min                           
200034dc  month                         
200034e0  sec                           
200034e8  __stack                       
200036e8  __STACK_TOP                   
200044e8  LED_TIMEOUT_OFF               
200044e8  __STACK_END                   
200044ea  LED_TIMEOUT_ON                
200044ec  max                           
200044f0  on                            
200044f1  poll_req                      
200044f4  wr_idx                        
200044f8  rd_idx                        
200044fc  phase                         
20004500  rx_phase                      
20004504  last_phase                    
20004508  last_rx_phase                 
2000450c  mode                          
20004510  add                           
20004514  data                          
20004518  poll_data                     
2000451c  n                             
20004520  RTCALM                        
20004524  errno                         
ffffffff  __TI_pprof_out_hndl           
ffffffff  __TI_prof_data_size           
ffffffff  __TI_prof_data_start          
ffffffff  __binit__                     
ffffffff  __c_args__                    
ffffffff  binit                         
UNDEFED   __mpu_init                    
UNDEFED   _system_post_cinit            

[148 symbols]
