******************************************************************************
                  TI ARM Linker Unix v18.12.5                  
******************************************************************************
>> Linked Thu Oct 29 15:20:14 2020

OUTPUT FILE NAME:   <DMX-512-A-protcol.out>
ENTRY POINT SYMBOL: "_c_int00_noargs"  address: 00002e89


MEMORY CONFIGURATION

         name            origin    length      used     unused   attr    fill
----------------------  --------  ---------  --------  --------  ----  --------
  FLASH                 00000000   00040000  00003109  0003cef7  R  X
  SRAM                  20000000   00008000  00001ce8  00006318  RW X


SEGMENT ALLOCATION MAP

run origin  load origin   length   init length attrs members
----------  ----------- ---------- ----------- ----- -------
00000000    00000000    00003110   00003110    r-x
  00000000    00000000    0000026c   0000026c    r-- .intvecs
  0000026c    0000026c    00002d6c   00002d6c    r-x .text
  00002fd8    00002fd8    00000101   00000101    r-- .const
  000030e0    000030e0    00000030   00000030    r-- .cinit
20000000    20000000    00001ceb   00000000    rw-
  20000000    20000000    00001000   00000000    rw- .stack
  20001000    20001000    00000ce1   00000000    rw- .bss
  20001ce4    20001ce4    00000007   00000000    rw- .data


SECTION ALLOCATION MAP

 output                                  attributes/
section   page    origin      length       input sections
--------  ----  ----------  ----------   ----------------
.intvecs   0    00000000    0000026c     
                  00000000    0000026c     tm4c123gh6pm_startup_ccs.obj (.intvecs)

.text      0    0000026c    00002d6c     
                  0000026c    00000a4e     rtsv7M4_T_le_v4SPD16_eabi.lib : _printfi.c.obj (.text:__TI_printfi)
                  00000cba    00000002                                   : div0.asm.obj (.text)
                  00000cbc    0000099c     main.obj (.text)
                  00001658    00000270     rtsv7M4_T_le_v4SPD16_eabi.lib : _printfi.c.obj (.text:_pconv_a)
                  000018c8    000001d0                                   : _printfi.c.obj (.text:_pconv_g)
                  00001a98    000001b6                                   : fd_add_t2.asm.obj (.text)
                  00001c4e    00000002     --HOLE-- [fill = 0]
                  00001c50    00000188     uart0.obj (.text)
                  00001dd8    00000178     uart1.obj (.text)
                  00001f50    00000160     hibernation.obj (.text)
                  000020b0    0000013c     rtsv7M4_T_le_v4SPD16_eabi.lib : _printfi.c.obj (.text:_pconv_e)
                  000021ec    00000136                                   : fd_div_t2.asm.obj (.text)
                  00002322    00000002     --HOLE-- [fill = 0]
                  00002324    00000124                                   : _printfi.c.obj (.text:fcvt)
                  00002448    00000110                                   : s_scalbn.c.obj (.text:scalbn)
                  00002558    000000fc                                   : fd_mul_t2.asm.obj (.text)
                  00002654    000000b1                                   : _printfi.c.obj (.text:_ltostr)
                  00002705    00000001     --HOLE-- [fill = 0]
                  00002706    0000009c                                   : memcpy_t2.asm.obj (.text)
                  000027a2    00000096                                   : ull_div_t2.asm.obj (.text)
                  00002838    00000086                                   : fd_cmp_t2.asm.obj (.text:__aeabi_cdcmple)
                  000028be    00000086                                   : fd_cmp_t2.asm.obj (.text:__aeabi_cdrcmple)
                  00002944    00000084     eeprom.obj (.text)
                  000029c8    0000007a     rtsv7M4_T_le_v4SPD16_eabi.lib : memset_t2.asm.obj (.text)
                  00002a42    00000002     --HOLE-- [fill = 0]
                  00002a44    00000074     timer.obj (.text)
                  00002ab8    0000006e     rtsv7M4_T_le_v4SPD16_eabi.lib : _printfi.c.obj (.text:_mcpy)
                  00002b26    00000068                                   : copy_decompress_lzss.c.obj (.text:decompress:lzss:__TI_decompress_lzss)
                  00002b8e    00000002     --HOLE-- [fill = 0]
                  00002b90    00000064                                   : s_frexp.c.obj (.text:frexp)
                  00002bf4    00000056                                   : _printfi.c.obj (.text:_pconv_f)
                  00002c4a    00000054                                   : ltoa.c.obj (.text:ltoa)
                  00002c9e    00000052                                   : _printfi.c.obj (.text:_ecpy)
                  00002cf0    0000004c                                   : atoi.c.obj (.text:atoi)
                  00002d3c    00000048                                   : fd_toi_t2.asm.obj (.text)
                  00002d84    00000044                                   : autoinit.c.obj (.text:__TI_auto_init_nobinit_nopinit:__TI_auto_init_nobinit_nopinit)
                  00002dc8    00000040                                   : u_divt2.asm.obj (.text)
                  00002e08    00000040                                   : sprintf.c.obj (.text:sprintf)
                  00002e48    0000003e                                   : _printfi.c.obj (.text:_fcpy)
                  00002e86    00000002     --HOLE-- [fill = 0]
                  00002e88    00000034                                   : boot_cortex_m.c.obj (.text:_c_int00_noargs:_c_int00_noargs)
                  00002ebc    0000002e                                   : i_tofd_t2.asm.obj (.text)
                  00002eea    00000024     wait.obj (.text)
                  00002f0e    0000001c     rtsv7M4_T_le_v4SPD16_eabi.lib : memccpy.c.obj (.text:memccpy)
                  00002f2a    0000001a                                   : s_copysign.c.obj (.text:copysign)
                  00002f44    00000018                                   : sprintf.c.obj (.text:_outs)
                  00002f5c    00000016                                   : strchr.c.obj (.text:strchr)
                  00002f72    00000014                                   : strlen.c.obj (.text:strlen)
                  00002f86    00000012                                   : wcslen.c.obj (.text:wcslen)
                  00002f98    0000000e                                   : copy_decompress_none.c.obj (.text:decompress:none:__TI_decompress_none)
                  00002fa6    0000000c                                   : copy_zero_init.c.obj (.text:decompress:ZI:__TI_zero_init)
                  00002fb2    0000000c     tm4c123gh6pm_startup_ccs.obj (.text)
                  00002fbe    0000000a     rtsv7M4_T_le_v4SPD16_eabi.lib : sprintf.c.obj (.text:_outc)
                  00002fc8    00000008                                   : errno.c.obj (.text:__aeabi_errno_addr)
                  00002fd0    00000004                                   : pre_init.c.obj (.text:_system_pre_init)
                  00002fd4    00000004                                   : exit.c.obj (.text:abort:abort)

.const     0    00002fd8    00000101     
                  00002fd8    00000101     rtsv7M4_T_le_v4SPD16_eabi.lib : ctype.c.obj (.const:.string:_ctypes_)

.cinit     0    000030e0    00000030     
                  000030e0    0000000c     (__TI_handler_table)
                  000030ec    00000004     --HOLE-- [fill = 0]
                  000030f0    00000008     (.cinit..bss.load) [load image, compression = zero_init]
                  000030f8    00000007     (.cinit..data.load) [load image, compression = lzss]
                  000030ff    00000001     --HOLE-- [fill = 0]
                  00003100    00000010     (__TI_cinit_table)

.init_array 
*          0    00000000    00000000     UNINITIALIZED

.bss       0    20001000    00000ce1     UNINITIALIZED
                  20001000    00000800     (.common:data_table)
                  20001800    00000400     (.common:txbuffer)
                  20001c00    00000064     (.common:str)
                  20001c64    00000064     (.common:timestr)
                  20001cc8    00000004     (.common:day)
                  20001ccc    00000004     (.common:hr)
                  20001cd0    00000004     (.common:max)
                  20001cd4    00000004     (.common:min)
                  20001cd8    00000004     (.common:month)
                  20001cdc    00000004     (.common:sec)
                  20001ce0    00000001     (.common:on)

.data      0    20001ce4    00000007     UNINITIALIZED
                  20001ce4    00000004     rtsv7M4_T_le_v4SPD16_eabi.lib : errno.c.obj (.data)
                  20001ce8    00000003     main.obj (.data)

.stack     0    20000000    00001000     UNINITIALIZED
                  20000000    00000004     rtsv7M4_T_le_v4SPD16_eabi.lib : boot_cortex_m.c.obj (.stack)
                  20000004    00000ffc     --HOLE--

MODULE SUMMARY

       Module                         code    ro data   rw data
       ------                         ----    -------   -------
    ./
       main.obj                       2460    0         3180   
       tm4c123gh6pm_startup_ccs.obj   12      620       0      
       hibernation.obj                352     0         120    
       uart0.obj                      392     0         0      
       uart1.obj                      376     0         0      
       eeprom.obj                     132     0         0      
       timer.obj                      116     0         0      
       wait.obj                       36      0         0      
    +--+------------------------------+-------+---------+---------+
       Total:                         3876    620       3300   
                                                               
    /Applications/ti/ccs930/ccs/tools/compiler/ti-cgt-arm_18.12.5.LTS/lib/rtsv7M4_T_le_v4SPD16_eabi.lib
       _printfi.c.obj                 4851    0         0      
       fd_add_t2.asm.obj              438     0         0      
       fd_div_t2.asm.obj              310     0         0      
       s_scalbn.c.obj                 272     0         0      
       fd_cmp_t2.asm.obj              268     0         0      
       ctype.c.obj                    0       257       0      
       fd_mul_t2.asm.obj              252     0         0      
       memcpy_t2.asm.obj              156     0         0      
       ull_div_t2.asm.obj             150     0         0      
       memset_t2.asm.obj              122     0         0      
       copy_decompress_lzss.c.obj     104     0         0      
       s_frexp.c.obj                  100     0         0      
       sprintf.c.obj                  98      0         0      
       ltoa.c.obj                     84      0         0      
       atoi.c.obj                     76      0         0      
       fd_toi_t2.asm.obj              72      0         0      
       autoinit.c.obj                 68      0         0      
       u_divt2.asm.obj                64      0         0      
       boot_cortex_m.c.obj            52      0         0      
       i_tofd_t2.asm.obj              46      0         0      
       memccpy.c.obj                  28      0         0      
       s_copysign.c.obj               26      0         0      
       strchr.c.obj                   22      0         0      
       strlen.c.obj                   20      0         0      
       wcslen.c.obj                   18      0         0      
       copy_decompress_none.c.obj     14      0         0      
       copy_zero_init.c.obj           12      0         0      
       errno.c.obj                    8       0         4      
       exit.c.obj                     4       0         0      
       pre_init.c.obj                 4       0         0      
       div0.asm.obj                   2       0         0      
    +--+------------------------------+-------+---------+---------+
       Total:                         7741    257       4      
                                                               
       Stack:                         0       0         4096   
       Linker Generated:              0       43        0      
    +--+------------------------------+-------+---------+---------+
       Grand Total:                   11617   920       7400   


LINKER GENERATED COPY TABLES

__TI_cinit_table @ 00003100 records: 2, size/record: 8, table size: 16
	.bss: load addr=000030f0, load size=00000008 bytes, run addr=20001000, run size=00000ce1 bytes, compression=zero_init
	.data: load addr=000030f8, load size=00000007 bytes, run addr=20001ce4, run size=00000007 bytes, compression=lzss


LINKER GENERATED HANDLER TABLE

__TI_handler_table @ 000030e0 records: 3, size/record: 4, table size: 12
	index: 0, handler: __TI_decompress_lzss
	index: 1, handler: __TI_decompress_none
	index: 2, handler: __TI_zero_init


GLOBAL SYMBOLS: SORTED ALPHABETICALLY BY Name 

address   name                          
-------   ----                          
00002fd5  C$$EXIT                       
00002fb3  ResetISR                      
000011d5  Timer1Isr                     
20001000  __STACK_END                   
00001000  __STACK_SIZE                  
20000200  __STACK_TOP                   
00003100  __TI_CINIT_Base               
00003110  __TI_CINIT_Limit              
000030e0  __TI_Handler_Table_Base       
000030ec  __TI_Handler_Table_Limit      
00002d85  __TI_auto_init_nobinit_nopinit
00002b27  __TI_decompress_lzss          
00002f99  __TI_decompress_none          
ffffffff  __TI_pprof_out_hndl           
0000026d  __TI_printfi                  
ffffffff  __TI_prof_data_size           
ffffffff  __TI_prof_data_start          
00000000  __TI_static_base__            
00002fa7  __TI_zero_init                
00002839  __aeabi_cdcmpeq               
00002839  __aeabi_cdcmple               
000028bf  __aeabi_cdrcmple              
00002d3d  __aeabi_d2iz                  
00001aa3  __aeabi_dadd                  
000021ed  __aeabi_ddiv                  
00002559  __aeabi_dmul                  
00001a99  __aeabi_dsub                  
00002fc9  __aeabi_errno_addr            
00002ebd  __aeabi_i2d                   
00000cbb  __aeabi_idiv0                 
00000cbb  __aeabi_ldiv0                 
000029c9  __aeabi_memclr                
000029c9  __aeabi_memclr4               
000029c9  __aeabi_memclr8               
00002707  __aeabi_memcpy                
00002707  __aeabi_memcpy4               
00002707  __aeabi_memcpy8               
000029cb  __aeabi_memset                
000029cb  __aeabi_memset4               
000029cb  __aeabi_memset8               
00002dc9  __aeabi_uidiv                 
00002dc9  __aeabi_uidivmod              
000027a3  __aeabi_uldivmod              
ffffffff  __binit__                     
ffffffff  __c_args__                    
UNDEFED   __mpu_init                    
20000000  __stack                       
00002e89  _c_int00_noargs               
00002fd8  _ctypes_                      
UNDEFED   _system_post_cinit            
00002fd1  _system_pre_init              
00002fd5  abort                         
00000d79  alpha                         
00002cf1  atoi                          
ffffffff  binit                         
0000106d  compare                       
00002f2b  copysign                      
00002f2b  copysignl                     
20001000  data_table                    
20001cc8  day                           
0000111d  displayUart0                  
20001ce4  errno                         
00002b91  frexp                         
00002b91  frexpl                        
00000000  g_pfnVectors                  
00001f89  getCurrentSeconds             
00000fdd  getFieldInteger               
00000f81  getFieldString                
00002013  get_date                      
00001fbb  get_time                      
00001d63  getcUart0                     
00001edd  getcUart1                     
00000cf5  getsUart0                     
20001ccc  hr                            
00002945  initEeprom                    
00001f51  initHibernationHW             
00000cbd  initHw                        
00002a45  initTimer1                    
00001c51  initUart0                     
00001dd9  initUart1                     
000010b3  isCommand                     
00001d77  kbhitUart0                    
00001ef1  kbhitUart1                    
00002449  ldexp                         
00002449  ldexpl                        
00002c4b  ltoa                          
00001295  main                          
20001cd0  max                           
00002f0f  memccpy                       
00002707  memcpy                        
000029d1  memset                        
20001cd4  min                           
20001cd8  month                         
00000dab  numeric                       
20001ce0  on                            
00000de5  parseFields                   
20001ce8  poll_req                      
00001d1b  putcUart0                     
00001e95  putcUart1                     
00001d37  putsUart0                     
00001eb1  putsUart1                     
20001cea  rd_idx                        
0000298d  readEeprom                    
000010f1  req_poll                      
00002449  scalbn                        
00002449  scalbnl                       
20001cdc  sec                           
00001105  setAdd                        
000010f9  setMode                       
00001cef  setUart0BaudRate              
00001e69  setUart1BaudRate              
00001ffb  set_date                      
00001f9b  set_time                      
00002e09  sprintf                       
20001c00  str                           
00002f5d  strchr                        
00002f73  strlen                        
20001c64  timestr                       
20001800  txbuffer                      
00001195  uart0RxIsr                    
00001219  uart1Isr                      
00002eeb  waitMicrosecond               
00002f87  wcslen                        
20001ce9  wr_idx                        
0000295b  writeEeprom                   


GLOBAL SYMBOLS: SORTED BY Symbol Address 

address   name                          
-------   ----                          
00000000  __TI_static_base__            
00000000  g_pfnVectors                  
0000026d  __TI_printfi                  
00000cbb  __aeabi_idiv0                 
00000cbb  __aeabi_ldiv0                 
00000cbd  initHw                        
00000cf5  getsUart0                     
00000d79  alpha                         
00000dab  numeric                       
00000de5  parseFields                   
00000f81  getFieldString                
00000fdd  getFieldInteger               
00001000  __STACK_SIZE                  
0000106d  compare                       
000010b3  isCommand                     
000010f1  req_poll                      
000010f9  setMode                       
00001105  setAdd                        
0000111d  displayUart0                  
00001195  uart0RxIsr                    
000011d5  Timer1Isr                     
00001219  uart1Isr                      
00001295  main                          
00001a99  __aeabi_dsub                  
00001aa3  __aeabi_dadd                  
00001c51  initUart0                     
00001cef  setUart0BaudRate              
00001d1b  putcUart0                     
00001d37  putsUart0                     
00001d63  getcUart0                     
00001d77  kbhitUart0                    
00001dd9  initUart1                     
00001e69  setUart1BaudRate              
00001e95  putcUart1                     
00001eb1  putsUart1                     
00001edd  getcUart1                     
00001ef1  kbhitUart1                    
00001f51  initHibernationHW             
00001f89  getCurrentSeconds             
00001f9b  set_time                      
00001fbb  get_time                      
00001ffb  set_date                      
00002013  get_date                      
000021ed  __aeabi_ddiv                  
00002449  ldexp                         
00002449  ldexpl                        
00002449  scalbn                        
00002449  scalbnl                       
00002559  __aeabi_dmul                  
00002707  __aeabi_memcpy                
00002707  __aeabi_memcpy4               
00002707  __aeabi_memcpy8               
00002707  memcpy                        
000027a3  __aeabi_uldivmod              
00002839  __aeabi_cdcmpeq               
00002839  __aeabi_cdcmple               
000028bf  __aeabi_cdrcmple              
00002945  initEeprom                    
0000295b  writeEeprom                   
0000298d  readEeprom                    
000029c9  __aeabi_memclr                
000029c9  __aeabi_memclr4               
000029c9  __aeabi_memclr8               
000029cb  __aeabi_memset                
000029cb  __aeabi_memset4               
000029cb  __aeabi_memset8               
000029d1  memset                        
00002a45  initTimer1                    
00002b27  __TI_decompress_lzss          
00002b91  frexp                         
00002b91  frexpl                        
00002c4b  ltoa                          
00002cf1  atoi                          
00002d3d  __aeabi_d2iz                  
00002d85  __TI_auto_init_nobinit_nopinit
00002dc9  __aeabi_uidiv                 
00002dc9  __aeabi_uidivmod              
00002e09  sprintf                       
00002e89  _c_int00_noargs               
00002ebd  __aeabi_i2d                   
00002eeb  waitMicrosecond               
00002f0f  memccpy                       
00002f2b  copysign                      
00002f2b  copysignl                     
00002f5d  strchr                        
00002f73  strlen                        
00002f87  wcslen                        
00002f99  __TI_decompress_none          
00002fa7  __TI_zero_init                
00002fb3  ResetISR                      
00002fc9  __aeabi_errno_addr            
00002fd1  _system_pre_init              
00002fd5  C$$EXIT                       
00002fd5  abort                         
00002fd8  _ctypes_                      
000030e0  __TI_Handler_Table_Base       
000030ec  __TI_Handler_Table_Limit      
00003100  __TI_CINIT_Base               
00003110  __TI_CINIT_Limit              
20000000  __stack                       
20000200  __STACK_TOP                   
20001000  __STACK_END                   
20001000  data_table                    
20001800  txbuffer                      
20001c00  str                           
20001c64  timestr                       
20001cc8  day                           
20001ccc  hr                            
20001cd0  max                           
20001cd4  min                           
20001cd8  month                         
20001cdc  sec                           
20001ce0  on                            
20001ce4  errno                         
20001ce8  poll_req                      
20001ce9  wr_idx                        
20001cea  rd_idx                        
ffffffff  __TI_pprof_out_hndl           
ffffffff  __TI_prof_data_size           
ffffffff  __TI_prof_data_start          
ffffffff  __binit__                     
ffffffff  __c_args__                    
ffffffff  binit                         
UNDEFED   __mpu_init                    
UNDEFED   _system_post_cinit            

[125 symbols]
