<?xml version="1.0" encoding="ISO-8859-1" ?>
<link_info>
   <banner>TI ARM Linker Unix v18.12.5.LTS</banner>
   <copyright>Copyright (c) 1996-2018 Texas Instruments Incorporated</copyright>
   <link_time>0x5fa4db68</link_time>
   <link_errors>0x0</link_errors>
   <output_file>DMX-512-A-protcol.out</output_file>
   <entry_point>
      <name>_c_int00_noargs</name>
      <address>0x30f1</address>
   </entry_point>
   <input_file_list>
      <input_file id="fl-1">
         <path>./</path>
         <kind>object</kind>
         <file>eeprom.obj</file>
         <name>eeprom.obj</name>
      </input_file>
      <input_file id="fl-2">
         <path>./</path>
         <kind>object</kind>
         <file>hibernation.obj</file>
         <name>hibernation.obj</name>
      </input_file>
      <input_file id="fl-3">
         <path>./</path>
         <kind>object</kind>
         <file>main.obj</file>
         <name>main.obj</name>
      </input_file>
      <input_file id="fl-4">
         <path>./</path>
         <kind>object</kind>
         <file>timer.obj</file>
         <name>timer.obj</name>
      </input_file>
      <input_file id="fl-5">
         <path>./</path>
         <kind>object</kind>
         <file>tm4c123gh6pm_startup_ccs.obj</file>
         <name>tm4c123gh6pm_startup_ccs.obj</name>
      </input_file>
      <input_file id="fl-6">
         <path>./</path>
         <kind>object</kind>
         <file>uart0.obj</file>
         <name>uart0.obj</name>
      </input_file>
      <input_file id="fl-7">
         <path>./</path>
         <kind>object</kind>
         <file>uart1.obj</file>
         <name>uart1.obj</name>
      </input_file>
      <input_file id="fl-8">
         <path>./</path>
         <kind>object</kind>
         <file>wait.obj</file>
         <name>wait.obj</name>
      </input_file>
      <input_file id="fl-c">
         <kind>object</kind>
         <file>&lt;internal&gt;</file>
         <name>&lt;internal&gt;</name>
      </input_file>
      <input_file id="fl-c2">
         <path>/Applications/ti/ccs930/ccs/tools/compiler/ti-cgt-arm_18.12.5.LTS/lib/</path>
         <kind>archive</kind>
         <file>rtsv7M4_T_le_v4SPD16_eabi.lib</file>
         <name>sprintf.c.obj</name>
      </input_file>
      <input_file id="fl-c3">
         <path>/Applications/ti/ccs930/ccs/tools/compiler/ti-cgt-arm_18.12.5.LTS/lib/</path>
         <kind>archive</kind>
         <file>rtsv7M4_T_le_v4SPD16_eabi.lib</file>
         <name>u_divt2.asm.obj</name>
      </input_file>
      <input_file id="fl-c4">
         <path>/Applications/ti/ccs930/ccs/tools/compiler/ti-cgt-arm_18.12.5.LTS/lib/</path>
         <kind>archive</kind>
         <file>rtsv7M4_T_le_v4SPD16_eabi.lib</file>
         <name>memcpy_t2.asm.obj</name>
      </input_file>
      <input_file id="fl-c5">
         <path>/Applications/ti/ccs930/ccs/tools/compiler/ti-cgt-arm_18.12.5.LTS/lib/</path>
         <kind>archive</kind>
         <file>rtsv7M4_T_le_v4SPD16_eabi.lib</file>
         <name>memset_t2.asm.obj</name>
      </input_file>
      <input_file id="fl-c6">
         <path>/Applications/ti/ccs930/ccs/tools/compiler/ti-cgt-arm_18.12.5.LTS/lib/</path>
         <kind>archive</kind>
         <file>rtsv7M4_T_le_v4SPD16_eabi.lib</file>
         <name>copy_zero_init.c.obj</name>
      </input_file>
      <input_file id="fl-c7">
         <path>/Applications/ti/ccs930/ccs/tools/compiler/ti-cgt-arm_18.12.5.LTS/lib/</path>
         <kind>archive</kind>
         <file>rtsv7M4_T_le_v4SPD16_eabi.lib</file>
         <name>copy_decompress_none.c.obj</name>
      </input_file>
      <input_file id="fl-c8">
         <path>/Applications/ti/ccs930/ccs/tools/compiler/ti-cgt-arm_18.12.5.LTS/lib/</path>
         <kind>archive</kind>
         <file>rtsv7M4_T_le_v4SPD16_eabi.lib</file>
         <name>copy_decompress_lzss.c.obj</name>
      </input_file>
      <input_file id="fl-c9">
         <path>/Applications/ti/ccs930/ccs/tools/compiler/ti-cgt-arm_18.12.5.LTS/lib/</path>
         <kind>archive</kind>
         <file>rtsv7M4_T_le_v4SPD16_eabi.lib</file>
         <name>atoi.c.obj</name>
      </input_file>
      <input_file id="fl-ca">
         <path>/Applications/ti/ccs930/ccs/tools/compiler/ti-cgt-arm_18.12.5.LTS/lib/</path>
         <kind>archive</kind>
         <file>rtsv7M4_T_le_v4SPD16_eabi.lib</file>
         <name>ctype.c.obj</name>
      </input_file>
      <input_file id="fl-cb">
         <path>/Applications/ti/ccs930/ccs/tools/compiler/ti-cgt-arm_18.12.5.LTS/lib/</path>
         <kind>archive</kind>
         <file>rtsv7M4_T_le_v4SPD16_eabi.lib</file>
         <name>boot_cortex_m.c.obj</name>
      </input_file>
      <input_file id="fl-cc">
         <path>/Applications/ti/ccs930/ccs/tools/compiler/ti-cgt-arm_18.12.5.LTS/lib/</path>
         <kind>archive</kind>
         <file>rtsv7M4_T_le_v4SPD16_eabi.lib</file>
         <name>_printfi.c.obj</name>
      </input_file>
      <input_file id="fl-cd">
         <path>/Applications/ti/ccs930/ccs/tools/compiler/ti-cgt-arm_18.12.5.LTS/lib/</path>
         <kind>archive</kind>
         <file>rtsv7M4_T_le_v4SPD16_eabi.lib</file>
         <name>wcslen.c.obj</name>
      </input_file>
      <input_file id="fl-ce">
         <path>/Applications/ti/ccs930/ccs/tools/compiler/ti-cgt-arm_18.12.5.LTS/lib/</path>
         <kind>archive</kind>
         <file>rtsv7M4_T_le_v4SPD16_eabi.lib</file>
         <name>div0.asm.obj</name>
      </input_file>
      <input_file id="fl-cf">
         <path>/Applications/ti/ccs930/ccs/tools/compiler/ti-cgt-arm_18.12.5.LTS/lib/</path>
         <kind>archive</kind>
         <file>rtsv7M4_T_le_v4SPD16_eabi.lib</file>
         <name>fd_add_t2.asm.obj</name>
      </input_file>
      <input_file id="fl-d0">
         <path>/Applications/ti/ccs930/ccs/tools/compiler/ti-cgt-arm_18.12.5.LTS/lib/</path>
         <kind>archive</kind>
         <file>rtsv7M4_T_le_v4SPD16_eabi.lib</file>
         <name>fd_cmp_t2.asm.obj</name>
      </input_file>
      <input_file id="fl-d1">
         <path>/Applications/ti/ccs930/ccs/tools/compiler/ti-cgt-arm_18.12.5.LTS/lib/</path>
         <kind>archive</kind>
         <file>rtsv7M4_T_le_v4SPD16_eabi.lib</file>
         <name>fd_div_t2.asm.obj</name>
      </input_file>
      <input_file id="fl-d2">
         <path>/Applications/ti/ccs930/ccs/tools/compiler/ti-cgt-arm_18.12.5.LTS/lib/</path>
         <kind>archive</kind>
         <file>rtsv7M4_T_le_v4SPD16_eabi.lib</file>
         <name>fd_mul_t2.asm.obj</name>
      </input_file>
      <input_file id="fl-d3">
         <path>/Applications/ti/ccs930/ccs/tools/compiler/ti-cgt-arm_18.12.5.LTS/lib/</path>
         <kind>archive</kind>
         <file>rtsv7M4_T_le_v4SPD16_eabi.lib</file>
         <name>fd_toi_t2.asm.obj</name>
      </input_file>
      <input_file id="fl-d4">
         <path>/Applications/ti/ccs930/ccs/tools/compiler/ti-cgt-arm_18.12.5.LTS/lib/</path>
         <kind>archive</kind>
         <file>rtsv7M4_T_le_v4SPD16_eabi.lib</file>
         <name>i_tofd_t2.asm.obj</name>
      </input_file>
      <input_file id="fl-d5">
         <path>/Applications/ti/ccs930/ccs/tools/compiler/ti-cgt-arm_18.12.5.LTS/lib/</path>
         <kind>archive</kind>
         <file>rtsv7M4_T_le_v4SPD16_eabi.lib</file>
         <name>ull_div_t2.asm.obj</name>
      </input_file>
      <input_file id="fl-d6">
         <path>/Applications/ti/ccs930/ccs/tools/compiler/ti-cgt-arm_18.12.5.LTS/lib/</path>
         <kind>archive</kind>
         <file>rtsv7M4_T_le_v4SPD16_eabi.lib</file>
         <name>autoinit.c.obj</name>
      </input_file>
      <input_file id="fl-d7">
         <path>/Applications/ti/ccs930/ccs/tools/compiler/ti-cgt-arm_18.12.5.LTS/lib/</path>
         <kind>archive</kind>
         <file>rtsv7M4_T_le_v4SPD16_eabi.lib</file>
         <name>pre_init.c.obj</name>
      </input_file>
      <input_file id="fl-d8">
         <path>/Applications/ti/ccs930/ccs/tools/compiler/ti-cgt-arm_18.12.5.LTS/lib/</path>
         <kind>archive</kind>
         <file>rtsv7M4_T_le_v4SPD16_eabi.lib</file>
         <name>cpy_tbl.c.obj</name>
      </input_file>
      <input_file id="fl-d9">
         <path>/Applications/ti/ccs930/ccs/tools/compiler/ti-cgt-arm_18.12.5.LTS/lib/</path>
         <kind>archive</kind>
         <file>rtsv7M4_T_le_v4SPD16_eabi.lib</file>
         <name>exit.c.obj</name>
      </input_file>
      <input_file id="fl-da">
         <path>/Applications/ti/ccs930/ccs/tools/compiler/ti-cgt-arm_18.12.5.LTS/lib/</path>
         <kind>archive</kind>
         <file>rtsv7M4_T_le_v4SPD16_eabi.lib</file>
         <name>_lock.c.obj</name>
      </input_file>
      <input_file id="fl-db">
         <path>/Applications/ti/ccs930/ccs/tools/compiler/ti-cgt-arm_18.12.5.LTS/lib/</path>
         <kind>archive</kind>
         <file>rtsv7M4_T_le_v4SPD16_eabi.lib</file>
         <name>args_main.c.obj</name>
      </input_file>
      <input_file id="fl-dc">
         <path>/Applications/ti/ccs930/ccs/tools/compiler/ti-cgt-arm_18.12.5.LTS/lib/</path>
         <kind>archive</kind>
         <file>rtsv7M4_T_le_v4SPD16_eabi.lib</file>
         <name>ltoa.c.obj</name>
      </input_file>
      <input_file id="fl-dd">
         <path>/Applications/ti/ccs930/ccs/tools/compiler/ti-cgt-arm_18.12.5.LTS/lib/</path>
         <kind>archive</kind>
         <file>rtsv7M4_T_le_v4SPD16_eabi.lib</file>
         <name>memccpy.c.obj</name>
      </input_file>
      <input_file id="fl-de">
         <path>/Applications/ti/ccs930/ccs/tools/compiler/ti-cgt-arm_18.12.5.LTS/lib/</path>
         <kind>archive</kind>
         <file>rtsv7M4_T_le_v4SPD16_eabi.lib</file>
         <name>strchr.c.obj</name>
      </input_file>
      <input_file id="fl-df">
         <path>/Applications/ti/ccs930/ccs/tools/compiler/ti-cgt-arm_18.12.5.LTS/lib/</path>
         <kind>archive</kind>
         <file>rtsv7M4_T_le_v4SPD16_eabi.lib</file>
         <name>strlen.c.obj</name>
      </input_file>
      <input_file id="fl-e0">
         <path>/Applications/ti/ccs930/ccs/tools/compiler/ti-cgt-arm_18.12.5.LTS/lib/</path>
         <kind>archive</kind>
         <file>rtsv7M4_T_le_v4SPD16_eabi.lib</file>
         <name>errno.c.obj</name>
      </input_file>
      <input_file id="fl-e1">
         <path>/Applications/ti/ccs930/ccs/tools/compiler/ti-cgt-arm_18.12.5.LTS/lib/</path>
         <kind>archive</kind>
         <file>rtsv7M4_T_le_v4SPD16_eabi.lib</file>
         <name>s_frexp.c.obj</name>
      </input_file>
      <input_file id="fl-e2">
         <path>/Applications/ti/ccs930/ccs/tools/compiler/ti-cgt-arm_18.12.5.LTS/lib/</path>
         <kind>archive</kind>
         <file>rtsv7M4_T_le_v4SPD16_eabi.lib</file>
         <name>s_scalbn.c.obj</name>
      </input_file>
      <input_file id="fl-e3">
         <path>/Applications/ti/ccs930/ccs/tools/compiler/ti-cgt-arm_18.12.5.LTS/lib/</path>
         <kind>archive</kind>
         <file>rtsv7M4_T_le_v4SPD16_eabi.lib</file>
         <name>s_copysign.c.obj</name>
      </input_file>
   </input_file_list>
   <object_component_list>
      <object_component id="oc-f">
         <name>.intvecs</name>
         <load_address>0x0</load_address>
         <run_address>0x0</run_address>
         <size>0x26c</size>
         <input_file_ref idref="fl-5"/>
      </object_component>
      <object_component id="oc-2a">
         <name>.text</name>
         <load_address>0x26c</load_address>
         <run_address>0x26c</run_address>
         <size>0xcb4</size>
         <input_file_ref idref="fl-3"/>
      </object_component>
      <object_component id="oc-109">
         <name>.text:__TI_printfi</name>
         <load_address>0xf20</load_address>
         <run_address>0xf20</run_address>
         <size>0xa4e</size>
         <input_file_ref idref="fl-cc"/>
      </object_component>
      <object_component id="oc-1cb">
         <name>.text</name>
         <load_address>0x196e</load_address>
         <run_address>0x196e</run_address>
         <size>0x2</size>
         <input_file_ref idref="fl-ce"/>
      </object_component>
      <object_component id="oc-1a3">
         <name>.text:_pconv_a</name>
         <load_address>0x1970</load_address>
         <run_address>0x1970</run_address>
         <size>0x270</size>
         <input_file_ref idref="fl-cc"/>
      </object_component>
      <object_component id="oc-191">
         <name>.text:_pconv_g</name>
         <load_address>0x1be0</load_address>
         <run_address>0x1be0</run_address>
         <size>0x1d0</size>
         <input_file_ref idref="fl-cc"/>
      </object_component>
      <object_component id="oc-21d">
         <name>.text</name>
         <load_address>0x1db0</load_address>
         <run_address>0x1db0</run_address>
         <size>0x1b6</size>
         <input_file_ref idref="fl-cf"/>
      </object_component>
      <object_component id="oc-71">
         <name>.text</name>
         <load_address>0x1f68</load_address>
         <run_address>0x1f68</run_address>
         <size>0x17c</size>
         <input_file_ref idref="fl-6"/>
      </object_component>
      <object_component id="oc-a7">
         <name>.text</name>
         <load_address>0x20e4</load_address>
         <run_address>0x20e4</run_address>
         <size>0x160</size>
         <input_file_ref idref="fl-2"/>
      </object_component>
      <object_component id="oc-19d">
         <name>.text:_pconv_e</name>
         <load_address>0x2244</load_address>
         <run_address>0x2244</run_address>
         <size>0x13c</size>
         <input_file_ref idref="fl-cc"/>
      </object_component>
      <object_component id="oc-203">
         <name>.text</name>
         <load_address>0x2380</load_address>
         <run_address>0x2380</run_address>
         <size>0x136</size>
         <input_file_ref idref="fl-d1"/>
      </object_component>
      <object_component id="oc-22f">
         <name>.text:fcvt</name>
         <load_address>0x24b8</load_address>
         <run_address>0x24b8</run_address>
         <size>0x124</size>
         <input_file_ref idref="fl-cc"/>
      </object_component>
      <object_component id="oc-243">
         <name>.text:scalbn</name>
         <load_address>0x25dc</load_address>
         <run_address>0x25dc</run_address>
         <size>0x110</size>
         <input_file_ref idref="fl-e2"/>
      </object_component>
      <object_component id="oc-1fe">
         <name>.text</name>
         <load_address>0x26ec</load_address>
         <run_address>0x26ec</run_address>
         <size>0xfc</size>
         <input_file_ref idref="fl-d2"/>
      </object_component>
      <object_component id="oc-94">
         <name>.text</name>
         <load_address>0x27e8</load_address>
         <run_address>0x27e8</run_address>
         <size>0xf4</size>
         <input_file_ref idref="fl-7"/>
      </object_component>
      <object_component id="oc-186">
         <name>.text:_ltostr</name>
         <load_address>0x28dc</load_address>
         <run_address>0x28dc</run_address>
         <size>0xb1</size>
         <input_file_ref idref="fl-cc"/>
      </object_component>
      <object_component id="oc-3e">
         <name>.text</name>
         <load_address>0x298e</load_address>
         <run_address>0x298e</run_address>
         <size>0x9c</size>
         <input_file_ref idref="fl-c4"/>
      </object_component>
      <object_component id="oc-1f7">
         <name>.text</name>
         <load_address>0x2a2a</load_address>
         <run_address>0x2a2a</run_address>
         <size>0x96</size>
         <input_file_ref idref="fl-d5"/>
      </object_component>
      <object_component id="oc-18c">
         <name>.text:__aeabi_cdcmple</name>
         <load_address>0x2ac0</load_address>
         <run_address>0x2ac0</run_address>
         <size>0x86</size>
         <input_file_ref idref="fl-d0"/>
      </object_component>
      <object_component id="oc-208">
         <name>.text:__aeabi_cdrcmple</name>
         <load_address>0x2b46</load_address>
         <run_address>0x2b46</run_address>
         <size>0x86</size>
         <input_file_ref idref="fl-d0"/>
      </object_component>
      <object_component id="oc-82">
         <name>.text</name>
         <load_address>0x2bcc</load_address>
         <run_address>0x2bcc</run_address>
         <size>0x84</size>
         <input_file_ref idref="fl-1"/>
      </object_component>
      <object_component id="oc-77">
         <name>.text</name>
         <load_address>0x2c50</load_address>
         <run_address>0x2c50</run_address>
         <size>0x7a</size>
         <input_file_ref idref="fl-c5"/>
      </object_component>
      <object_component id="oc-228">
         <name>.text:_mcpy</name>
         <load_address>0x2cca</load_address>
         <run_address>0x2cca</run_address>
         <size>0x6e</size>
         <input_file_ref idref="fl-cc"/>
      </object_component>
      <object_component id="oc-12">
         <name>.text:decompress:lzss:__TI_decompress_lzss</name>
         <load_address>0x2d38</load_address>
         <run_address>0x2d38</run_address>
         <size>0x68</size>
         <input_file_ref idref="fl-c8"/>
      </object_component>
      <object_component id="oc-23d">
         <name>.text:frexp</name>
         <load_address>0x2da0</load_address>
         <run_address>0x2da0</run_address>
         <size>0x64</size>
         <input_file_ref idref="fl-e1"/>
      </object_component>
      <object_component id="oc-197">
         <name>.text:_pconv_f</name>
         <load_address>0x2e04</load_address>
         <run_address>0x2e04</run_address>
         <size>0x56</size>
         <input_file_ref idref="fl-cc"/>
      </object_component>
      <object_component id="oc-212">
         <name>.text:ltoa</name>
         <load_address>0x2e5a</load_address>
         <run_address>0x2e5a</run_address>
         <size>0x54</size>
         <input_file_ref idref="fl-dc"/>
      </object_component>
      <object_component id="oc-88">
         <name>.text</name>
         <load_address>0x2eb0</load_address>
         <run_address>0x2eb0</run_address>
         <size>0x54</size>
         <input_file_ref idref="fl-4"/>
      </object_component>
      <object_component id="oc-222">
         <name>.text:_ecpy</name>
         <load_address>0x2f04</load_address>
         <run_address>0x2f04</run_address>
         <size>0x52</size>
         <input_file_ref idref="fl-cc"/>
      </object_component>
      <object_component id="oc-7c">
         <name>.text:atoi</name>
         <load_address>0x2f58</load_address>
         <run_address>0x2f58</run_address>
         <size>0x4c</size>
         <input_file_ref idref="fl-c9"/>
      </object_component>
      <object_component id="oc-20d">
         <name>.text</name>
         <load_address>0x2fa4</load_address>
         <run_address>0x2fa4</run_address>
         <size>0x48</size>
         <input_file_ref idref="fl-d3"/>
      </object_component>
      <object_component id="oc-147">
         <name>.text:__TI_auto_init_nobinit_nopinit:__TI_auto_init_nobinit_nopinit</name>
         <load_address>0x2fec</load_address>
         <run_address>0x2fec</run_address>
         <size>0x44</size>
         <input_file_ref idref="fl-d6"/>
      </object_component>
      <object_component id="oc-122">
         <name>.text</name>
         <load_address>0x3030</load_address>
         <run_address>0x3030</run_address>
         <size>0x40</size>
         <input_file_ref idref="fl-c3"/>
      </object_component>
      <object_component id="oc-a0">
         <name>.text:sprintf</name>
         <load_address>0x3070</load_address>
         <run_address>0x3070</run_address>
         <size>0x40</size>
         <input_file_ref idref="fl-c2"/>
      </object_component>
      <object_component id="oc-235">
         <name>.text:_fcpy</name>
         <load_address>0x30b0</load_address>
         <run_address>0x30b0</run_address>
         <size>0x3e</size>
         <input_file_ref idref="fl-cc"/>
      </object_component>
      <object_component id="oc-5c">
         <name>.text:_c_int00_noargs:_c_int00_noargs</name>
         <load_address>0x30f0</load_address>
         <run_address>0x30f0</run_address>
         <size>0x34</size>
         <input_file_ref idref="fl-cb"/>
      </object_component>
      <object_component id="oc-218">
         <name>.text</name>
         <load_address>0x3124</load_address>
         <run_address>0x3124</run_address>
         <size>0x2e</size>
         <input_file_ref idref="fl-d4"/>
      </object_component>
      <object_component id="oc-9a">
         <name>.text</name>
         <load_address>0x3152</load_address>
         <run_address>0x3152</run_address>
         <size>0x24</size>
         <input_file_ref idref="fl-8"/>
      </object_component>
      <object_component id="oc-1a9">
         <name>.text:memccpy</name>
         <load_address>0x3176</load_address>
         <run_address>0x3176</run_address>
         <size>0x1c</size>
         <input_file_ref idref="fl-dd"/>
      </object_component>
      <object_component id="oc-2a7">
         <name>.text:copysign</name>
         <load_address>0x3192</load_address>
         <run_address>0x3192</run_address>
         <size>0x1a</size>
         <input_file_ref idref="fl-e3"/>
      </object_component>
      <object_component id="oc-10f">
         <name>.text:_outs</name>
         <load_address>0x31ac</load_address>
         <run_address>0x31ac</run_address>
         <size>0x18</size>
         <input_file_ref idref="fl-c2"/>
      </object_component>
      <object_component id="oc-249">
         <name>.text:strchr</name>
         <load_address>0x31c4</load_address>
         <run_address>0x31c4</run_address>
         <size>0x16</size>
         <input_file_ref idref="fl-de"/>
      </object_component>
      <object_component id="oc-180">
         <name>.text:strlen</name>
         <load_address>0x31da</load_address>
         <run_address>0x31da</run_address>
         <size>0x14</size>
         <input_file_ref idref="fl-df"/>
      </object_component>
      <object_component id="oc-1af">
         <name>.text:wcslen</name>
         <load_address>0x31ee</load_address>
         <run_address>0x31ee</run_address>
         <size>0x12</size>
         <input_file_ref idref="fl-cd"/>
      </object_component>
      <object_component id="oc-18">
         <name>.text:decompress:none:__TI_decompress_none</name>
         <load_address>0x3200</load_address>
         <run_address>0x3200</run_address>
         <size>0xe</size>
         <input_file_ref idref="fl-c7"/>
      </object_component>
      <object_component id="oc-50">
         <name>.text:decompress:ZI:__TI_zero_init</name>
         <load_address>0x320e</load_address>
         <run_address>0x320e</run_address>
         <size>0xc</size>
         <input_file_ref idref="fl-c6"/>
      </object_component>
      <object_component id="oc-24">
         <name>.text</name>
         <load_address>0x321a</load_address>
         <run_address>0x321a</run_address>
         <size>0xc</size>
         <input_file_ref idref="fl-5"/>
      </object_component>
      <object_component id="oc-115">
         <name>.text:_outc</name>
         <load_address>0x3226</load_address>
         <run_address>0x3226</run_address>
         <size>0xa</size>
         <input_file_ref idref="fl-c2"/>
      </object_component>
      <object_component id="oc-1b5">
         <name>.text:__aeabi_errno_addr</name>
         <load_address>0x3230</load_address>
         <run_address>0x3230</run_address>
         <size>0x8</size>
         <input_file_ref idref="fl-e0"/>
      </object_component>
      <object_component id="oc-e2">
         <name>.text:_system_pre_init</name>
         <load_address>0x3238</load_address>
         <run_address>0x3238</run_address>
         <size>0x4</size>
         <input_file_ref idref="fl-d7"/>
      </object_component>
      <object_component id="oc-13b">
         <name>.text:abort:abort</name>
         <load_address>0x323c</load_address>
         <run_address>0x323c</run_address>
         <size>0x4</size>
         <input_file_ref idref="fl-d9"/>
      </object_component>
      <object_component id="oc-f7">
         <name>.const:.string:_ctypes_</name>
         <load_address>0x3240</load_address>
         <run_address>0x3240</run_address>
         <size>0x101</size>
         <input_file_ref idref="fl-ca"/>
      </object_component>
      <object_component id="oc-309">
         <name>.cinit..data.load</name>
         <load_address>0x3348</load_address>
         <run_address>0x3348</run_address>
         <size>0x11</size>
      </object_component>
      <object_component id="oc-307">
         <name>__TI_handler_table</name>
         <load_address>0x335c</load_address>
         <run_address>0x335c</run_address>
         <size>0xc</size>
      </object_component>
      <object_component id="oc-30a">
         <name>.cinit..bss.load</name>
         <load_address>0x3368</load_address>
         <run_address>0x3368</run_address>
         <size>0x8</size>
      </object_component>
      <object_component id="oc-308">
         <name>__TI_cinit_table</name>
         <load_address>0x3370</load_address>
         <run_address>0x3370</run_address>
         <size>0x10</size>
      </object_component>
      <object_component id="oc-8e">
         <name>.data</name>
         <load_address>0x20001cdc</load_address>
         <run_address>0x20001cdc</run_address>
         <size>0x24</size>
         <input_file_ref idref="fl-3"/>
      </object_component>
      <object_component id="oc-259">
         <name>.data</name>
         <load_address>0x20001d00</load_address>
         <run_address>0x20001d00</run_address>
         <size>0x4</size>
         <input_file_ref idref="fl-e0"/>
      </object_component>
      <object_component id="oc-ae">
         <name>.common:hr</name>
         <uninitialized>true</uninitialized>
         <run_address>0x20001ccc</run_address>
         <size>0x4</size>
      </object_component>
      <object_component id="oc-b1">
         <name>.common:min</name>
         <uninitialized>true</uninitialized>
         <run_address>0x20001cd0</run_address>
         <size>0x4</size>
      </object_component>
      <object_component id="oc-b2">
         <name>.common:sec</name>
         <uninitialized>true</uninitialized>
         <run_address>0x20001cd8</run_address>
         <size>0x4</size>
      </object_component>
      <object_component id="oc-b4">
         <name>.common:day</name>
         <uninitialized>true</uninitialized>
         <run_address>0x20001cc8</run_address>
         <size>0x4</size>
      </object_component>
      <object_component id="oc-b3">
         <name>.common:month</name>
         <uninitialized>true</uninitialized>
         <run_address>0x20001cd4</run_address>
         <size>0x4</size>
      </object_component>
      <object_component id="oc-127">
         <name>.common:timestr</name>
         <uninitialized>true</uninitialized>
         <run_address>0x20001c64</run_address>
         <size>0x64</size>
      </object_component>
      <object_component id="oc-a6">
         <name>.common:data_table</name>
         <uninitialized>true</uninitialized>
         <run_address>0x20001000</run_address>
         <size>0x800</size>
      </object_component>
      <object_component id="oc-ad">
         <name>.common:str</name>
         <uninitialized>true</uninitialized>
         <run_address>0x20001c00</run_address>
         <size>0x64</size>
      </object_component>
      <object_component id="oc-91">
         <name>.common:txbuffer</name>
         <uninitialized>true</uninitialized>
         <run_address>0x20001800</run_address>
         <size>0x400</size>
      </object_component>
      <object_component id="oc-21">
         <name>.stack</name>
         <uninitialized>true</uninitialized>
         <run_address>0x20000000</run_address>
         <size>0x4</size>
         <input_file_ref idref="fl-cb"/>
      </object_component>
      <object_component id="oc-30b">
         <name>.stack</name>
         <uninitialized>true</uninitialized>
         <run_address>0x20000000</run_address>
         <size>0x0</size>
      </object_component>
      <object_component id="oc-130">
         <name>.debug_info</name>
         <load_address>0x0</load_address>
         <run_address>0x0</run_address>
         <size>0x25f</size>
         <input_file_ref idref="fl-1"/>
      </object_component>
      <object_component id="oc-83">
         <name>.debug_info</name>
         <load_address>0x25f</load_address>
         <run_address>0x25f</run_address>
         <size>0x203</size>
         <input_file_ref idref="fl-1"/>
      </object_component>
      <object_component id="oc-c7">
         <name>.debug_info</name>
         <load_address>0x462</load_address>
         <run_address>0x462</run_address>
         <size>0x26b</size>
         <input_file_ref idref="fl-1"/>
      </object_component>
      <object_component id="oc-39">
         <name>.debug_info</name>
         <load_address>0x6cd</load_address>
         <run_address>0x6cd</run_address>
         <size>0x84</size>
         <input_file_ref idref="fl-1"/>
      </object_component>
      <object_component id="oc-12b">
         <name>.debug_info</name>
         <load_address>0x751</load_address>
         <run_address>0x751</run_address>
         <size>0x297</size>
         <input_file_ref idref="fl-1"/>
      </object_component>
      <object_component id="oc-bb">
         <name>.debug_info</name>
         <load_address>0x9e8</load_address>
         <run_address>0x9e8</run_address>
         <size>0xbb</size>
         <input_file_ref idref="fl-1"/>
      </object_component>
      <object_component id="oc-af">
         <name>.debug_info</name>
         <load_address>0xaa3</load_address>
         <run_address>0xaa3</run_address>
         <size>0x37b</size>
         <input_file_ref idref="fl-2"/>
      </object_component>
      <object_component id="oc-a8">
         <name>.debug_info</name>
         <load_address>0xe1e</load_address>
         <run_address>0xe1e</run_address>
         <size>0x4a2</size>
         <input_file_ref idref="fl-2"/>
      </object_component>
      <object_component id="oc-11d">
         <name>.debug_info</name>
         <load_address>0x12c0</load_address>
         <run_address>0x12c0</run_address>
         <size>0x2c</size>
         <input_file_ref idref="fl-2"/>
      </object_component>
      <object_component id="oc-92">
         <name>.debug_info</name>
         <load_address>0x12ec</load_address>
         <run_address>0x12ec</run_address>
         <size>0x676</size>
         <input_file_ref idref="fl-3"/>
      </object_component>
      <object_component id="oc-8f">
         <name>.debug_info</name>
         <load_address>0x1962</load_address>
         <run_address>0x1962</run_address>
         <size>0x1bd</size>
         <input_file_ref idref="fl-3"/>
      </object_component>
      <object_component id="oc-2b">
         <name>.debug_info</name>
         <load_address>0x1b1f</load_address>
         <run_address>0x1b1f</run_address>
         <size>0x110c</size>
         <input_file_ref idref="fl-3"/>
      </object_component>
      <object_component id="oc-c0">
         <name>.debug_info</name>
         <load_address>0x2c2b</load_address>
         <run_address>0x2c2b</run_address>
         <size>0x8a</size>
         <input_file_ref idref="fl-3"/>
      </object_component>
      <object_component id="oc-b6">
         <name>.debug_info</name>
         <load_address>0x2cb5</load_address>
         <run_address>0x2cb5</run_address>
         <size>0x8b</size>
         <input_file_ref idref="fl-3"/>
      </object_component>
      <object_component id="oc-102">
         <name>.debug_info</name>
         <load_address>0x2d40</load_address>
         <run_address>0x2d40</run_address>
         <size>0x2c</size>
         <input_file_ref idref="fl-3"/>
      </object_component>
      <object_component id="oc-89">
         <name>.debug_info</name>
         <load_address>0x2d6c</load_address>
         <run_address>0x2d6c</run_address>
         <size>0x103</size>
         <input_file_ref idref="fl-4"/>
      </object_component>
      <object_component id="oc-32">
         <name>.debug_info</name>
         <load_address>0x2e6f</load_address>
         <run_address>0x2e6f</run_address>
         <size>0x2fd</size>
         <input_file_ref idref="fl-5"/>
      </object_component>
      <object_component id="oc-10">
         <name>.debug_info</name>
         <load_address>0x316c</load_address>
         <run_address>0x316c</run_address>
         <size>0xee</size>
         <input_file_ref idref="fl-5"/>
      </object_component>
      <object_component id="oc-25">
         <name>.debug_info</name>
         <load_address>0x325a</load_address>
         <run_address>0x325a</run_address>
         <size>0x26a</size>
         <input_file_ref idref="fl-5"/>
      </object_component>
      <object_component id="oc-f5">
         <name>.debug_info</name>
         <load_address>0x34c4</load_address>
         <run_address>0x34c4</run_address>
         <size>0x264</size>
         <input_file_ref idref="fl-6"/>
      </object_component>
      <object_component id="oc-72">
         <name>.debug_info</name>
         <load_address>0x3728</load_address>
         <run_address>0x3728</run_address>
         <size>0x34c</size>
         <input_file_ref idref="fl-6"/>
      </object_component>
      <object_component id="oc-95">
         <name>.debug_info</name>
         <load_address>0x3a74</load_address>
         <run_address>0x3a74</run_address>
         <size>0x1d4</size>
         <input_file_ref idref="fl-7"/>
      </object_component>
      <object_component id="oc-9b">
         <name>.debug_info</name>
         <load_address>0x3c48</load_address>
         <run_address>0x3c48</run_address>
         <size>0x125</size>
         <input_file_ref idref="fl-8"/>
      </object_component>
      <object_component id="oc-11c">
         <name>.debug_info</name>
         <load_address>0x3d6d</load_address>
         <run_address>0x3d6d</run_address>
         <size>0x334</size>
         <input_file_ref idref="fl-c2"/>
      </object_component>
      <object_component id="oc-a1">
         <name>.debug_info</name>
         <load_address>0x40a1</load_address>
         <run_address>0x40a1</run_address>
         <size>0x1d2</size>
         <input_file_ref idref="fl-c2"/>
      </object_component>
      <object_component id="oc-110">
         <name>.debug_info</name>
         <load_address>0x4273</load_address>
         <run_address>0x4273</run_address>
         <size>0x18e</size>
         <input_file_ref idref="fl-c2"/>
      </object_component>
      <object_component id="oc-116">
         <name>.debug_info</name>
         <load_address>0x4401</load_address>
         <run_address>0x4401</run_address>
         <size>0x16e</size>
         <input_file_ref idref="fl-c2"/>
      </object_component>
      <object_component id="oc-260">
         <name>.debug_info</name>
         <load_address>0x456f</load_address>
         <run_address>0x456f</run_address>
         <size>0x2c</size>
         <input_file_ref idref="fl-c2"/>
      </object_component>
      <object_component id="oc-123">
         <name>.debug_info</name>
         <load_address>0x459b</load_address>
         <run_address>0x459b</run_address>
         <size>0x143</size>
         <input_file_ref idref="fl-c3"/>
      </object_component>
      <object_component id="oc-3f">
         <name>.debug_info</name>
         <load_address>0x46de</load_address>
         <run_address>0x46de</run_address>
         <size>0x11a</size>
         <input_file_ref idref="fl-c4"/>
      </object_component>
      <object_component id="oc-78">
         <name>.debug_info</name>
         <load_address>0x47f8</load_address>
         <run_address>0x47f8</run_address>
         <size>0x148</size>
         <input_file_ref idref="fl-c5"/>
      </object_component>
      <object_component id="oc-e0">
         <name>.debug_info</name>
         <load_address>0x4940</load_address>
         <run_address>0x4940</run_address>
         <size>0x2d5</size>
         <input_file_ref idref="fl-c6"/>
      </object_component>
      <object_component id="oc-51">
         <name>.debug_info</name>
         <load_address>0x4c15</load_address>
         <run_address>0x4c15</run_address>
         <size>0x1b6</size>
         <input_file_ref idref="fl-c6"/>
      </object_component>
      <object_component id="oc-db">
         <name>.debug_info</name>
         <load_address>0x4dcb</load_address>
         <run_address>0x4dcb</run_address>
         <size>0x46</size>
         <input_file_ref idref="fl-c6"/>
      </object_component>
      <object_component id="oc-49">
         <name>.debug_info</name>
         <load_address>0x4e11</load_address>
         <run_address>0x4e11</run_address>
         <size>0x2a9</size>
         <input_file_ref idref="fl-c7"/>
      </object_component>
      <object_component id="oc-19">
         <name>.debug_info</name>
         <load_address>0x50ba</load_address>
         <run_address>0x50ba</run_address>
         <size>0x1eb</size>
         <input_file_ref idref="fl-c7"/>
      </object_component>
      <object_component id="oc-44">
         <name>.debug_info</name>
         <load_address>0x52a5</load_address>
         <run_address>0x52a5</run_address>
         <size>0x46</size>
         <input_file_ref idref="fl-c7"/>
      </object_component>
      <object_component id="oc-d3">
         <name>.debug_info</name>
         <load_address>0x52eb</load_address>
         <run_address>0x52eb</run_address>
         <size>0x2c</size>
         <input_file_ref idref="fl-c7"/>
      </object_component>
      <object_component id="oc-d1">
         <name>.debug_info</name>
         <load_address>0x5317</load_address>
         <run_address>0x5317</run_address>
         <size>0x29f</size>
         <input_file_ref idref="fl-c8"/>
      </object_component>
      <object_component id="oc-13">
         <name>.debug_info</name>
         <load_address>0x55b6</load_address>
         <run_address>0x55b6</run_address>
         <size>0x251</size>
         <input_file_ref idref="fl-c8"/>
      </object_component>
      <object_component id="oc-34">
         <name>.debug_info</name>
         <load_address>0x5807</load_address>
         <run_address>0x5807</run_address>
         <size>0x60</size>
         <input_file_ref idref="fl-c8"/>
      </object_component>
      <object_component id="oc-131">
         <name>.debug_info</name>
         <load_address>0x5867</load_address>
         <run_address>0x5867</run_address>
         <size>0x46</size>
         <input_file_ref idref="fl-c8"/>
      </object_component>
      <object_component id="oc-cc">
         <name>.debug_info</name>
         <load_address>0x58ad</load_address>
         <run_address>0x58ad</run_address>
         <size>0x39</size>
         <input_file_ref idref="fl-c8"/>
      </object_component>
      <object_component id="oc-fb">
         <name>.debug_info</name>
         <load_address>0x58e6</load_address>
         <run_address>0x58e6</run_address>
         <size>0x2ba</size>
         <input_file_ref idref="fl-c9"/>
      </object_component>
      <object_component id="oc-7d">
         <name>.debug_info</name>
         <load_address>0x5ba0</load_address>
         <run_address>0x5ba0</run_address>
         <size>0x17d</size>
         <input_file_ref idref="fl-c9"/>
      </object_component>
      <object_component id="oc-17d">
         <name>.debug_info</name>
         <load_address>0x5d1d</load_address>
         <run_address>0x5d1d</run_address>
         <size>0xfa</size>
         <input_file_ref idref="fl-ca"/>
      </object_component>
      <object_component id="oc-f8">
         <name>.debug_info</name>
         <load_address>0x5e17</load_address>
         <run_address>0x5e17</run_address>
         <size>0x106</size>
         <input_file_ref idref="fl-ca"/>
      </object_component>
      <object_component id="oc-22">
         <name>.debug_info</name>
         <load_address>0x5f1d</load_address>
         <run_address>0x5f1d</run_address>
         <size>0x10c</size>
         <input_file_ref idref="fl-cb"/>
      </object_component>
      <object_component id="oc-5d">
         <name>.debug_info</name>
         <load_address>0x6029</load_address>
         <run_address>0x6029</run_address>
         <size>0x1aa</size>
         <input_file_ref idref="fl-cb"/>
      </object_component>
      <object_component id="oc-1bc">
         <name>.debug_info</name>
         <load_address>0x61d3</load_address>
         <run_address>0x61d3</run_address>
         <size>0x57c</size>
         <input_file_ref idref="fl-cc"/>
      </object_component>
      <object_component id="oc-187">
         <name>.debug_info</name>
         <load_address>0x674f</load_address>
         <run_address>0x674f</run_address>
         <size>0x21f</size>
         <input_file_ref idref="fl-cc"/>
      </object_component>
      <object_component id="oc-223">
         <name>.debug_info</name>
         <load_address>0x696e</load_address>
         <run_address>0x696e</run_address>
         <size>0x1b4</size>
         <input_file_ref idref="fl-cc"/>
      </object_component>
      <object_component id="oc-229">
         <name>.debug_info</name>
         <load_address>0x6b22</load_address>
         <run_address>0x6b22</run_address>
         <size>0x21c</size>
         <input_file_ref idref="fl-cc"/>
      </object_component>
      <object_component id="oc-192">
         <name>.debug_info</name>
         <load_address>0x6d3e</load_address>
         <run_address>0x6d3e</run_address>
         <size>0x3bc</size>
         <input_file_ref idref="fl-cc"/>
      </object_component>
      <object_component id="oc-230">
         <name>.debug_info</name>
         <load_address>0x70fa</load_address>
         <run_address>0x70fa</run_address>
         <size>0x306</size>
         <input_file_ref idref="fl-cc"/>
      </object_component>
      <object_component id="oc-236">
         <name>.debug_info</name>
         <load_address>0x7400</load_address>
         <run_address>0x7400</run_address>
         <size>0x216</size>
         <input_file_ref idref="fl-cc"/>
      </object_component>
      <object_component id="oc-198">
         <name>.debug_info</name>
         <load_address>0x7616</load_address>
         <run_address>0x7616</run_address>
         <size>0x216</size>
         <input_file_ref idref="fl-cc"/>
      </object_component>
      <object_component id="oc-19e">
         <name>.debug_info</name>
         <load_address>0x782c</load_address>
         <run_address>0x782c</run_address>
         <size>0x305</size>
         <input_file_ref idref="fl-cc"/>
      </object_component>
      <object_component id="oc-1a4">
         <name>.debug_info</name>
         <load_address>0x7b31</load_address>
         <run_address>0x7b31</run_address>
         <size>0x4b1</size>
         <input_file_ref idref="fl-cc"/>
      </object_component>
      <object_component id="oc-10a">
         <name>.debug_info</name>
         <load_address>0x7fe2</load_address>
         <run_address>0x7fe2</run_address>
         <size>0x5f5</size>
         <input_file_ref idref="fl-cc"/>
      </object_component>
      <object_component id="oc-1bd">
         <name>.debug_info</name>
         <load_address>0x85d7</load_address>
         <run_address>0x85d7</run_address>
         <size>0x86</size>
         <input_file_ref idref="fl-cc"/>
      </object_component>
      <object_component id="oc-265">
         <name>.debug_info</name>
         <load_address>0x865d</load_address>
         <run_address>0x865d</run_address>
         <size>0x39</size>
         <input_file_ref idref="fl-cc"/>
      </object_component>
      <object_component id="oc-2be">
         <name>.debug_info</name>
         <load_address>0x8696</load_address>
         <run_address>0x8696</run_address>
         <size>0xb6</size>
         <input_file_ref idref="fl-cc"/>
      </object_component>
      <object_component id="oc-26a">
         <name>.debug_info</name>
         <load_address>0x874c</load_address>
         <run_address>0x874c</run_address>
         <size>0x46</size>
         <input_file_ref idref="fl-cc"/>
      </object_component>
      <object_component id="oc-1c2">
         <name>.debug_info</name>
         <load_address>0x8792</load_address>
         <run_address>0x8792</run_address>
         <size>0x46</size>
         <input_file_ref idref="fl-cc"/>
      </object_component>
      <object_component id="oc-258">
         <name>.debug_info</name>
         <load_address>0x87d8</load_address>
         <run_address>0x87d8</run_address>
         <size>0x290</size>
         <input_file_ref idref="fl-cd"/>
      </object_component>
      <object_component id="oc-1b0">
         <name>.debug_info</name>
         <load_address>0x8a68</load_address>
         <run_address>0x8a68</run_address>
         <size>0x15b</size>
         <input_file_ref idref="fl-cd"/>
      </object_component>
      <object_component id="oc-2b3">
         <name>.debug_info</name>
         <load_address>0x8bc3</load_address>
         <run_address>0x8bc3</run_address>
         <size>0x46</size>
         <input_file_ref idref="fl-cd"/>
      </object_component>
      <object_component id="oc-253">
         <name>.debug_info</name>
         <load_address>0x8c09</load_address>
         <run_address>0x8c09</run_address>
         <size>0x39</size>
         <input_file_ref idref="fl-cd"/>
      </object_component>
      <object_component id="oc-1cc">
         <name>.debug_info</name>
         <load_address>0x8c42</load_address>
         <run_address>0x8c42</run_address>
         <size>0x116</size>
         <input_file_ref idref="fl-ce"/>
      </object_component>
      <object_component id="oc-21e">
         <name>.debug_info</name>
         <load_address>0x8d58</load_address>
         <run_address>0x8d58</run_address>
         <size>0x14d</size>
         <input_file_ref idref="fl-cf"/>
      </object_component>
      <object_component id="oc-18d">
         <name>.debug_info</name>
         <load_address>0x8ea5</load_address>
         <run_address>0x8ea5</run_address>
         <size>0x129</size>
         <input_file_ref idref="fl-d0"/>
      </object_component>
      <object_component id="oc-209">
         <name>.debug_info</name>
         <load_address>0x8fce</load_address>
         <run_address>0x8fce</run_address>
         <size>0x12b</size>
         <input_file_ref idref="fl-d0"/>
      </object_component>
      <object_component id="oc-204">
         <name>.debug_info</name>
         <load_address>0x90f9</load_address>
         <run_address>0x90f9</run_address>
         <size>0x13b</size>
         <input_file_ref idref="fl-d1"/>
      </object_component>
      <object_component id="oc-1ff">
         <name>.debug_info</name>
         <load_address>0x9234</load_address>
         <run_address>0x9234</run_address>
         <size>0x13b</size>
         <input_file_ref idref="fl-d2"/>
      </object_component>
      <object_component id="oc-20e">
         <name>.debug_info</name>
         <load_address>0x936f</load_address>
         <run_address>0x936f</run_address>
         <size>0x12f</size>
         <input_file_ref idref="fl-d3"/>
      </object_component>
      <object_component id="oc-219">
         <name>.debug_info</name>
         <load_address>0x949e</load_address>
         <run_address>0x949e</run_address>
         <size>0x12d</size>
         <input_file_ref idref="fl-d4"/>
      </object_component>
      <object_component id="oc-1f8">
         <name>.debug_info</name>
         <load_address>0x95cb</load_address>
         <run_address>0x95cb</run_address>
         <size>0x135</size>
         <input_file_ref idref="fl-d5"/>
      </object_component>
      <object_component id="oc-1de">
         <name>.debug_info</name>
         <load_address>0x9700</load_address>
         <run_address>0x9700</run_address>
         <size>0x4b4</size>
         <input_file_ref idref="fl-d6"/>
      </object_component>
      <object_component id="oc-148">
         <name>.debug_info</name>
         <load_address>0x9bb4</load_address>
         <run_address>0x9bb4</run_address>
         <size>0x1a7</size>
         <input_file_ref idref="fl-d6"/>
      </object_component>
      <object_component id="oc-280">
         <name>.debug_info</name>
         <load_address>0x9d5b</load_address>
         <run_address>0x9d5b</run_address>
         <size>0x39</size>
         <input_file_ref idref="fl-d6"/>
      </object_component>
      <object_component id="oc-2c6">
         <name>.debug_info</name>
         <load_address>0x9d94</load_address>
         <run_address>0x9d94</run_address>
         <size>0x39</size>
         <input_file_ref idref="fl-d6"/>
      </object_component>
      <object_component id="oc-285">
         <name>.debug_info</name>
         <load_address>0x9dcd</load_address>
         <run_address>0x9dcd</run_address>
         <size>0x39</size>
         <input_file_ref idref="fl-d6"/>
      </object_component>
      <object_component id="oc-28a">
         <name>.debug_info</name>
         <load_address>0x9e06</load_address>
         <run_address>0x9e06</run_address>
         <size>0xcd</size>
         <input_file_ref idref="fl-d6"/>
      </object_component>
      <object_component id="oc-e3">
         <name>.debug_info</name>
         <load_address>0x9ed3</load_address>
         <run_address>0x9ed3</run_address>
         <size>0x154</size>
         <input_file_ref idref="fl-d7"/>
      </object_component>
      <object_component id="oc-13c">
         <name>.debug_info</name>
         <load_address>0xa027</load_address>
         <run_address>0xa027</run_address>
         <size>0x123</size>
         <input_file_ref idref="fl-d9"/>
      </object_component>
      <object_component id="oc-299">
         <name>.debug_info</name>
         <load_address>0xa14a</load_address>
         <run_address>0xa14a</run_address>
         <size>0x29c</size>
         <input_file_ref idref="fl-dc"/>
      </object_component>
      <object_component id="oc-213">
         <name>.debug_info</name>
         <load_address>0xa3e6</load_address>
         <run_address>0xa3e6</run_address>
         <size>0x1ce</size>
         <input_file_ref idref="fl-dc"/>
      </object_component>
      <object_component id="oc-251">
         <name>.debug_info</name>
         <load_address>0xa5b4</load_address>
         <run_address>0xa5b4</run_address>
         <size>0x297</size>
         <input_file_ref idref="fl-dd"/>
      </object_component>
      <object_component id="oc-1aa">
         <name>.debug_info</name>
         <load_address>0xa84b</load_address>
         <run_address>0xa84b</run_address>
         <size>0x1b7</size>
         <input_file_ref idref="fl-dd"/>
      </object_component>
      <object_component id="oc-2b0">
         <name>.debug_info</name>
         <load_address>0xaa02</load_address>
         <run_address>0xaa02</run_address>
         <size>0x29b</size>
         <input_file_ref idref="fl-de"/>
      </object_component>
      <object_component id="oc-24a">
         <name>.debug_info</name>
         <load_address>0xac9d</load_address>
         <run_address>0xac9d</run_address>
         <size>0x263</size>
         <input_file_ref idref="fl-de"/>
      </object_component>
      <object_component id="oc-1f6">
         <name>.debug_info</name>
         <load_address>0xaf00</load_address>
         <run_address>0xaf00</run_address>
         <size>0x290</size>
         <input_file_ref idref="fl-df"/>
      </object_component>
      <object_component id="oc-181">
         <name>.debug_info</name>
         <load_address>0xb190</load_address>
         <run_address>0xb190</run_address>
         <size>0x246</size>
         <input_file_ref idref="fl-df"/>
      </object_component>
      <object_component id="oc-25d">
         <name>.debug_info</name>
         <load_address>0xb3d6</load_address>
         <run_address>0xb3d6</run_address>
         <size>0x28a</size>
         <input_file_ref idref="fl-e0"/>
      </object_component>
      <object_component id="oc-25a">
         <name>.debug_info</name>
         <load_address>0xb660</load_address>
         <run_address>0xb660</run_address>
         <size>0x10f</size>
         <input_file_ref idref="fl-e0"/>
      </object_component>
      <object_component id="oc-1b6">
         <name>.debug_info</name>
         <load_address>0xb76f</load_address>
         <run_address>0xb76f</run_address>
         <size>0x14f</size>
         <input_file_ref idref="fl-e0"/>
      </object_component>
      <object_component id="oc-2a1">
         <name>.debug_info</name>
         <load_address>0xb8be</load_address>
         <run_address>0xb8be</run_address>
         <size>0x29b</size>
         <input_file_ref idref="fl-e1"/>
      </object_component>
      <object_component id="oc-23e">
         <name>.debug_info</name>
         <load_address>0xbb59</load_address>
         <run_address>0xbb59</run_address>
         <size>0x196</size>
         <input_file_ref idref="fl-e1"/>
      </object_component>
      <object_component id="oc-2d6">
         <name>.debug_info</name>
         <load_address>0xbcef</load_address>
         <run_address>0xbcef</run_address>
         <size>0x39</size>
         <input_file_ref idref="fl-e1"/>
      </object_component>
      <object_component id="oc-2a2">
         <name>.debug_info</name>
         <load_address>0xbd28</load_address>
         <run_address>0xbd28</run_address>
         <size>0x2c</size>
         <input_file_ref idref="fl-e1"/>
      </object_component>
      <object_component id="oc-2ae">
         <name>.debug_info</name>
         <load_address>0xbd54</load_address>
         <run_address>0xbd54</run_address>
         <size>0x2fe</size>
         <input_file_ref idref="fl-e2"/>
      </object_component>
      <object_component id="oc-244">
         <name>.debug_info</name>
         <load_address>0xc052</load_address>
         <run_address>0xc052</run_address>
         <size>0x226</size>
         <input_file_ref idref="fl-e2"/>
      </object_component>
      <object_component id="oc-2aa">
         <name>.debug_info</name>
         <load_address>0xc278</load_address>
         <run_address>0xc278</run_address>
         <size>0x162</size>
         <input_file_ref idref="fl-e3"/>
      </object_component>
      <object_component id="oc-30c">
         <name>.debug_info</name>
         <load_address>0xc3da</load_address>
         <run_address>0xc3da</run_address>
         <size>0xa1</size>
      </object_component>
      <object_component id="oc-1d2">
         <name>.debug_line</name>
         <load_address>0x0</load_address>
         <run_address>0x0</run_address>
         <size>0x20</size>
         <input_file_ref idref="fl-1"/>
      </object_component>
      <object_component id="oc-86">
         <name>.debug_line</name>
         <load_address>0x20</load_address>
         <run_address>0x20</run_address>
         <size>0x7d</size>
         <input_file_ref idref="fl-1"/>
      </object_component>
      <object_component id="oc-ca">
         <name>.debug_line</name>
         <load_address>0x9d</load_address>
         <run_address>0x9d</run_address>
         <size>0x7a</size>
         <input_file_ref idref="fl-1"/>
      </object_component>
      <object_component id="oc-3c">
         <name>.debug_line</name>
         <load_address>0x117</load_address>
         <run_address>0x117</run_address>
         <size>0x20</size>
         <input_file_ref idref="fl-1"/>
      </object_component>
      <object_component id="oc-12e">
         <name>.debug_line</name>
         <load_address>0x137</load_address>
         <run_address>0x137</run_address>
         <size>0x7e</size>
         <input_file_ref idref="fl-1"/>
      </object_component>
      <object_component id="oc-be">
         <name>.debug_line</name>
         <load_address>0x1b5</load_address>
         <run_address>0x1b5</run_address>
         <size>0x7b</size>
         <input_file_ref idref="fl-1"/>
      </object_component>
      <object_component id="oc-12a">
         <name>.debug_line</name>
         <load_address>0x230</load_address>
         <run_address>0x230</run_address>
         <size>0x97</size>
         <input_file_ref idref="fl-2"/>
      </object_component>
      <object_component id="oc-ab">
         <name>.debug_line</name>
         <load_address>0x2c7</load_address>
         <run_address>0x2c7</run_address>
         <size>0xdf</size>
         <input_file_ref idref="fl-2"/>
      </object_component>
      <object_component id="oc-120">
         <name>.debug_line</name>
         <load_address>0x3a6</load_address>
         <run_address>0x3a6</run_address>
         <size>0x76</size>
         <input_file_ref idref="fl-2"/>
      </object_component>
      <object_component id="oc-101">
         <name>.debug_line</name>
         <load_address>0x41c</load_address>
         <run_address>0x41c</run_address>
         <size>0xdd</size>
         <input_file_ref idref="fl-3"/>
      </object_component>
      <object_component id="oc-ff">
         <name>.debug_line</name>
         <load_address>0x4f9</load_address>
         <run_address>0x4f9</run_address>
         <size>0x2d</size>
         <input_file_ref idref="fl-3"/>
      </object_component>
      <object_component id="oc-2e">
         <name>.debug_line</name>
         <load_address>0x526</load_address>
         <run_address>0x526</run_address>
         <size>0x571</size>
         <input_file_ref idref="fl-3"/>
      </object_component>
      <object_component id="oc-c3">
         <name>.debug_line</name>
         <load_address>0xa97</load_address>
         <run_address>0xa97</run_address>
         <size>0x2d</size>
         <input_file_ref idref="fl-3"/>
      </object_component>
      <object_component id="oc-b9">
         <name>.debug_line</name>
         <load_address>0xac4</load_address>
         <run_address>0xac4</run_address>
         <size>0x20</size>
         <input_file_ref idref="fl-3"/>
      </object_component>
      <object_component id="oc-105">
         <name>.debug_line</name>
         <load_address>0xae4</load_address>
         <run_address>0xae4</run_address>
         <size>0x76</size>
         <input_file_ref idref="fl-3"/>
      </object_component>
      <object_component id="oc-8c">
         <name>.debug_line</name>
         <load_address>0xb5a</load_address>
         <run_address>0xb5a</run_address>
         <size>0x49</size>
         <input_file_ref idref="fl-4"/>
      </object_component>
      <object_component id="oc-c6">
         <name>.debug_line</name>
         <load_address>0xba3</load_address>
         <run_address>0xba3</run_address>
         <size>0x41</size>
         <input_file_ref idref="fl-5"/>
      </object_component>
      <object_component id="oc-31">
         <name>.debug_line</name>
         <load_address>0xbe4</load_address>
         <run_address>0xbe4</run_address>
         <size>0x41</size>
         <input_file_ref idref="fl-5"/>
      </object_component>
      <object_component id="oc-28">
         <name>.debug_line</name>
         <load_address>0xc25</load_address>
         <run_address>0xc25</run_address>
         <size>0xa1</size>
         <input_file_ref idref="fl-5"/>
      </object_component>
      <object_component id="oc-17a">
         <name>.debug_line</name>
         <load_address>0xcc6</load_address>
         <run_address>0xcc6</run_address>
         <size>0x20</size>
         <input_file_ref idref="fl-6"/>
      </object_component>
      <object_component id="oc-75">
         <name>.debug_line</name>
         <load_address>0xce6</load_address>
         <run_address>0xce6</run_address>
         <size>0xec</size>
         <input_file_ref idref="fl-6"/>
      </object_component>
      <object_component id="oc-98">
         <name>.debug_line</name>
         <load_address>0xdd2</load_address>
         <run_address>0xdd2</run_address>
         <size>0x71</size>
         <input_file_ref idref="fl-7"/>
      </object_component>
      <object_component id="oc-9e">
         <name>.debug_line</name>
         <load_address>0xe43</load_address>
         <run_address>0xe43</run_address>
         <size>0x52</size>
         <input_file_ref idref="fl-8"/>
      </object_component>
      <object_component id="oc-1ca">
         <name>.debug_line</name>
         <load_address>0xe95</load_address>
         <run_address>0xe95</run_address>
         <size>0x2d</size>
         <input_file_ref idref="fl-c2"/>
      </object_component>
      <object_component id="oc-a4">
         <name>.debug_line</name>
         <load_address>0xec2</load_address>
         <run_address>0xec2</run_address>
         <size>0x4b</size>
         <input_file_ref idref="fl-c2"/>
      </object_component>
      <object_component id="oc-113">
         <name>.debug_line</name>
         <load_address>0xf0d</load_address>
         <run_address>0xf0d</run_address>
         <size>0x4b</size>
         <input_file_ref idref="fl-c2"/>
      </object_component>
      <object_component id="oc-119">
         <name>.debug_line</name>
         <load_address>0xf58</load_address>
         <run_address>0xf58</run_address>
         <size>0x3f</size>
         <input_file_ref idref="fl-c2"/>
      </object_component>
      <object_component id="oc-263">
         <name>.debug_line</name>
         <load_address>0xf97</load_address>
         <run_address>0xf97</run_address>
         <size>0x91</size>
         <input_file_ref idref="fl-c2"/>
      </object_component>
      <object_component id="oc-126">
         <name>.debug_line</name>
         <load_address>0x1028</load_address>
         <run_address>0x1028</run_address>
         <size>0x5b</size>
         <input_file_ref idref="fl-c3"/>
      </object_component>
      <object_component id="oc-42">
         <name>.debug_line</name>
         <load_address>0x1083</load_address>
         <run_address>0x1083</run_address>
         <size>0x88</size>
         <input_file_ref idref="fl-c4"/>
      </object_component>
      <object_component id="oc-7b">
         <name>.debug_line</name>
         <load_address>0x110b</load_address>
         <run_address>0x110b</run_address>
         <size>0x79</size>
         <input_file_ref idref="fl-c5"/>
      </object_component>
      <object_component id="oc-139">
         <name>.debug_line</name>
         <load_address>0x1184</load_address>
         <run_address>0x1184</run_address>
         <size>0x92</size>
         <input_file_ref idref="fl-c6"/>
      </object_component>
      <object_component id="oc-54">
         <name>.debug_line</name>
         <load_address>0x1216</load_address>
         <run_address>0x1216</run_address>
         <size>0x4f</size>
         <input_file_ref idref="fl-c6"/>
      </object_component>
      <object_component id="oc-de">
         <name>.debug_line</name>
         <load_address>0x1265</load_address>
         <run_address>0x1265</run_address>
         <size>0x34</size>
         <input_file_ref idref="fl-c6"/>
      </object_component>
      <object_component id="oc-d9">
         <name>.debug_line</name>
         <load_address>0x1299</load_address>
         <run_address>0x1299</run_address>
         <size>0x20</size>
         <input_file_ref idref="fl-c7"/>
      </object_component>
      <object_component id="oc-1c">
         <name>.debug_line</name>
         <load_address>0x12b9</load_address>
         <run_address>0x12b9</run_address>
         <size>0x55</size>
         <input_file_ref idref="fl-c7"/>
      </object_component>
      <object_component id="oc-47">
         <name>.debug_line</name>
         <load_address>0x130e</load_address>
         <run_address>0x130e</run_address>
         <size>0x3a</size>
         <input_file_ref idref="fl-c7"/>
      </object_component>
      <object_component id="oc-d6">
         <name>.debug_line</name>
         <load_address>0x1348</load_address>
         <run_address>0x1348</run_address>
         <size>0x92</size>
         <input_file_ref idref="fl-c7"/>
      </object_component>
      <object_component id="oc-137">
         <name>.debug_line</name>
         <load_address>0x13da</load_address>
         <run_address>0x13da</run_address>
         <size>0x20</size>
         <input_file_ref idref="fl-c8"/>
      </object_component>
      <object_component id="oc-16">
         <name>.debug_line</name>
         <load_address>0x13fa</load_address>
         <run_address>0x13fa</run_address>
         <size>0xa9</size>
         <input_file_ref idref="fl-c8"/>
      </object_component>
      <object_component id="oc-37">
         <name>.debug_line</name>
         <load_address>0x14a3</load_address>
         <run_address>0x14a3</run_address>
         <size>0x3a</size>
         <input_file_ref idref="fl-c8"/>
      </object_component>
      <object_component id="oc-134">
         <name>.debug_line</name>
         <load_address>0x14dd</load_address>
         <run_address>0x14dd</run_address>
         <size>0x9a</size>
         <input_file_ref idref="fl-c8"/>
      </object_component>
      <object_component id="oc-cf">
         <name>.debug_line</name>
         <load_address>0x1577</load_address>
         <run_address>0x1577</run_address>
         <size>0x96</size>
         <input_file_ref idref="fl-c8"/>
      </object_component>
      <object_component id="oc-17f">
         <name>.debug_line</name>
         <load_address>0x160d</load_address>
         <run_address>0x160d</run_address>
         <size>0x91</size>
         <input_file_ref idref="fl-c9"/>
      </object_component>
      <object_component id="oc-80">
         <name>.debug_line</name>
         <load_address>0x169e</load_address>
         <run_address>0x169e</run_address>
         <size>0x63</size>
         <input_file_ref idref="fl-c9"/>
      </object_component>
      <object_component id="oc-1f4">
         <name>.debug_line</name>
         <load_address>0x1701</load_address>
         <run_address>0x1701</run_address>
         <size>0x20</size>
         <input_file_ref idref="fl-ca"/>
      </object_component>
      <object_component id="oc-17c">
         <name>.debug_line</name>
         <load_address>0x1721</load_address>
         <run_address>0x1721</run_address>
         <size>0x2b</size>
         <input_file_ref idref="fl-ca"/>
      </object_component>
      <object_component id="oc-6f">
         <name>.debug_line</name>
         <load_address>0x174c</load_address>
         <run_address>0x174c</run_address>
         <size>0x33</size>
         <input_file_ref idref="fl-cb"/>
      </object_component>
      <object_component id="oc-60">
         <name>.debug_line</name>
         <load_address>0x177f</load_address>
         <run_address>0x177f</run_address>
         <size>0x45</size>
         <input_file_ref idref="fl-cb"/>
      </object_component>
      <object_component id="oc-25f">
         <name>.debug_line</name>
         <load_address>0x17c4</load_address>
         <run_address>0x17c4</run_address>
         <size>0x264</size>
         <input_file_ref idref="fl-cc"/>
      </object_component>
      <object_component id="oc-18a">
         <name>.debug_line</name>
         <load_address>0x1a28</load_address>
         <run_address>0x1a28</run_address>
         <size>0x7a</size>
         <input_file_ref idref="fl-cc"/>
      </object_component>
      <object_component id="oc-226">
         <name>.debug_line</name>
         <load_address>0x1aa2</load_address>
         <run_address>0x1aa2</run_address>
         <size>0x51</size>
         <input_file_ref idref="fl-cc"/>
      </object_component>
      <object_component id="oc-22c">
         <name>.debug_line</name>
         <load_address>0x1af3</load_address>
         <run_address>0x1af3</run_address>
         <size>0x88</size>
         <input_file_ref idref="fl-cc"/>
      </object_component>
      <object_component id="oc-195">
         <name>.debug_line</name>
         <load_address>0x1b7b</load_address>
         <run_address>0x1b7b</run_address>
         <size>0x14d</size>
         <input_file_ref idref="fl-cc"/>
      </object_component>
      <object_component id="oc-233">
         <name>.debug_line</name>
         <load_address>0x1cc8</load_address>
         <run_address>0x1cc8</run_address>
         <size>0xee</size>
         <input_file_ref idref="fl-cc"/>
      </object_component>
      <object_component id="oc-239">
         <name>.debug_line</name>
         <load_address>0x1db6</load_address>
         <run_address>0x1db6</run_address>
         <size>0x5d</size>
         <input_file_ref idref="fl-cc"/>
      </object_component>
      <object_component id="oc-19b">
         <name>.debug_line</name>
         <load_address>0x1e13</load_address>
         <run_address>0x1e13</run_address>
         <size>0x5c</size>
         <input_file_ref idref="fl-cc"/>
      </object_component>
      <object_component id="oc-1a1">
         <name>.debug_line</name>
         <load_address>0x1e6f</load_address>
         <run_address>0x1e6f</run_address>
         <size>0xae</size>
         <input_file_ref idref="fl-cc"/>
      </object_component>
      <object_component id="oc-1a7">
         <name>.debug_line</name>
         <load_address>0x1f1d</load_address>
         <run_address>0x1f1d</run_address>
         <size>0x1b0</size>
         <input_file_ref idref="fl-cc"/>
      </object_component>
      <object_component id="oc-10d">
         <name>.debug_line</name>
         <load_address>0x20cd</load_address>
         <run_address>0x20cd</run_address>
         <size>0x777</size>
         <input_file_ref idref="fl-cc"/>
      </object_component>
      <object_component id="oc-1c0">
         <name>.debug_line</name>
         <load_address>0x2844</load_address>
         <run_address>0x2844</run_address>
         <size>0x92</size>
         <input_file_ref idref="fl-cc"/>
      </object_component>
      <object_component id="oc-268">
         <name>.debug_line</name>
         <load_address>0x28d6</load_address>
         <run_address>0x28d6</run_address>
         <size>0x92</size>
         <input_file_ref idref="fl-cc"/>
      </object_component>
      <object_component id="oc-2c1">
         <name>.debug_line</name>
         <load_address>0x2968</load_address>
         <run_address>0x2968</run_address>
         <size>0x9a</size>
         <input_file_ref idref="fl-cc"/>
      </object_component>
      <object_component id="oc-26d">
         <name>.debug_line</name>
         <load_address>0x2a02</load_address>
         <run_address>0x2a02</run_address>
         <size>0x97</size>
         <input_file_ref idref="fl-cc"/>
      </object_component>
      <object_component id="oc-1c5">
         <name>.debug_line</name>
         <load_address>0x2a99</load_address>
         <run_address>0x2a99</run_address>
         <size>0x2e</size>
         <input_file_ref idref="fl-cc"/>
      </object_component>
      <object_component id="oc-2b9">
         <name>.debug_line</name>
         <load_address>0x2ac7</load_address>
         <run_address>0x2ac7</run_address>
         <size>0x20</size>
         <input_file_ref idref="fl-cd"/>
      </object_component>
      <object_component id="oc-1b3">
         <name>.debug_line</name>
         <load_address>0x2ae7</load_address>
         <run_address>0x2ae7</run_address>
         <size>0x46</size>
         <input_file_ref idref="fl-cd"/>
      </object_component>
      <object_component id="oc-2b6">
         <name>.debug_line</name>
         <load_address>0x2b2d</load_address>
         <run_address>0x2b2d</run_address>
         <size>0x9a</size>
         <input_file_ref idref="fl-cd"/>
      </object_component>
      <object_component id="oc-256">
         <name>.debug_line</name>
         <load_address>0x2bc7</load_address>
         <run_address>0x2bc7</run_address>
         <size>0x91</size>
         <input_file_ref idref="fl-cd"/>
      </object_component>
      <object_component id="oc-1cf">
         <name>.debug_line</name>
         <load_address>0x2c58</load_address>
         <run_address>0x2c58</run_address>
         <size>0x37</size>
         <input_file_ref idref="fl-ce"/>
      </object_component>
      <object_component id="oc-221">
         <name>.debug_line</name>
         <load_address>0x2c8f</load_address>
         <run_address>0x2c8f</run_address>
         <size>0xd2</size>
         <input_file_ref idref="fl-cf"/>
      </object_component>
      <object_component id="oc-190">
         <name>.debug_line</name>
         <load_address>0x2d61</load_address>
         <run_address>0x2d61</run_address>
         <size>0x77</size>
         <input_file_ref idref="fl-d0"/>
      </object_component>
      <object_component id="oc-20c">
         <name>.debug_line</name>
         <load_address>0x2dd8</load_address>
         <run_address>0x2dd8</run_address>
         <size>0x77</size>
         <input_file_ref idref="fl-d0"/>
      </object_component>
      <object_component id="oc-207">
         <name>.debug_line</name>
         <load_address>0x2e4f</load_address>
         <run_address>0x2e4f</run_address>
         <size>0xa8</size>
         <input_file_ref idref="fl-d1"/>
      </object_component>
      <object_component id="oc-202">
         <name>.debug_line</name>
         <load_address>0x2ef7</load_address>
         <run_address>0x2ef7</run_address>
         <size>0x8e</size>
         <input_file_ref idref="fl-d2"/>
      </object_component>
      <object_component id="oc-211">
         <name>.debug_line</name>
         <load_address>0x2f85</load_address>
         <run_address>0x2f85</run_address>
         <size>0x5a</size>
         <input_file_ref idref="fl-d3"/>
      </object_component>
      <object_component id="oc-21c">
         <name>.debug_line</name>
         <load_address>0x2fdf</load_address>
         <run_address>0x2fdf</run_address>
         <size>0x50</size>
         <input_file_ref idref="fl-d4"/>
      </object_component>
      <object_component id="oc-1fb">
         <name>.debug_line</name>
         <load_address>0x302f</load_address>
         <run_address>0x302f</run_address>
         <size>0x81</size>
         <input_file_ref idref="fl-d5"/>
      </object_component>
      <object_component id="oc-27f">
         <name>.debug_line</name>
         <load_address>0x30b0</load_address>
         <run_address>0x30b0</run_address>
         <size>0xbf</size>
         <input_file_ref idref="fl-d6"/>
      </object_component>
      <object_component id="oc-14b">
         <name>.debug_line</name>
         <load_address>0x316f</load_address>
         <run_address>0x316f</run_address>
         <size>0x6f</size>
         <input_file_ref idref="fl-d6"/>
      </object_component>
      <object_component id="oc-283">
         <name>.debug_line</name>
         <load_address>0x31de</load_address>
         <run_address>0x31de</run_address>
         <size>0x2e</size>
         <input_file_ref idref="fl-d6"/>
      </object_component>
      <object_component id="oc-2c9">
         <name>.debug_line</name>
         <load_address>0x320c</load_address>
         <run_address>0x320c</run_address>
         <size>0x9a</size>
         <input_file_ref idref="fl-d6"/>
      </object_component>
      <object_component id="oc-288">
         <name>.debug_line</name>
         <load_address>0x32a6</load_address>
         <run_address>0x32a6</run_address>
         <size>0x97</size>
         <input_file_ref idref="fl-d6"/>
      </object_component>
      <object_component id="oc-28d">
         <name>.debug_line</name>
         <load_address>0x333d</load_address>
         <run_address>0x333d</run_address>
         <size>0x93</size>
         <input_file_ref idref="fl-d6"/>
      </object_component>
      <object_component id="oc-e6">
         <name>.debug_line</name>
         <load_address>0x33d0</load_address>
         <run_address>0x33d0</run_address>
         <size>0x40</size>
         <input_file_ref idref="fl-d7"/>
      </object_component>
      <object_component id="oc-13f">
         <name>.debug_line</name>
         <load_address>0x3410</load_address>
         <run_address>0x3410</run_address>
         <size>0x3c</size>
         <input_file_ref idref="fl-d9"/>
      </object_component>
      <object_component id="oc-2d3">
         <name>.debug_line</name>
         <load_address>0x344c</load_address>
         <run_address>0x344c</run_address>
         <size>0x20</size>
         <input_file_ref idref="fl-dc"/>
      </object_component>
      <object_component id="oc-216">
         <name>.debug_line</name>
         <load_address>0x346c</load_address>
         <run_address>0x346c</run_address>
         <size>0x66</size>
         <input_file_ref idref="fl-dc"/>
      </object_component>
      <object_component id="oc-2b2">
         <name>.debug_line</name>
         <load_address>0x34d2</load_address>
         <run_address>0x34d2</run_address>
         <size>0x20</size>
         <input_file_ref idref="fl-dd"/>
      </object_component>
      <object_component id="oc-1ad">
         <name>.debug_line</name>
         <load_address>0x34f2</load_address>
         <run_address>0x34f2</run_address>
         <size>0x48</size>
         <input_file_ref idref="fl-dd"/>
      </object_component>
      <object_component id="oc-2df">
         <name>.debug_line</name>
         <load_address>0x353a</load_address>
         <run_address>0x353a</run_address>
         <size>0x20</size>
         <input_file_ref idref="fl-de"/>
      </object_component>
      <object_component id="oc-24d">
         <name>.debug_line</name>
         <load_address>0x355a</load_address>
         <run_address>0x355a</run_address>
         <size>0xb0</size>
         <input_file_ref idref="fl-de"/>
      </object_component>
      <object_component id="oc-292">
         <name>.debug_line</name>
         <load_address>0x360a</load_address>
         <run_address>0x360a</run_address>
         <size>0x20</size>
         <input_file_ref idref="fl-df"/>
      </object_component>
      <object_component id="oc-184">
         <name>.debug_line</name>
         <load_address>0x362a</load_address>
         <run_address>0x362a</run_address>
         <size>0xb2</size>
         <input_file_ref idref="fl-df"/>
      </object_component>
      <object_component id="oc-2bd">
         <name>.debug_line</name>
         <load_address>0x36dc</load_address>
         <run_address>0x36dc</run_address>
         <size>0x20</size>
         <input_file_ref idref="fl-e0"/>
      </object_component>
      <object_component id="oc-2bb">
         <name>.debug_line</name>
         <load_address>0x36fc</load_address>
         <run_address>0x36fc</run_address>
         <size>0x2b</size>
         <input_file_ref idref="fl-e0"/>
      </object_component>
      <object_component id="oc-1b9">
         <name>.debug_line</name>
         <load_address>0x3727</load_address>
         <run_address>0x3727</run_address>
         <size>0x40</size>
         <input_file_ref idref="fl-e0"/>
      </object_component>
      <object_component id="oc-2d5">
         <name>.debug_line</name>
         <load_address>0x3767</load_address>
         <run_address>0x3767</run_address>
         <size>0x20</size>
         <input_file_ref idref="fl-e1"/>
      </object_component>
      <object_component id="oc-241">
         <name>.debug_line</name>
         <load_address>0x3787</load_address>
         <run_address>0x3787</run_address>
         <size>0x5e</size>
         <input_file_ref idref="fl-e1"/>
      </object_component>
      <object_component id="oc-2d9">
         <name>.debug_line</name>
         <load_address>0x37e5</load_address>
         <run_address>0x37e5</run_address>
         <size>0x9a</size>
         <input_file_ref idref="fl-e1"/>
      </object_component>
      <object_component id="oc-2a5">
         <name>.debug_line</name>
         <load_address>0x387f</load_address>
         <run_address>0x387f</run_address>
         <size>0x97</size>
         <input_file_ref idref="fl-e1"/>
      </object_component>
[...]
   <cptbl_list>
      <cptbl>
         <name>__TI_cinit_table</name>
         <cprec>
            <name>.data</name>
            <load_address>0x3348</load_address>
            <load_size>0x11</load_size>
            <run_address>0x20001cdc</run_address>
            <run_size>0x28</run_size>
            <compression>lzss</compression>
         </cprec>
         <cprec>
            <name>.bss</name>
            <load_address>0x3368</load_address>
            <load_size>0x8</load_size>
            <run_address>0x20001000</run_address>
            <run_size>0xcdc</run_size>
            <compression>zero_init</compression>
         </cprec>
      </cptbl>
   </cptbl_list>
   <handler_table>
      <handler_table_name>__TI_handler_table</handler_table_name>
      <handler>
         <index>0x0</index>
         <name>__TI_decompress_lzss</name>
      </handler>
      <handler>
         <index>0x1</index>
         <name>__TI_decompress_none</name>
      </handler>
      <handler>
         <index>0x2</index>
         <name>__TI_zero_init</name>
      </handler>
   </handler_table>
   <symbol_table>
      <symbol id="sm-1">
         <name>__STACK_TOP</name>
         <value>0x20000200</value>
      </symbol>
      <symbol id="sm-2">
         <name>__TI_CINIT_Base</name>
         <value>0x3370</value>
      </symbol>
      <symbol id="sm-3">
         <name>__TI_CINIT_Limit</name>
         <value>0x3380</value>
      </symbol>
      <symbol id="sm-4">
         <name>__TI_Handler_Table_Base</name>
         <value>0x335c</value>
      </symbol>
      <symbol id="sm-5">
         <name>__TI_Handler_Table_Limit</name>
         <value>0x3368</value>
      </symbol>
      <symbol id="sm-6">
         <name>binit</name>
         <value>0xffffffff</value>
      </symbol>
      <symbol id="sm-7">
         <name>__binit__</name>
         <value>0xffffffff</value>
      </symbol>
      <symbol id="sm-8">
         <name>__STACK_SIZE</name>
         <value>0x1000</value>
      </symbol>
      <symbol id="sm-9">
         <name>__STACK_END</name>
         <value>0x20001000</value>
      </symbol>
      <symbol id="sm-a">
         <name>__c_args__</name>
         <value>0xffffffff</value>
      </symbol>
      <symbol id="sm-b">
         <name>__TI_pprof_out_hndl</name>
         <value>0xffffffff</value>
      </symbol>
      <symbol id="sm-c">
         <name>__TI_prof_data_start</name>
         <value>0xffffffff</value>
      </symbol>
      <symbol id="sm-d">
         <name>__TI_prof_data_size</name>
         <value>0xffffffff</value>
      </symbol>
      <symbol id="sm-4d">
         <name>writeEeprom</name>
         <value>0x2be3</value>
         <object_component_ref idref="oc-82"/>
      </symbol>
      <symbol id="sm-4e">
         <name>initEeprom</name>
         <value>0x2bcd</value>
         <object_component_ref idref="oc-82"/>
      </symbol>
      <symbol id="sm-4f">
         <name>readEeprom</name>
         <value>0x2c15</value>
         <object_component_ref idref="oc-82"/>
      </symbol>
      <symbol id="sm-7b">
         <name>hr</name>
         <value>0x20001ccc</value>
      </symbol>
      <symbol id="sm-7c">
         <name>min</name>
         <value>0x20001cd0</value>
      </symbol>
      <symbol id="sm-7d">
         <name>sec</name>
         <value>0x20001cd8</value>
      </symbol>
      <symbol id="sm-7e">
         <name>day</name>
         <value>0x20001cc8</value>
      </symbol>
      <symbol id="sm-7f">
         <name>month</name>
         <value>0x20001cd4</value>
      </symbol>
      <symbol id="sm-80">
         <name>timestr</name>
         <value>0x20001c64</value>
      </symbol>
      <symbol id="sm-81">
         <name>initHibernationHW</name>
         <value>0x20e5</value>
         <object_component_ref idref="oc-a7"/>
      </symbol>
      <symbol id="sm-82">
         <name>getCurrentSeconds</name>
         <value>0x211d</value>
         <object_component_ref idref="oc-a7"/>
      </symbol>
      <symbol id="sm-83">
         <name>get_time</name>
         <value>0x214f</value>
         <object_component_ref idref="oc-a7"/>
      </symbol>
      <symbol id="sm-84">
         <name>get_date</name>
         <value>0x21a7</value>
         <object_component_ref idref="oc-a7"/>
      </symbol>
      <symbol id="sm-85">
         <name>set_time</name>
         <value>0x212f</value>
         <object_component_ref idref="oc-a7"/>
      </symbol>
      <symbol id="sm-86">
         <name>set_date</name>
         <value>0x218f</value>
         <object_component_ref idref="oc-a7"/>
      </symbol>
      <symbol id="sm-175">
         <name>data_table</name>
         <value>0x20001000</value>
      </symbol>
      <symbol id="sm-176">
         <name>str</name>
         <value>0x20001c00</value>
      </symbol>
      <symbol id="sm-177">
         <name>txbuffer</name>
         <value>0x20001800</value>
      </symbol>
      <symbol id="sm-178">
         <name>initHw</name>
         <value>0x26d</value>
         <object_component_ref idref="oc-2a"/>
      </symbol>
      <symbol id="sm-179">
         <name>dmxTX</name>
         <value>0x8cd</value>
         <object_component_ref idref="oc-2a"/>
      </symbol>
      <symbol id="sm-17a">
         <name>add</name>
         <value>0x20001cf8</value>
         <object_component_ref idref="oc-8e"/>
      </symbol>
      <symbol id="sm-17b">
         <name>phase</name>
         <value>0x20001cec</value>
         <object_component_ref idref="oc-8e"/>
      </symbol>
      <symbol id="sm-17c">
         <name>setRgbColor</name>
         <value>0x36d</value>
         <object_component_ref idref="oc-2a"/>
      </symbol>
      <symbol id="sm-17d">
         <name>wr_idx</name>
         <value>0x20001ce4</value>
         <object_component_ref idref="oc-8e"/>
      </symbol>
      <symbol id="sm-17e">
         <name>isCommand</name>
         <value>0x7a7</value>
         <object_component_ref idref="oc-2a"/>
      </symbol>
      <symbol id="sm-17f">
         <name>getFieldString</name>
         <value>0x691</value>
         <object_component_ref idref="oc-2a"/>
      </symbol>
      <symbol id="sm-180">
         <name>initPWM</name>
         <value>0x2e1</value>
         <object_component_ref idref="oc-2a"/>
      </symbol>
      <symbol id="sm-181">
         <name>poll_req</name>
         <value>0x20001ce1</value>
         <object_component_ref idref="oc-8e"/>
      </symbol>
      <symbol id="sm-182">
         <name>Timer1Isr</name>
         <value>0x8eb</value>
         <object_component_ref idref="oc-2a"/>
      </symbol>
      <symbol id="sm-183">
         <name>setMode</name>
         <value>0x7ed</value>
         <object_component_ref idref="oc-2a"/>
      </symbol>
      <symbol id="sm-184">
         <name>parseFields</name>
         <value>0x4f1</value>
         <object_component_ref idref="oc-2a"/>
      </symbol>
      <symbol id="sm-185">
         <name>rd_idx</name>
         <value>0x20001ce8</value>
         <object_component_ref idref="oc-8e"/>
      </symbol>
      <symbol id="sm-186">
         <name>uart0RxIsr</name>
         <value>0x88d</value>
         <object_component_ref idref="oc-2a"/>
      </symbol>
      <symbol id="sm-187">
         <name>getFieldInteger</name>
         <value>0x6d1</value>
         <object_component_ref idref="oc-2a"/>
      </symbol>
      <symbol id="sm-188">
         <name>displayUart0</name>
         <value>0x811</value>
         <object_component_ref idref="oc-2a"/>
      </symbol>
      <symbol id="sm-189">
         <name>main</name>
         <value>0xa99</value>
         <object_component_ref idref="oc-2a"/>
      </symbol>
      <symbol id="sm-18a">
         <name>on</name>
         <value>0x20001ce0</value>
         <object_component_ref idref="oc-8e"/>
      </symbol>
      <symbol id="sm-18b">
         <name>compare</name>
         <value>0x761</value>
         <object_component_ref idref="oc-2a"/>
      </symbol>
      <symbol id="sm-18c">
         <name>uart1Isr</name>
         <value>0x975</value>
         <object_component_ref idref="oc-2a"/>
      </symbol>
      <symbol id="sm-18d">
         <name>req_poll</name>
         <value>0x7e5</value>
         <object_component_ref idref="oc-2a"/>
      </symbol>
      <symbol id="sm-18e">
         <name>alpha</name>
         <value>0x41d</value>
         <object_component_ref idref="oc-2a"/>
      </symbol>
      <symbol id="sm-18f">
         <name>rx_phase</name>
         <value>0x20001cf0</value>
         <object_component_ref idref="oc-8e"/>
      </symbol>
      <symbol id="sm-190">
         <name>setAdd</name>
         <value>0x7f9</value>
         <object_component_ref idref="oc-2a"/>
      </symbol>
      <symbol id="sm-191">
         <name>mode</name>
         <value>0x20001cf4</value>
         <object_component_ref idref="oc-8e"/>
      </symbol>
      <symbol id="sm-192">
         <name>data</name>
         <value>0x20001cfc</value>
         <object_component_ref idref="oc-8e"/>
      </symbol>
      <symbol id="sm-193">
         <name>max</name>
         <value>0x20001cdc</value>
         <object_component_ref idref="oc-8e"/>
      </symbol>
      <symbol id="sm-194">
         <name>numeric</name>
         <value>0x44f</value>
         <object_component_ref idref="oc-2a"/>
      </symbol>
      <symbol id="sm-195">
         <name>getsUart0</name>
         <value>0x399</value>
         <object_component_ref idref="oc-2a"/>
      </symbol>
      <symbol id="sm-1a6">
         <name>initTimer1</name>
         <value>0x2eb1</value>
         <object_component_ref idref="oc-88"/>
      </symbol>
      <symbol id="sm-1c2">
         <name>ResetISR</name>
         <value>0x321b</value>
         <object_component_ref idref="oc-24"/>
      </symbol>
      <symbol id="sm-1c3">
         <name>g_pfnVectors</name>
         <value>0x0</value>
         <object_component_ref idref="oc-f"/>
      </symbol>
      <symbol id="sm-1ed">
         <name>getcUart0</name>
         <value>0x2075</value>
         <object_component_ref idref="oc-71"/>
      </symbol>
      <symbol id="sm-1ee">
         <name>kbhitUart0</name>
         <value>0x2089</value>
         <object_component_ref idref="oc-71"/>
      </symbol>
      <symbol id="sm-1ef">
         <name>setUart0BaudRate</name>
         <value>0x2001</value>
         <object_component_ref idref="oc-71"/>
      </symbol>
      <symbol id="sm-1f0">
         <name>putsUart0</name>
         <value>0x2049</value>
         <object_component_ref idref="oc-71"/>
      </symbol>
      <symbol id="sm-1f1">
         <name>initUart0</name>
         <value>0x1f69</value>
         <object_component_ref idref="oc-71"/>
      </symbol>
      <symbol id="sm-1f2">
         <name>putcUart0</name>
         <value>0x202d</value>
         <object_component_ref idref="oc-71"/>
      </symbol>
      <symbol id="sm-20b">
         <name>initUart1</name>
         <value>0x27e9</value>
         <object_component_ref idref="oc-94"/>
      </symbol>
      <symbol id="sm-20c">
         <name>setUart1BaudRate</name>
         <value>0x287b</value>
         <object_component_ref idref="oc-94"/>
      </symbol>
      <symbol id="sm-21a">
         <name>waitMicrosecond</name>
         <value>0x3153</value>
         <object_component_ref idref="oc-9a"/>
      </symbol>
      <symbol id="sm-241">
         <name>sprintf</name>
         <value>0x3071</value>
         <object_component_ref idref="oc-a0"/>
      </symbol>
      <symbol id="sm-250">
         <name>__aeabi_uidivmod</name>
         <value>0x3031</value>
         <object_component_ref idref="oc-122"/>
      </symbol>
      <symbol id="sm-251">
         <name>__aeabi_uidiv</name>
         <value>0x3031</value>
         <object_component_ref idref="oc-122"/>
      </symbol>
      <symbol id="sm-26c">
         <name>memcpy</name>
         <value>0x298f</value>
         <object_component_ref idref="oc-3e"/>
      </symbol>
      <symbol id="sm-26d">
         <name>__aeabi_memcpy</name>
         <value>0x298f</value>
         <object_component_ref idref="oc-3e"/>
      </symbol>
      <symbol id="sm-26e">
         <name>__aeabi_memcpy8</name>
         <value>0x298f</value>
         <object_component_ref idref="oc-3e"/>
      </symbol>
      <symbol id="sm-26f">
         <name>__aeabi_memcpy4</name>
         <value>0x298f</value>
         <object_component_ref idref="oc-3e"/>
      </symbol>
      <symbol id="sm-27e">
         <name>__aeabi_memset</name>
         <value>0x2c53</value>
         <object_component_ref idref="oc-77"/>
      </symbol>
      <symbol id="sm-27f">
         <name>memset</name>
         <value>0x2c59</value>
         <object_component_ref idref="oc-77"/>
      </symbol>
      <symbol id="sm-280">
         <name>__aeabi_memset8</name>
         <value>0x2c53</value>
         <object_component_ref idref="oc-77"/>
      </symbol>
      <symbol id="sm-281">
         <name>__aeabi_memset4</name>
         <value>0x2c53</value>
         <object_component_ref idref="oc-77"/>
      </symbol>
      <symbol id="sm-282">
         <name>__aeabi_memclr8</name>
         <value>0x2c51</value>
         <object_component_ref idref="oc-77"/>
      </symbol>
      <symbol id="sm-283">
         <name>__aeabi_memclr4</name>
         <value>0x2c51</value>
         <object_component_ref idref="oc-77"/>
      </symbol>
      <symbol id="sm-284">
         <name>__aeabi_memclr</name>
         <value>0x2c51</value>
         <object_component_ref idref="oc-77"/>
      </symbol>
      <symbol id="sm-296">
         <name>__TI_zero_init</name>
         <value>0x320f</value>
         <object_component_ref idref="oc-50"/>
      </symbol>
      <symbol id="sm-2ad">
         <name>__TI_decompress_none</name>
         <value>0x3201</value>
         <object_component_ref idref="oc-18"/>
      </symbol>
      <symbol id="sm-2d0">
         <name>__TI_decompress_lzss</name>
         <value>0x2d39</value>
         <object_component_ref idref="oc-12"/>
      </symbol>
      <symbol id="sm-2e6">
         <name>atoi</name>
         <value>0x2f59</value>
         <object_component_ref idref="oc-7c"/>
      </symbol>
      <symbol id="sm-2f1">
         <name>_ctypes_</name>
         <value>0x3240</value>
         <object_component_ref idref="oc-f7"/>
      </symbol>
      <symbol id="sm-304">
         <name>__stack</name>
         <value>0x20000000</value>
         <object_component_ref idref="oc-21"/>
      </symbol>
      <symbol id="sm-305">
         <name>_c_int00_noargs</name>
         <value>0x30f1</value>
         <object_component_ref idref="oc-5c"/>
      </symbol>
      <symbol id="sm-46a">
         <name>__TI_printfi</name>
         <value>0xf21</value>
         <object_component_ref idref="oc-109"/>
      </symbol>
      <symbol id="sm-483">
         <name>wcslen</name>
         <value>0x31ef</value>
         <object_component_ref idref="oc-1af"/>
      </symbol>
      <symbol id="sm-48d">
         <name>__aeabi_idiv0</name>
         <value>0x196f</value>
         <object_component_ref idref="oc-1cb"/>
      </symbol>
      <symbol id="sm-48e">
         <name>__aeabi_ldiv0</name>
         <value>0x196f</value>
         <object_component_ref idref="oc-1cb"/>
      </symbol>
      <symbol id="sm-4a5">
         <name>__aeabi_dsub</name>
         <value>0x1db1</value>
         <object_component_ref idref="oc-21d"/>
      </symbol>
      <symbol id="sm-4a6">
         <name>__aeabi_dadd</name>
         <value>0x1dbb</value>
         <object_component_ref idref="oc-21d"/>
      </symbol>
      <symbol id="sm-4c8">
         <name>__aeabi_cdcmpeq</name>
         <value>0x2ac1</value>
         <object_component_ref idref="oc-18c"/>
      </symbol>
      <symbol id="sm-4c9">
         <name>__aeabi_cdcmple</name>
         <value>0x2ac1</value>
         <object_component_ref idref="oc-18c"/>
      </symbol>
      <symbol id="sm-4ca">
         <name>__aeabi_cdrcmple</name>
         <value>0x2b47</value>
         <object_component_ref idref="oc-208"/>
      </symbol>
      <symbol id="sm-4de">
         <name>__aeabi_ddiv</name>
         <value>0x2381</value>
         <object_component_ref idref="oc-203"/>
      </symbol>
      <symbol id="sm-4e9">
         <name>__aeabi_dmul</name>
         <value>0x26ed</value>
         <object_component_ref idref="oc-1fe"/>
      </symbol>
      <symbol id="sm-4f3">
         <name>__aeabi_d2iz</name>
         <value>0x2fa5</value>
         <object_component_ref idref="oc-20d"/>
      </symbol>
      <symbol id="sm-4fd">
         <name>__aeabi_i2d</name>
         <value>0x3125</value>
         <object_component_ref idref="oc-218"/>
      </symbol>
      <symbol id="sm-50a">
         <name>__aeabi_uldivmod</name>
         <value>0x2a2b</value>
         <object_component_ref idref="oc-1f7"/>
      </symbol>
      <symbol id="sm-532">
         <name>__TI_auto_init_nobinit_nopinit</name>
         <value>0x2fed</value>
         <object_component_ref idref="oc-147"/>
      </symbol>
      <symbol id="sm-53c">
         <name>_system_pre_init</name>
         <value>0x3239</value>
         <object_component_ref idref="oc-e2"/>
      </symbol>
      <symbol id="sm-548">
         <name>C$$EXIT</name>
         <value>0x323d</value>
         <object_component_ref idref="oc-13b"/>
      </symbol>
      <symbol id="sm-549">
         <name>abort</name>
         <value>0x323d</value>
         <object_component_ref idref="oc-13b"/>
      </symbol>
      <symbol id="sm-55a">
         <name>ltoa</name>
         <value>0x2e5b</value>
         <object_component_ref idref="oc-212"/>
      </symbol>
      <symbol id="sm-56a">
         <name>memccpy</name>
         <value>0x3177</value>
         <object_component_ref idref="oc-1a9"/>
      </symbol>
      <symbol id="sm-57a">
         <name>strchr</name>
         <value>0x31c5</value>
         <object_component_ref idref="oc-249"/>
      </symbol>
      <symbol id="sm-588">
         <name>strlen</name>
         <value>0x31db</value>
         <object_component_ref idref="oc-180"/>
      </symbol>
      <symbol id="sm-59e">
         <name>__aeabi_errno_addr</name>
         <value>0x3231</value>
         <object_component_ref idref="oc-1b5"/>
      </symbol>
      <symbol id="sm-59f">
         <name>errno</name>
         <value>0x20001d00</value>
         <object_component_ref idref="oc-259"/>
      </symbol>
      <symbol id="sm-5bf">
         <name>frexpl</name>
         <value>0x2da1</value>
         <object_component_ref idref="oc-23d"/>
      </symbol>
      <symbol id="sm-5c0">
         <name>frexp</name>
         <value>0x2da1</value>
         <object_component_ref idref="oc-23d"/>
      </symbol>
      <symbol id="sm-5dd">
         <name>scalbn</name>
         <value>0x25dd</value>
         <object_component_ref idref="oc-243"/>
      </symbol>
      <symbol id="sm-5de">
         <name>scalbnl</name>
         <value>0x25dd</value>
         <object_component_ref idref="oc-243"/>
      </symbol>
      <symbol id="sm-5df">
         <name>ldexpl</name>
         <value>0x25dd</value>
         <object_component_ref idref="oc-243"/>
      </symbol>
      <symbol id="sm-5e0">
         <name>ldexp</name>
         <value>0x25dd</value>
         <object_component_ref idref="oc-243"/>
      </symbol>
      <symbol id="sm-5ea">
         <name>copysign</name>
         <value>0x3193</value>
         <object_component_ref idref="oc-2a7"/>
      </symbol>
      <symbol id="sm-5eb">
         <name>copysignl</name>
         <value>0x3193</value>
         <object_component_ref idref="oc-2a7"/>
      </symbol>
      <symbol id="sm-5ec">
         <name>__TI_static_base__</name>
         <value>0x0</value>
      </symbol>
      <symbol id="sm-5ef">
         <name>__mpu_init</name>
         <value>0x0</value>
      </symbol>
      <symbol id="sm-5f0">
         <name>_system_post_cinit</name>
         <value>0x0</value>
      </symbol>
   </symbol_table>
   <title>Link successful</title>
</link_info>
