******************************************************************************
                  TI ARM Linker Unix v18.12.5                  
******************************************************************************
>> Linked Thu Nov  5 18:05:50 2020

OUTPUT FILE NAME:   <DMX-512-A-protcol.out>
ENTRY POINT SYMBOL: "_c_int00_noargs"  address: 00002f45


MEMORY CONFIGURATION

         name            origin    length      used     unused   attr    fill
----------------------  --------  ---------  --------  --------  ----  --------
  FLASH                 00000000   00040000  000031cd  0003ce33  R  X
  SRAM                  20000000   00008000  00001d08  000062f8  RW X


SEGMENT ALLOCATION MAP

run origin  load origin   length   init length attrs members
----------  ----------- ---------- ----------- ----- -------
00000000    00000000    000031d0   000031d0    r-x
  00000000    00000000    0000026c   0000026c    r-- .intvecs
  0000026c    0000026c    00002e28   00002e28    r-x .text
  00003094    00003094    00000101   00000101    r-- .const
  00003198    00003198    00000038   00000038    r-- .cinit
20000000    20000000    00001d08   00000000    rw-
  20000000    20000000    00001000   00000000    rw- .stack
  20001000    20001000    00000cdc   00000000    rw- .bss
  20001cdc    20001cdc    0000002c   00000000    rw- .data


SECTION ALLOCATION MAP

 output                                  attributes/
section   page    origin      length       input sections
--------  ----  ----------  ----------   ----------------
.intvecs   0    00000000    0000026c     
                  00000000    0000026c     tm4c123gh6pm_startup_ccs.obj (.intvecs)

.text      0    0000026c    00002e28     
                  0000026c    00000b08     main.obj (.text)
                  00000d74    00000a4e     rtsv7M4_T_le_v4SPD16_eabi.lib : _printfi.c.obj (.text:__TI_printfi)
                  000017c2    00000002                                   : div0.asm.obj (.text)
                  000017c4    00000270                                   : _printfi.c.obj (.text:_pconv_a)
                  00001a34    000001d0                                   : _printfi.c.obj (.text:_pconv_g)
                  00001c04    000001b6                                   : fd_add_t2.asm.obj (.text)
                  00001dba    00000002     --HOLE-- [fill = 0]
                  00001dbc    0000017c     uart0.obj (.text)
                  00001f38    00000160     hibernation.obj (.text)
                  00002098    0000013c     rtsv7M4_T_le_v4SPD16_eabi.lib : _printfi.c.obj (.text:_pconv_e)
                  000021d4    00000136                                   : fd_div_t2.asm.obj (.text)
                  0000230a    00000002     --HOLE-- [fill = 0]
                  0000230c    00000124                                   : _printfi.c.obj (.text:fcvt)
                  00002430    00000110                                   : s_scalbn.c.obj (.text:scalbn)
                  00002540    000000fc                                   : fd_mul_t2.asm.obj (.text)
                  0000263c    000000f4     uart1.obj (.text)
                  00002730    000000b1     rtsv7M4_T_le_v4SPD16_eabi.lib : _printfi.c.obj (.text:_ltostr)
                  000027e1    00000001     --HOLE-- [fill = 0]
                  000027e2    0000009c                                   : memcpy_t2.asm.obj (.text)
                  0000287e    00000096                                   : ull_div_t2.asm.obj (.text)
                  00002914    00000086                                   : fd_cmp_t2.asm.obj (.text:__aeabi_cdcmple)
                  0000299a    00000086                                   : fd_cmp_t2.asm.obj (.text:__aeabi_cdrcmple)
                  00002a20    00000084     eeprom.obj (.text)
                  00002aa4    0000007a     rtsv7M4_T_le_v4SPD16_eabi.lib : memset_t2.asm.obj (.text)
                  00002b1e    0000006e                                   : _printfi.c.obj (.text:_mcpy)
                  00002b8c    00000068                                   : copy_decompress_lzss.c.obj (.text:decompress:lzss:__TI_decompress_lzss)
                  00002bf4    00000064                                   : s_frexp.c.obj (.text:frexp)
                  00002c58    00000056                                   : _printfi.c.obj (.text:_pconv_f)
                  00002cae    00000054                                   : ltoa.c.obj (.text:ltoa)
                  00002d02    00000002     --HOLE-- [fill = 0]
                  00002d04    00000054     timer.obj (.text)
                  00002d58    00000052     rtsv7M4_T_le_v4SPD16_eabi.lib : _printfi.c.obj (.text:_ecpy)
                  00002daa    00000002     --HOLE-- [fill = 0]
                  00002dac    0000004c                                   : atoi.c.obj (.text:atoi)
                  00002df8    00000048                                   : fd_toi_t2.asm.obj (.text)
                  00002e40    00000044                                   : autoinit.c.obj (.text:__TI_auto_init_nobinit_nopinit:__TI_auto_init_nobinit_nopinit)
                  00002e84    00000040                                   : u_divt2.asm.obj (.text)
                  00002ec4    00000040                                   : sprintf.c.obj (.text:sprintf)
                  00002f04    0000003e                                   : _printfi.c.obj (.text:_fcpy)
                  00002f42    00000002     --HOLE-- [fill = 0]
                  00002f44    00000034                                   : boot_cortex_m.c.obj (.text:_c_int00_noargs:_c_int00_noargs)
                  00002f78    0000002e                                   : i_tofd_t2.asm.obj (.text)
                  00002fa6    00000024     wait.obj (.text)
                  00002fca    0000001c     rtsv7M4_T_le_v4SPD16_eabi.lib : memccpy.c.obj (.text:memccpy)
                  00002fe6    0000001a                                   : s_copysign.c.obj (.text:copysign)
                  00003000    00000018                                   : sprintf.c.obj (.text:_outs)
                  00003018    00000016                                   : strchr.c.obj (.text:strchr)
                  0000302e    00000014                                   : strlen.c.obj (.text:strlen)
                  00003042    00000012                                   : wcslen.c.obj (.text:wcslen)
                  00003054    0000000e                                   : copy_decompress_none.c.obj (.text:decompress:none:__TI_decompress_none)
                  00003062    0000000c                                   : copy_zero_init.c.obj (.text:decompress:ZI:__TI_zero_init)
                  0000306e    0000000c     tm4c123gh6pm_startup_ccs.obj (.text)
                  0000307a    0000000a     rtsv7M4_T_le_v4SPD16_eabi.lib : sprintf.c.obj (.text:_outc)
                  00003084    00000008                                   : errno.c.obj (.text:__aeabi_errno_addr)
                  0000308c    00000004                                   : pre_init.c.obj (.text:_system_pre_init)
                  00003090    00000004                                   : exit.c.obj (.text:abort:abort)

.const     0    00003094    00000101     
                  00003094    00000101     rtsv7M4_T_le_v4SPD16_eabi.lib : ctype.c.obj (.const:.string:_ctypes_)

.cinit     0    00003198    00000038     
                  00003198    00000011     (.cinit..data.load) [load image, compression = lzss]
                  000031a9    00000003     --HOLE-- [fill = 0]
                  000031ac    0000000c     (__TI_handler_table)
                  000031b8    00000008     (.cinit..bss.load) [load image, compression = zero_init]
                  000031c0    00000010     (__TI_cinit_table)

.init_array 
*          0    00000000    00000000     UNINITIALIZED

.bss       0    20001000    00000cdc     UNINITIALIZED
                  20001000    00000800     (.common:data_table)
                  20001800    00000400     (.common:txbuffer)
                  20001c00    00000064     (.common:str)
                  20001c64    00000064     (.common:timestr)
                  20001cc8    00000004     (.common:day)
                  20001ccc    00000004     (.common:hr)
                  20001cd0    00000004     (.common:min)
                  20001cd4    00000004     (.common:month)
                  20001cd8    00000004     (.common:sec)

.data      0    20001cdc    0000002c     UNINITIALIZED
                  20001cdc    00000028     main.obj (.data)
                  20001d04    00000004     rtsv7M4_T_le_v4SPD16_eabi.lib : errno.c.obj (.data)

.stack     0    20000000    00001000     UNINITIALIZED
                  20000000    00000004     rtsv7M4_T_le_v4SPD16_eabi.lib : boot_cortex_m.c.obj (.stack)
                  20000004    00000ffc     --HOLE--

MODULE SUMMARY

       Module                         code    ro data   rw data
       ------                         ----    -------   -------
    ./
       main.obj                       2824    0         3212   
       tm4c123gh6pm_startup_ccs.obj   12      620       0      
       hibernation.obj                352     0         120    
       uart0.obj                      380     0         0      
       uart1.obj                      244     0         0      
       eeprom.obj                     132     0         0      
       timer.obj                      84      0         0      
       wait.obj                       36      0         0      
    +--+------------------------------+-------+---------+---------+
       Total:                         4064    620       3332   
                                                               
    /Applications/ti/ccs930/ccs/tools/compiler/ti-cgt-arm_18.12.5.LTS/lib/rtsv7M4_T_le_v4SPD16_eabi.lib
       _printfi.c.obj                 4851    0         0      
       fd_add_t2.asm.obj              438     0         0      
       fd_div_t2.asm.obj              310     0         0      
       s_scalbn.c.obj                 272     0         0      
       fd_cmp_t2.asm.obj              268     0         0      
       ctype.c.obj                    0       257       0      
       fd_mul_t2.asm.obj              252     0         0      
       memcpy_t2.asm.obj              156     0         0      
       ull_div_t2.asm.obj             150     0         0      
       memset_t2.asm.obj              122     0         0      
       copy_decompress_lzss.c.obj     104     0         0      
       s_frexp.c.obj                  100     0         0      
       sprintf.c.obj                  98      0         0      
       ltoa.c.obj                     84      0         0      
       atoi.c.obj                     76      0         0      
       fd_toi_t2.asm.obj              72      0         0      
       autoinit.c.obj                 68      0         0      
       u_divt2.asm.obj                64      0         0      
       boot_cortex_m.c.obj            52      0         0      
       i_tofd_t2.asm.obj              46      0         0      
       memccpy.c.obj                  28      0         0      
       s_copysign.c.obj               26      0         0      
       strchr.c.obj                   22      0         0      
       strlen.c.obj                   20      0         0      
       wcslen.c.obj                   18      0         0      
       copy_decompress_none.c.obj     14      0         0      
       copy_zero_init.c.obj           12      0         0      
       errno.c.obj                    8       0         4      
       exit.c.obj                     4       0         0      
       pre_init.c.obj                 4       0         0      
       div0.asm.obj                   2       0         0      
    +--+------------------------------+-------+---------+---------+
       Total:                         7741    257       4      
                                                               
       Stack:                         0       0         4096   
       Linker Generated:              0       53        0      
    +--+------------------------------+-------+---------+---------+
       Grand Total:                   11805   930       7432   


LINKER GENERATED COPY TABLES

__TI_cinit_table @ 000031c0 records: 2, size/record: 8, table size: 16
	.data: load addr=00003198, load size=00000011 bytes, run addr=20001cdc, run size=0000002c bytes, compression=lzss
	.bss: load addr=000031b8, load size=00000008 bytes, run addr=20001000, run size=00000cdc bytes, compression=zero_init


LINKER GENERATED HANDLER TABLE

__TI_handler_table @ 000031ac records: 3, size/record: 4, table size: 12
	index: 0, handler: __TI_decompress_lzss
	index: 1, handler: __TI_decompress_none
	index: 2, handler: __TI_zero_init


GLOBAL SYMBOLS: SORTED ALPHABETICALLY BY Name 

address   name                          
-------   ----                          
00003091  C$$EXIT                       
0000306f  ResetISR                      
000007eb  Timer1Isr                     
20001000  __STACK_END                   
00001000  __STACK_SIZE                  
20000200  __STACK_TOP                   
000031c0  __TI_CINIT_Base               
000031d0  __TI_CINIT_Limit              
000031ac  __TI_Handler_Table_Base       
000031b8  __TI_Handler_Table_Limit      
00002e41  __TI_auto_init_nobinit_nopinit
00002b8d  __TI_decompress_lzss          
00003055  __TI_decompress_none          
ffffffff  __TI_pprof_out_hndl           
00000d75  __TI_printfi                  
ffffffff  __TI_prof_data_size           
ffffffff  __TI_prof_data_start          
00000000  __TI_static_base__            
00003063  __TI_zero_init                
00002915  __aeabi_cdcmpeq               
00002915  __aeabi_cdcmple               
0000299b  __aeabi_cdrcmple              
00002df9  __aeabi_d2iz                  
00001c0f  __aeabi_dadd                  
000021d5  __aeabi_ddiv                  
00002541  __aeabi_dmul                  
00001c05  __aeabi_dsub                  
00003085  __aeabi_errno_addr            
00002f79  __aeabi_i2d                   
000017c3  __aeabi_idiv0                 
000017c3  __aeabi_ldiv0                 
00002aa5  __aeabi_memclr                
00002aa5  __aeabi_memclr4               
00002aa5  __aeabi_memclr8               
000027e3  __aeabi_memcpy                
000027e3  __aeabi_memcpy4               
000027e3  __aeabi_memcpy8               
00002aa7  __aeabi_memset                
00002aa7  __aeabi_memset4               
00002aa7  __aeabi_memset8               
00002e85  __aeabi_uidiv                 
00002e85  __aeabi_uidivmod              
0000287f  __aeabi_uldivmod              
ffffffff  __binit__                     
ffffffff  __c_args__                    
UNDEFED   __mpu_init                    
20000000  __stack                       
00002f45  _c_int00_noargs               
00003094  _ctypes_                      
UNDEFED   _system_post_cinit            
0000308d  _system_pre_init              
00003091  abort                         
20001cfc  add                           
0000035b  alpha                         
00002dad  atoi                          
ffffffff  binit                         
00000661  compare                       
00002fe7  copysign                      
00002fe7  copysignl                     
20001d00  data                          
20001000  data_table                    
20001cc8  day                           
00000711  displayUart0                  
000007cd  dmxTX                         
20001d04  errno                         
00002bf5  frexp                         
00002bf5  frexpl                        
00000000  g_pfnVectors                  
00001f71  getCurrentSeconds             
000005d1  getFieldInteger               
00000579  getFieldString                
00001ffb  get_date                      
00001fa3  get_time                      
00001ec9  getcUart0                     
000002d7  getsUart0                     
20001ccc  hr                            
00002a21  initEeprom                    
00001f39  initHibernationHW             
0000026d  initHw                        
00002d05  initTimer1                    
00001dbd  initUart0                     
0000263d  initUart1                     
000006a7  isCommand                     
00001edd  kbhitUart0                    
00002431  ldexp                         
00002431  ldexpl                        
00002caf  ltoa                          
00000925  main                          
20001cdc  max                           
00002fcb  memccpy                       
000027e3  memcpy                        
00002aad  memset                        
20001cd0  min                           
20001cf8  mode                          
20001cd4  month                         
20001cf4  n                             
0000038d  numeric                       
20001ce0  on                            
000003c7  parseFields                   
20001cec  phase                         
20001ce1  poll_req                      
00001e81  putcUart0                     
00001e9d  putsUart0                     
20001ce8  rd_idx                        
00002a69  readEeprom                    
000006e5  req_poll                      
20001cf0  rx_phase                      
00002431  scalbn                        
00002431  scalbnl                       
20001cd8  sec                           
000006f9  setAdd                        
000006ed  setMode                       
00001e55  setUart0BaudRate              
000026cf  setUart1BaudRate              
00001fe3  set_date                      
00001f83  set_time                      
00002ec5  sprintf                       
20001c00  str                           
00003019  strchr                        
0000302f  strlen                        
20001c64  timestr                       
20001800  txbuffer                      
0000078d  uart0RxIsr                    
00000875  uart1Isr                      
00002fa7  waitMicrosecond               
00003043  wcslen                        
20001ce4  wr_idx                        
00002a37  writeEeprom                   


GLOBAL SYMBOLS: SORTED BY Symbol Address 

address   name                          
-------   ----                          
00000000  __TI_static_base__            
00000000  g_pfnVectors                  
0000026d  initHw                        
000002d7  getsUart0                     
0000035b  alpha                         
0000038d  numeric                       
000003c7  parseFields                   
00000579  getFieldString                
000005d1  getFieldInteger               
00000661  compare                       
000006a7  isCommand                     
000006e5  req_poll                      
000006ed  setMode                       
000006f9  setAdd                        
00000711  displayUart0                  
0000078d  uart0RxIsr                    
000007cd  dmxTX                         
000007eb  Timer1Isr                     
00000875  uart1Isr                      
00000925  main                          
00000d75  __TI_printfi                  
00001000  __STACK_SIZE                  
000017c3  __aeabi_idiv0                 
000017c3  __aeabi_ldiv0                 
00001c05  __aeabi_dsub                  
00001c0f  __aeabi_dadd                  
00001dbd  initUart0                     
00001e55  setUart0BaudRate              
00001e81  putcUart0                     
00001e9d  putsUart0                     
00001ec9  getcUart0                     
00001edd  kbhitUart0                    
00001f39  initHibernationHW             
00001f71  getCurrentSeconds             
00001f83  set_time                      
00001fa3  get_time                      
00001fe3  set_date                      
00001ffb  get_date                      
000021d5  __aeabi_ddiv                  
00002431  ldexp                         
00002431  ldexpl                        
00002431  scalbn                        
00002431  scalbnl                       
00002541  __aeabi_dmul                  
0000263d  initUart1                     
000026cf  setUart1BaudRate              
000027e3  __aeabi_memcpy                
000027e3  __aeabi_memcpy4               
000027e3  __aeabi_memcpy8               
000027e3  memcpy                        
0000287f  __aeabi_uldivmod              
00002915  __aeabi_cdcmpeq               
00002915  __aeabi_cdcmple               
0000299b  __aeabi_cdrcmple              
00002a21  initEeprom                    
00002a37  writeEeprom                   
00002a69  readEeprom                    
00002aa5  __aeabi_memclr                
00002aa5  __aeabi_memclr4               
00002aa5  __aeabi_memclr8               
00002aa7  __aeabi_memset                
00002aa7  __aeabi_memset4               
00002aa7  __aeabi_memset8               
00002aad  memset                        
00002b8d  __TI_decompress_lzss          
00002bf5  frexp                         
00002bf5  frexpl                        
00002caf  ltoa                          
00002d05  initTimer1                    
00002dad  atoi                          
00002df9  __aeabi_d2iz                  
00002e41  __TI_auto_init_nobinit_nopinit
00002e85  __aeabi_uidiv                 
00002e85  __aeabi_uidivmod              
00002ec5  sprintf                       
00002f45  _c_int00_noargs               
00002f79  __aeabi_i2d                   
00002fa7  waitMicrosecond               
00002fcb  memccpy                       
00002fe7  copysign                      
00002fe7  copysignl                     
00003019  strchr                        
0000302f  strlen                        
00003043  wcslen                        
00003055  __TI_decompress_none          
00003063  __TI_zero_init                
0000306f  ResetISR                      
00003085  __aeabi_errno_addr            
0000308d  _system_pre_init              
00003091  C$$EXIT                       
00003091  abort                         
00003094  _ctypes_                      
000031ac  __TI_Handler_Table_Base       
000031b8  __TI_Handler_Table_Limit      
000031c0  __TI_CINIT_Base               
000031d0  __TI_CINIT_Limit              
20000000  __stack                       
20000200  __STACK_TOP                   
20001000  __STACK_END                   
20001000  data_table                    
20001800  txbuffer                      
20001c00  str                           
20001c64  timestr                       
20001cc8  day                           
20001ccc  hr                            
20001cd0  min                           
20001cd4  month                         
20001cd8  sec                           
20001cdc  max                           
20001ce0  on                            
20001ce1  poll_req                      
20001ce4  wr_idx                        
20001ce8  rd_idx                        
20001cec  phase                         
20001cf0  rx_phase                      
20001cf4  n                             
20001cf8  mode                          
20001cfc  add                           
20001d00  data                          
20001d04  errno                         
ffffffff  __TI_pprof_out_hndl           
ffffffff  __TI_prof_data_size           
ffffffff  __TI_prof_data_start          
ffffffff  __binit__                     
ffffffff  __c_args__                    
ffffffff  binit                         
UNDEFED   __mpu_init                    
UNDEFED   _system_post_cinit            

[128 symbols]
