******************************************************************************
                  TI ARM Linker Unix v20.2.1                   
******************************************************************************
>> Linked Fri Dec  4 23:36:24 2020

OUTPUT FILE NAME:   <DMX-512-A-protcol.out>
ENTRY POINT SYMBOL: "_c_int00_noargs"  address: 00003949


MEMORY CONFIGURATION

         name            origin    length      used     unused   attr    fill
----------------------  --------  ---------  --------  --------  ----  --------
  FLASH                 00000000   00040000  00003bd9  0003c427  R  X
  SRAM                  20000000   00008000  0000452c  00003ad4  RW X


SEGMENT ALLOCATION MAP

run origin  load origin   length   init length attrs members
----------  ----------- ---------- ----------- ----- -------
00000000    00000000    00003be0   00003be0    r-x
  00000000    00000000    0000026c   0000026c    r-- .intvecs
  0000026c    0000026c    0000382c   0000382c    r-x .text
  00003a98    00003a98    00000101   00000101    r-- .const
  00003ba0    00003ba0    00000040   00000040    r-- .cinit
20000000    20000000    00004530   00000000    rw-
  20000000    20000000    000034e4   00000000    rw- .bss
  200034e8    200034e8    00001000   00000000    rw- .stack
  200044e8    200044e8    00000048   00000000    rw- .data


SECTION ALLOCATION MAP

 output                                  attributes/
section   page    origin      length       input sections
--------  ----  ----------  ----------   ----------------
.intvecs   0    00000000    0000026c     
                  00000000    0000026c     tm4c123gh6pm_startup_ccs.obj (.intvecs)

.text      0    0000026c    0000382c     
                  0000026c    00001300     main.obj (.text)
                  0000156c    00000a4e     rtsv7M4_T_le_v4SPD16_eabi.lib : _printfi.c.obj (.text:__TI_printfi)
                  00001fba    00000002                                   : div0.asm.obj (.text)
                  00001fbc    00000360     hibernation.obj (.text)
                  0000231c    00000270     rtsv7M4_T_le_v4SPD16_eabi.lib : _printfi.c.obj (.text:_pconv_a)
                  0000258c    000001d0                                   : _printfi.c.obj (.text:_pconv_g)
                  0000275c    000001b6                                   : fd_add_t2.asm.obj (.text)
                  00002912    00000002     --HOLE-- [fill = 0]
                  00002914    0000017c     uart0.obj (.text)
                  00002a90    0000013c     rtsv7M4_T_le_v4SPD16_eabi.lib : _printfi.c.obj (.text:_pconv_e)
                  00002bcc    00000136                                   : fd_div_t2.asm.obj (.text)
                  00002d02    00000002     --HOLE-- [fill = 0]
                  00002d04    00000124                                   : _printfi.c.obj (.text:fcvt)
                  00002e28    00000110                                   : s_scalbn.c.obj (.text:scalbn)
                  00002f38    000000fc                                   : fd_mul_t2.asm.obj (.text)
                  00003034    000000f4     uart1.obj (.text)
                  00003128    000000b1     rtsv7M4_T_le_v4SPD16_eabi.lib : _printfi.c.obj (.text:_ltostr)
                  000031d9    00000003     --HOLE-- [fill = 0]
                  000031dc    000000a0     timer.obj (.text)
                  0000327c    0000009c     rtsv7M4_T_le_v4SPD16_eabi.lib : memcpy_t2.asm.obj (.text)
                  00003318    00000096                                   : ull_div_t2.asm.obj (.text)
                  000033ae    00000086                                   : fd_cmp_t2.asm.obj (.text:__aeabi_cdcmple)
                  00003434    00000086                                   : fd_cmp_t2.asm.obj (.text:__aeabi_cdrcmple)
                  000034ba    00000002     --HOLE-- [fill = 0]
                  000034bc    00000084     eeprom.obj (.text)
                  00003540    0000007a     rtsv7M4_T_le_v4SPD16_eabi.lib : memset_t2.asm.obj (.text)
                  000035ba    0000006e                                   : _printfi.c.obj (.text:_mcpy)
                  00003628    00000068                                   : copy_decompress_lzss.c.obj (.text:decompress:lzss:__TI_decompress_lzss)
                  00003690    00000064                                   : s_frexp.c.obj (.text:frexp)
                  000036f4    00000056                                   : _printfi.c.obj (.text:_pconv_f)
                  0000374a    00000054                                   : _ltoa.c.obj (.text:__TI_ltoa)
                  0000379e    00000052                                   : _printfi.c.obj (.text:_ecpy)
                  000037f0    0000004c                                   : atoi.c.obj (.text:atoi)
                  0000383c    00000048                                   : fd_toi_t2.asm.obj (.text)
                  00003884    00000044                                   : autoinit.c.obj (.text:__TI_auto_init_nobinit_nopinit:__TI_auto_init_nobinit_nopinit)
                  000038c8    00000040                                   : sprintf.c.obj (.text:sprintf)
                  00003908    0000003e                                   : _printfi.c.obj (.text:_fcpy)
                  00003946    00000002     --HOLE-- [fill = 0]
                  00003948    00000034                                   : boot_cortex_m.c.obj (.text:_c_int00_noargs:_c_int00_noargs)
                  0000397c    0000002e                                   : i_tofd_t2.asm.obj (.text)
                  000039aa    00000024     wait.obj (.text)
                  000039ce    0000001c     rtsv7M4_T_le_v4SPD16_eabi.lib : memccpy.c.obj (.text:memccpy)
                  000039ea    0000001a                                   : s_copysign.c.obj (.text:copysign)
                  00003a04    00000018                                   : sprintf.c.obj (.text:_outs)
                  00003a1c    00000016                                   : strchr.c.obj (.text:strchr)
                  00003a32    00000014                                   : strlen.c.obj (.text:strlen)
                  00003a46    00000012                                   : wcslen.c.obj (.text:wcslen)
                  00003a58    0000000e                                   : copy_decompress_none.c.obj (.text:decompress:none:__TI_decompress_none)
                  00003a66    0000000c                                   : copy_zero_init.c.obj (.text:decompress:ZI:__TI_zero_init)
                  00003a72    0000000c     tm4c123gh6pm_startup_ccs.obj (.text)
                  00003a7e    0000000a     rtsv7M4_T_le_v4SPD16_eabi.lib : sprintf.c.obj (.text:_outc)
                  00003a88    00000008                                   : errno.c.obj (.text:__aeabi_errno_addr)
                  00003a90    00000004                                   : pre_init.c.obj (.text:_system_pre_init)
                  00003a94    00000004                                   : exit.c.obj (.text:abort:abort)

.const     0    00003a98    00000101     
                  00003a98    00000101     rtsv7M4_T_le_v4SPD16_eabi.lib : ctype.c.obj (.const:.string:_ctypes_)

.cinit     0    00003ba0    00000040     
                  00003ba0    00000018     (.cinit..data.load) [load image, compression = lzss]
                  00003bb8    0000000c     (__TI_handler_table)
                  00003bc4    00000004     --HOLE-- [fill = 0]
                  00003bc8    00000008     (.cinit..bss.load) [load image, compression = zero_init]
                  00003bd0    00000010     (__TI_cinit_table)

.init_array 
*          0    00000000    00000000     UNINITIALIZED

.bss       0    20000000    000034e4     UNINITIALIZED
                  20000000    00001800     (.common:sortedArray)
                  20001800    00000804     (.common:data_table)
                  20002004    00000800     (.common:device_address)
                  20002804    00000800     (.common:poll_table)
                  20003004    00000400     (.common:txbuffer)
                  20003404    00000064     (.common:str)
                  20003468    00000064     (.common:timestr)
                  200034cc    00000004     (.common:ArrayIndex)
                  200034d0    00000004     (.common:day)
                  200034d4    00000004     (.common:hr)
                  200034d8    00000004     (.common:min)
                  200034dc    00000004     (.common:month)
                  200034e0    00000004     (.common:sec)

.data      0    200044e8    00000048     UNINITIALIZED
                  200044e8    00000044     main.obj (.data)
                  2000452c    00000004     rtsv7M4_T_le_v4SPD16_eabi.lib : errno.c.obj (.data)

.stack     0    200034e8    00001000     UNINITIALIZED
                  200034e8    00000004     rtsv7M4_T_le_v4SPD16_eabi.lib : boot_cortex_m.c.obj (.stack)
                  200034ec    00000ffc     --HOLE--

__llvm_prf_cnts 
*          0    20000000    00000000     UNINITIALIZED

MODULE SUMMARY

       Module                         code    ro data   rw data
       ------                         ----    -------   -------
    ./
       main.obj                       4864    0         13484  
       hibernation.obj                864     0         124    
       tm4c123gh6pm_startup_ccs.obj   12      620       0      
       uart0.obj                      380     0         0      
       uart1.obj                      244     0         0      
       timer.obj                      160     0         0      
       eeprom.obj                     132     0         0      
       wait.obj                       36      0         0      
    +--+------------------------------+-------+---------+---------+
       Total:                         6692    620       13608  
                                                               
    /Applications/ti/ccs/tools/compiler/ti-cgt-arm_20.2.1.LTS/lib/rtsv7M4_T_le_v4SPD16_eabi.lib
       _printfi.c.obj                 4851    0         0      
       fd_add_t2.asm.obj              438     0         0      
       fd_div_t2.asm.obj              310     0         0      
       s_scalbn.c.obj                 272     0         0      
       fd_cmp_t2.asm.obj              268     0         0      
       ctype.c.obj                    0       257       0      
       fd_mul_t2.asm.obj              252     0         0      
       memcpy_t2.asm.obj              156     0         0      
       ull_div_t2.asm.obj             150     0         0      
       memset_t2.asm.obj              122     0         0      
       copy_decompress_lzss.c.obj     104     0         0      
       s_frexp.c.obj                  100     0         0      
       sprintf.c.obj                  98      0         0      
       _ltoa.c.obj                    84      0         0      
       atoi.c.obj                     76      0         0      
       fd_toi_t2.asm.obj              72      0         0      
       autoinit.c.obj                 68      0         0      
       boot_cortex_m.c.obj            52      0         0      
       i_tofd_t2.asm.obj              46      0         0      
       memccpy.c.obj                  28      0         0      
       s_copysign.c.obj               26      0         0      
       strchr.c.obj                   22      0         0      
       strlen.c.obj                   20      0         0      
       wcslen.c.obj                   18      0         0      
       copy_decompress_none.c.obj     14      0         0      
       copy_zero_init.c.obj           12      0         0      
       errno.c.obj                    8       0         4      
       exit.c.obj                     4       0         0      
       pre_init.c.obj                 4       0         0      
       div0.asm.obj                   2       0         0      
    +--+------------------------------+-------+---------+---------+
       Total:                         7677    257       4      
                                                               
       Stack:                         0       0         4096   
       Linker Generated:              0       60        0      
    +--+------------------------------+-------+---------+---------+
       Grand Total:                   14369   937       17708  


LINKER GENERATED COPY TABLES

__TI_cinit_table @ 00003bd0 records: 2, size/record: 8, table size: 16
	.data: load addr=00003ba0, load size=00000018 bytes, run addr=200044e8, run size=00000048 bytes, compression=lzss
	.bss: load addr=00003bc8, load size=00000008 bytes, run addr=20000000, run size=000034e4 bytes, compression=zero_init


LINKER GENERATED HANDLER TABLE

__TI_handler_table @ 00003bb8 records: 3, size/record: 4, table size: 12
	index: 0, handler: __TI_decompress_lzss
	index: 1, handler: __TI_decompress_none
	index: 2, handler: __TI_zero_init


GLOBAL SYMBOLS: SORTED ALPHABETICALLY BY Name 

address   name                          
-------   ----                          
200034cc  ArrayIndex                    
00003a95  C$$EXIT                       
200044ea  GREEN_FLAG                    
200044eb  GREEN_FLAG1                   
200044e9  LED_OFF_FLAG                  
200044e8  LED_ON_FLAG                   
200044ec  LED_TIMEOUT_GREEN             
200044ee  LED_TIMEOUT_OFF               
200044f0  LED_TIMEOUT_ON                
20004528  RTCALM                        
00003a73  ResetISR                      
000008d1  Timer1Isr                     
00000cbd  Timer2Isr                     
200044e8  __STACK_END                   
00001000  __STACK_SIZE                  
200036e8  __STACK_TOP                   
00003bd0  __TI_CINIT_Base               
00003be0  __TI_CINIT_Limit              
00003bb8  __TI_Handler_Table_Base       
00003bc4  __TI_Handler_Table_Limit      
00003885  __TI_auto_init_nobinit_nopinit
00003629  __TI_decompress_lzss          
00003a59  __TI_decompress_none          
0000374b  __TI_ltoa                     
ffffffff  __TI_pprof_out_hndl           
0000156d  __TI_printfi                  
ffffffff  __TI_prof_data_size           
ffffffff  __TI_prof_data_start          
00000000  __TI_static_base__            
00003a67  __TI_zero_init                
000033af  __aeabi_cdcmpeq               
000033af  __aeabi_cdcmple               
00003435  __aeabi_cdrcmple              
0000383d  __aeabi_d2iz                  
00002767  __aeabi_dadd                  
00002bcd  __aeabi_ddiv                  
00002f39  __aeabi_dmul                  
0000275d  __aeabi_dsub                  
00003a89  __aeabi_errno_addr            
0000397d  __aeabi_i2d                   
00001fbb  __aeabi_idiv0                 
00001fbb  __aeabi_ldiv0                 
00003541  __aeabi_memclr                
00003541  __aeabi_memclr4               
00003541  __aeabi_memclr8               
0000327d  __aeabi_memcpy                
0000327d  __aeabi_memcpy4               
0000327d  __aeabi_memcpy8               
00003543  __aeabi_memset                
00003543  __aeabi_memset4               
00003543  __aeabi_memset8               
00003319  __aeabi_uldivmod              
ffffffff  __binit__                     
ffffffff  __c_args__                    
UNDEFED   __mpu_init                    
200034e8  __stack                       
20000000  __start___llvm_prf_cnts       
20000000  __stop___llvm_prf_cnts        
00003949  _c_int00_noargs               
00003a98  _ctypes_                      
UNDEFED   _system_post_cinit            
00003a91  _system_pre_init              
00003a95  abort                         
20004518  add                           
00002125  addToSortedList               
000003fb  alpha                         
000037f1  atoi                          
ffffffff  binit                         
000020a9  calculateSeconds              
00000ec5  clear                         
00000739  compare                       
000039eb  copysign                      
000039eb  copysignl                     
2000451c  data                          
20001800  data_table                    
200034d0  day                           
20002004  device_address                
000007f5  displayUart0                  
000008b7  dmxTX                         
2000452c  errno                         
00003691  frexp                         
00003691  frexpl                        
00000000  g_pfnVectors                  
00001ff5  getCurrentSeconds             
000006a9  getFieldInteger               
00000669  getFieldString                
0000207d  get_date                      
00002025  get_time                      
00002a21  getcUart0                     
00000357  getsUart0                     
00000df1  hibernationIsr                
200034d4  hr                            
000034bd  initEeprom                    
00001fbd  initHibernationHW             
0000026d  initHw                        
000002eb  initPWM                       
000031dd  initTimer1                    
00003217  initTimer2                    
00002915  initUart0                     
00003035  initUart1                     
0000077f  isCommand                     
00002a35  kbhitUart0                    
2000450c  last_phase                    
20004510  last_rx_phase                 
00002e29  ldexp                         
00002e29  ldexpl                        
00000f49  main                          
200044f4  max                           
000039cf  memccpy                       
0000327d  memcpy                        
00003549  memset                        
200034d8  min                           
20004514  mode                          
200034dc  month                         
20004524  n                             
0000042d  numeric                       
200044f8  on                            
000004b9  parseFields                   
20004504  phase                         
20004520  poll_data                     
200044f9  poll_req                      
20002804  poll_table                    
000029d9  putcUart0                     
000029f5  putsUart0                     
20004500  rd_idx                        
00003505  readEeprom                    
000007c9  req_poll                      
20004508  rx_phase                      
00002e29  scalbn                        
00002e29  scalbnl                       
200034e0  sec                           
000007dd  setAdd                        
000007d1  setMode                       
00002105  setRTC                        
00000343  setRgbColor                   
000029ad  setUart0BaudRate              
000030c9  setUart1BaudRate              
00002065  set_date                      
00002005  set_time                      
00002199  sortArray                     
20000000  sortedArray                   
000038c9  sprintf                       
20003404  str                           
00003a1d  strchr                        
00003a33  strlen                        
20003468  timestr                       
20003004  txbuffer                      
00000871  uart0RxIsr                    
000009b1  uart1Isr                      
000039ab  waitMicrosecond               
00003a47  wcslen                        
200044fc  wr_idx                        
000034d3  writeEeprom                   


GLOBAL SYMBOLS: SORTED BY Symbol Address 

address   name                          
-------   ----                          
00000000  __TI_static_base__            
00000000  g_pfnVectors                  
0000026d  initHw                        
000002eb  initPWM                       
00000343  setRgbColor                   
00000357  getsUart0                     
000003fb  alpha                         
0000042d  numeric                       
000004b9  parseFields                   
00000669  getFieldString                
000006a9  getFieldInteger               
00000739  compare                       
0000077f  isCommand                     
000007c9  req_poll                      
000007d1  setMode                       
000007dd  setAdd                        
000007f5  displayUart0                  
00000871  uart0RxIsr                    
000008b7  dmxTX                         
000008d1  Timer1Isr                     
000009b1  uart1Isr                      
00000cbd  Timer2Isr                     
00000df1  hibernationIsr                
00000ec5  clear                         
00000f49  main                          
00001000  __STACK_SIZE                  
0000156d  __TI_printfi                  
00001fbb  __aeabi_idiv0                 
00001fbb  __aeabi_ldiv0                 
00001fbd  initHibernationHW             
00001ff5  getCurrentSeconds             
00002005  set_time                      
00002025  get_time                      
00002065  set_date                      
0000207d  get_date                      
000020a9  calculateSeconds              
00002105  setRTC                        
00002125  addToSortedList               
00002199  sortArray                     
0000275d  __aeabi_dsub                  
00002767  __aeabi_dadd                  
00002915  initUart0                     
000029ad  setUart0BaudRate              
000029d9  putcUart0                     
000029f5  putsUart0                     
00002a21  getcUart0                     
00002a35  kbhitUart0                    
00002bcd  __aeabi_ddiv                  
00002e29  ldexp                         
00002e29  ldexpl                        
00002e29  scalbn                        
00002e29  scalbnl                       
00002f39  __aeabi_dmul                  
00003035  initUart1                     
000030c9  setUart1BaudRate              
000031dd  initTimer1                    
00003217  initTimer2                    
0000327d  __aeabi_memcpy                
0000327d  __aeabi_memcpy4               
0000327d  __aeabi_memcpy8               
0000327d  memcpy                        
00003319  __aeabi_uldivmod              
000033af  __aeabi_cdcmpeq               
000033af  __aeabi_cdcmple               
00003435  __aeabi_cdrcmple              
000034bd  initEeprom                    
000034d3  writeEeprom                   
00003505  readEeprom                    
00003541  __aeabi_memclr                
00003541  __aeabi_memclr4               
00003541  __aeabi_memclr8               
00003543  __aeabi_memset                
00003543  __aeabi_memset4               
00003543  __aeabi_memset8               
00003549  memset                        
00003629  __TI_decompress_lzss          
00003691  frexp                         
00003691  frexpl                        
0000374b  __TI_ltoa                     
000037f1  atoi                          
0000383d  __aeabi_d2iz                  
00003885  __TI_auto_init_nobinit_nopinit
000038c9  sprintf                       
00003949  _c_int00_noargs               
0000397d  __aeabi_i2d                   
000039ab  waitMicrosecond               
000039cf  memccpy                       
000039eb  copysign                      
000039eb  copysignl                     
00003a1d  strchr                        
00003a33  strlen                        
00003a47  wcslen                        
00003a59  __TI_decompress_none          
00003a67  __TI_zero_init                
00003a73  ResetISR                      
00003a89  __aeabi_errno_addr            
00003a91  _system_pre_init              
00003a95  C$$EXIT                       
00003a95  abort                         
00003a98  _ctypes_                      
00003bb8  __TI_Handler_Table_Base       
00003bc4  __TI_Handler_Table_Limit      
00003bd0  __TI_CINIT_Base               
00003be0  __TI_CINIT_Limit              
20000000  __start___llvm_prf_cnts       
20000000  __stop___llvm_prf_cnts        
20000000  sortedArray                   
20001800  data_table                    
20002004  device_address                
20002804  poll_table                    
20003004  txbuffer                      
20003404  str                           
20003468  timestr                       
200034cc  ArrayIndex                    
200034d0  day                           
200034d4  hr                            
200034d8  min                           
200034dc  month                         
200034e0  sec                           
200034e8  __stack                       
200036e8  __STACK_TOP                   
200044e8  LED_ON_FLAG                   
200044e8  __STACK_END                   
200044e9  LED_OFF_FLAG                  
200044ea  GREEN_FLAG                    
200044eb  GREEN_FLAG1                   
200044ec  LED_TIMEOUT_GREEN             
200044ee  LED_TIMEOUT_OFF               
200044f0  LED_TIMEOUT_ON                
200044f4  max                           
200044f8  on                            
200044f9  poll_req                      
200044fc  wr_idx                        
20004500  rd_idx                        
20004504  phase                         
20004508  rx_phase                      
2000450c  last_phase                    
20004510  last_rx_phase                 
20004514  mode                          
20004518  add                           
2000451c  data                          
20004520  poll_data                     
20004524  n                             
20004528  RTCALM                        
2000452c  errno                         
ffffffff  __TI_pprof_out_hndl           
ffffffff  __TI_prof_data_size           
ffffffff  __TI_prof_data_start          
ffffffff  __binit__                     
ffffffff  __c_args__                    
ffffffff  binit                         
UNDEFED   __mpu_init                    
UNDEFED   _system_post_cinit            

[153 symbols]
