******************************************************************************
                  TI ARM Linker Unix v20.2.1                   
******************************************************************************
>> Linked Tue Dec  8 11:07:19 2020

OUTPUT FILE NAME:   <DMX-512-A-protcol.out>
ENTRY POINT SYMBOL: "_c_int00_noargs"  address: 00003bed


MEMORY CONFIGURATION

         name            origin    length      used     unused   attr    fill
----------------------  --------  ---------  --------  --------  ----  --------
  FLASH                 00000000   00040000  00003e7d  0003c183  R  X
  SRAM                  20000000   00008000  00002d68  00005298  RW X


SEGMENT ALLOCATION MAP

run origin  load origin   length   init length attrs members
----------  ----------- ---------- ----------- ----- -------
00000000    00000000    00003e80   00003e80    r-x
  00000000    00000000    0000026c   0000026c    r-- .intvecs
  0000026c    0000026c    00003ad0   00003ad0    r-x .text
  00003d3c    00003d3c    00000101   00000101    r-- .const
  00003e40    00003e40    00000040   00000040    r-- .cinit
20000000    20000000    00002d6c   00000000    rw-
  20000000    20000000    00001d1c   00000000    rw- .bss
  20001d20    20001d20    00001000   00000000    rw- .stack
  20002d20    20002d20    0000004c   00000000    rw- .data


SECTION ALLOCATION MAP

 output                                  attributes/
section   page    origin      length       input sections
--------  ----  ----------  ----------   ----------------
.intvecs   0    00000000    0000026c     
                  00000000    0000026c     tm4c123gh6pm_startup_ccs.obj (.intvecs)

.text      0    0000026c    00003ad0     
                  0000026c    00001548     main.obj (.text)
                  000017b4    00000a4e     rtsv7M4_T_le_v4SPD16_eabi.lib : _printfi.c.obj (.text:__TI_printfi)
                  00002202    00000002                                   : div0.asm.obj (.text)
                  00002204    000003bc     hibernation.obj (.text)
                  000025c0    00000270     rtsv7M4_T_le_v4SPD16_eabi.lib : _printfi.c.obj (.text:_pconv_a)
                  00002830    000001d0                                   : _printfi.c.obj (.text:_pconv_g)
                  00002a00    000001b6                                   : fd_add_t2.asm.obj (.text)
                  00002bb6    00000002     --HOLE-- [fill = 0]
                  00002bb8    0000017c     uart0.obj (.text)
                  00002d34    0000013c     rtsv7M4_T_le_v4SPD16_eabi.lib : _printfi.c.obj (.text:_pconv_e)
                  00002e70    00000136                                   : fd_div_t2.asm.obj (.text)
                  00002fa6    00000002     --HOLE-- [fill = 0]
                  00002fa8    00000124                                   : _printfi.c.obj (.text:fcvt)
                  000030cc    00000110                                   : s_scalbn.c.obj (.text:scalbn)
                  000031dc    000000fc                                   : fd_mul_t2.asm.obj (.text)
                  000032d8    000000f4     uart1.obj (.text)
                  000033cc    000000b1     rtsv7M4_T_le_v4SPD16_eabi.lib : _printfi.c.obj (.text:_ltostr)
                  0000347d    00000003     --HOLE-- [fill = 0]
                  00003480    000000a0     timer.obj (.text)
                  00003520    0000009c     rtsv7M4_T_le_v4SPD16_eabi.lib : memcpy_t2.asm.obj (.text)
                  000035bc    00000096                                   : ull_div_t2.asm.obj (.text)
                  00003652    00000086                                   : fd_cmp_t2.asm.obj (.text:__aeabi_cdcmple)
                  000036d8    00000086                                   : fd_cmp_t2.asm.obj (.text:__aeabi_cdrcmple)
                  0000375e    00000002     --HOLE-- [fill = 0]
                  00003760    00000084     eeprom.obj (.text)
                  000037e4    0000007a     rtsv7M4_T_le_v4SPD16_eabi.lib : memset_t2.asm.obj (.text)
                  0000385e    0000006e                                   : _printfi.c.obj (.text:_mcpy)
                  000038cc    00000068                                   : copy_decompress_lzss.c.obj (.text:decompress:lzss:__TI_decompress_lzss)
                  00003934    00000064                                   : s_frexp.c.obj (.text:frexp)
                  00003998    00000056                                   : _printfi.c.obj (.text:_pconv_f)
                  000039ee    00000054                                   : _ltoa.c.obj (.text:__TI_ltoa)
                  00003a42    00000052                                   : _printfi.c.obj (.text:_ecpy)
                  00003a94    0000004c                                   : atoi.c.obj (.text:atoi)
                  00003ae0    00000048                                   : fd_toi_t2.asm.obj (.text)
                  00003b28    00000044                                   : autoinit.c.obj (.text:__TI_auto_init_nobinit_nopinit:__TI_auto_init_nobinit_nopinit)
                  00003b6c    00000040                                   : sprintf.c.obj (.text:sprintf)
                  00003bac    0000003e                                   : _printfi.c.obj (.text:_fcpy)
                  00003bea    00000002     --HOLE-- [fill = 0]
                  00003bec    00000034                                   : boot_cortex_m.c.obj (.text:_c_int00_noargs:_c_int00_noargs)
                  00003c20    0000002e                                   : i_tofd_t2.asm.obj (.text)
                  00003c4e    00000024     wait.obj (.text)
                  00003c72    0000001c     rtsv7M4_T_le_v4SPD16_eabi.lib : memccpy.c.obj (.text:memccpy)
                  00003c8e    0000001a                                   : s_copysign.c.obj (.text:copysign)
                  00003ca8    00000018                                   : sprintf.c.obj (.text:_outs)
                  00003cc0    00000016                                   : strchr.c.obj (.text:strchr)
                  00003cd6    00000014                                   : strlen.c.obj (.text:strlen)
                  00003cea    00000012                                   : wcslen.c.obj (.text:wcslen)
                  00003cfc    0000000e                                   : copy_decompress_none.c.obj (.text:decompress:none:__TI_decompress_none)
                  00003d0a    0000000c                                   : copy_zero_init.c.obj (.text:decompress:ZI:__TI_zero_init)
                  00003d16    0000000c     tm4c123gh6pm_startup_ccs.obj (.text)
                  00003d22    0000000a     rtsv7M4_T_le_v4SPD16_eabi.lib : sprintf.c.obj (.text:_outc)
                  00003d2c    00000008                                   : errno.c.obj (.text:__aeabi_errno_addr)
                  00003d34    00000004                                   : pre_init.c.obj (.text:_system_pre_init)
                  00003d38    00000004                                   : exit.c.obj (.text:abort:abort)

.const     0    00003d3c    00000101     
                  00003d3c    00000101     rtsv7M4_T_le_v4SPD16_eabi.lib : ctype.c.obj (.const:.string:_ctypes_)

.cinit     0    00003e40    00000040     
                  00003e40    00000018     (.cinit..data.load) [load image, compression = lzss]
                  00003e58    0000000c     (__TI_handler_table)
                  00003e64    00000004     --HOLE-- [fill = 0]
                  00003e68    00000008     (.cinit..bss.load) [load image, compression = zero_init]
                  00003e70    00000010     (__TI_cinit_table)

.init_array 
*          0    00000000    00000000     UNINITIALIZED

.bss       0    20000000    00001d1c     UNINITIALIZED
                  20000000    00000804     (.common:data_table)
                  20000804    00000804     (.common:device_address)
                  20001008    00000804     (.common:poll_table)
                  2000180c    00000400     (.common:txbuffer)
                  20001c0c    00000064     (.common:str)
                  20001c70    00000064     (.common:timestr)
                  20001cd4    00000030     (.common:sortedArray)
                  20001d04    00000004     (.common:ArrayIndex)
                  20001d08    00000004     (.common:day)
                  20001d0c    00000004     (.common:hr)
                  20001d10    00000004     (.common:min)
                  20001d14    00000004     (.common:month)
                  20001d18    00000004     (.common:sec)

.data      0    20002d20    0000004c     UNINITIALIZED
                  20002d20    00000048     main.obj (.data)
                  20002d68    00000004     rtsv7M4_T_le_v4SPD16_eabi.lib : errno.c.obj (.data)

.stack     0    20001d20    00001000     UNINITIALIZED
                  20001d20    00000004     rtsv7M4_T_le_v4SPD16_eabi.lib : boot_cortex_m.c.obj (.stack)
                  20001d24    00000ffc     --HOLE--

__llvm_prf_cnts 
*          0    20000000    00000000     UNINITIALIZED

MODULE SUMMARY

       Module                         code    ro data   rw data
       ------                         ----    -------   -------
    ./
       main.obj                       5448    0         7400   
       hibernation.obj                956     0         124    
       tm4c123gh6pm_startup_ccs.obj   12      620       0      
       uart0.obj                      380     0         0      
       uart1.obj                      244     0         0      
       timer.obj                      160     0         0      
       eeprom.obj                     132     0         0      
       wait.obj                       36      0         0      
    +--+------------------------------+-------+---------+---------+
       Total:                         7368    620       7524   
                                                               
    /Applications/ti/ccs/tools/compiler/ti-cgt-arm_20.2.1.LTS/lib/rtsv7M4_T_le_v4SPD16_eabi.lib
       _printfi.c.obj                 4851    0         0      
       fd_add_t2.asm.obj              438     0         0      
       fd_div_t2.asm.obj              310     0         0      
       s_scalbn.c.obj                 272     0         0      
       fd_cmp_t2.asm.obj              268     0         0      
       ctype.c.obj                    0       257       0      
       fd_mul_t2.asm.obj              252     0         0      
       memcpy_t2.asm.obj              156     0         0      
       ull_div_t2.asm.obj             150     0         0      
       memset_t2.asm.obj              122     0         0      
       copy_decompress_lzss.c.obj     104     0         0      
       s_frexp.c.obj                  100     0         0      
       sprintf.c.obj                  98      0         0      
       _ltoa.c.obj                    84      0         0      
       atoi.c.obj                     76      0         0      
       fd_toi_t2.asm.obj              72      0         0      
       autoinit.c.obj                 68      0         0      
       boot_cortex_m.c.obj            52      0         0      
       i_tofd_t2.asm.obj              46      0         0      
       memccpy.c.obj                  28      0         0      
       s_copysign.c.obj               26      0         0      
       strchr.c.obj                   22      0         0      
       strlen.c.obj                   20      0         0      
       wcslen.c.obj                   18      0         0      
       copy_decompress_none.c.obj     14      0         0      
       copy_zero_init.c.obj           12      0         0      
       errno.c.obj                    8       0         4      
       exit.c.obj                     4       0         0      
       pre_init.c.obj                 4       0         0      
       div0.asm.obj                   2       0         0      
    +--+------------------------------+-------+---------+---------+
       Total:                         7677    257       4      
                                                               
       Stack:                         0       0         4096   
       Linker Generated:              0       60        0      
    +--+------------------------------+-------+---------+---------+
       Grand Total:                   15045   937       11624  


LINKER GENERATED COPY TABLES

__TI_cinit_table @ 00003e70 records: 2, size/record: 8, table size: 16
	.data: load addr=00003e40, load size=00000018 bytes, run addr=20002d20, run size=0000004c bytes, compression=lzss
	.bss: load addr=00003e68, load size=00000008 bytes, run addr=20000000, run size=00001d1c bytes, compression=zero_init


LINKER GENERATED HANDLER TABLE

__TI_handler_table @ 00003e58 records: 3, size/record: 4, table size: 12
	index: 0, handler: __TI_decompress_lzss
	index: 1, handler: __TI_decompress_none
	index: 2, handler: __TI_zero_init


GLOBAL SYMBOLS: SORTED ALPHABETICALLY BY Name 

address   name                          
-------   ----                          
20001d04  ArrayIndex                    
00003d39  C$$EXIT                       
20002d20  LED_TIMEOUT_OFF               
20002d22  LED_TIMEOUT_ON                
20002d64  RTCALM                        
00003d17  ResetISR                      
000008b3  Timer1Isr                     
00000db5  Timer2Isr                     
20002d20  __STACK_END                   
00001000  __STACK_SIZE                  
20001f20  __STACK_TOP                   
00003e70  __TI_CINIT_Base               
00003e80  __TI_CINIT_Limit              
00003e58  __TI_Handler_Table_Base       
00003e64  __TI_Handler_Table_Limit      
00003b29  __TI_auto_init_nobinit_nopinit
000038cd  __TI_decompress_lzss          
00003cfd  __TI_decompress_none          
000039ef  __TI_ltoa                     
ffffffff  __TI_pprof_out_hndl           
000017b5  __TI_printfi                  
ffffffff  __TI_prof_data_size           
ffffffff  __TI_prof_data_start          
00000000  __TI_static_base__            
00003d0b  __TI_zero_init                
00003653  __aeabi_cdcmpeq               
00003653  __aeabi_cdcmple               
000036d9  __aeabi_cdrcmple              
00003ae1  __aeabi_d2iz                  
00002a0b  __aeabi_dadd                  
00002e71  __aeabi_ddiv                  
000031dd  __aeabi_dmul                  
00002a01  __aeabi_dsub                  
00003d2d  __aeabi_errno_addr            
00003c21  __aeabi_i2d                   
00002203  __aeabi_idiv0                 
00002203  __aeabi_ldiv0                 
000037e5  __aeabi_memclr                
000037e5  __aeabi_memclr4               
000037e5  __aeabi_memclr8               
00003521  __aeabi_memcpy                
00003521  __aeabi_memcpy4               
00003521  __aeabi_memcpy8               
000037e7  __aeabi_memset                
000037e7  __aeabi_memset4               
000037e7  __aeabi_memset8               
000035bd  __aeabi_uldivmod              
ffffffff  __binit__                     
ffffffff  __c_args__                    
UNDEFED   __mpu_init                    
20001d20  __stack                       
20000000  __start___llvm_prf_cnts       
20000000  __stop___llvm_prf_cnts        
00003bed  _c_int00_noargs               
00003d3c  _ctypes_                      
UNDEFED   _system_post_cinit            
00003d35  _system_pre_init              
00003d39  abort                         
20002d54  add                           
00002383  addToSortedList               
000003ef  alpha                         
00003a95  atoi                          
ffffffff  binit                         
000022fd  calculateSeconds              
00000f05  clear                         
00000729  compare                       
00003c8f  copysign                      
00003c8f  copysignl                     
20002d58  data                          
20002d24  data_received_timer           
20000000  data_table                    
20001d08  day                           
20000804  device_address                
000007dd  displayUart0                  
00000899  dmxTX                         
20002d68  errno                         
00003935  frexp                         
00003935  frexpl                        
00000000  g_pfnVectors                  
00002249  getCurrentSeconds             
00000699  getFieldInteger               
00000651  getFieldString                
000022d1  get_date                      
00002279  get_time                      
00002cc5  getcUart0                     
00000357  getsUart0                     
00000e59  hibernationIsr                
20001d0c  hr                            
00003761  initEeprom                    
00002205  initHibernationHW             
0000026d  initHw                        
000002eb  initPWM                       
00003481  initTimer1                    
000034bb  initTimer2                    
00002bb9  initUart0                     
000032d9  initUart1                     
0000076f  isCommand                     
00002cd9  kbhitUart0                    
20002d40  last_phase                    
20002d44  last_rx_phase                 
20002d48  last_searched_address         
000030cd  ldexp                         
000030cd  ldexpl                        
00001065  main                          
20002d28  max                           
00003c73  memccpy                       
00003521  memcpy                        
000037ed  memset                        
20001d10  min                           
20002d50  mode                          
20001d14  month                         
20002d60  n                             
00000421  numeric                       
20002d2c  on                            
00000495  parseFields                   
20002d38  phase                         
20002d5c  poll_data                     
20002d2d  poll_req                      
20001008  poll_table                    
20002d4c  polled                        
20002d4d  polledC                       
00002c7d  putcUart0                     
00002c99  putsUart0                     
20002d34  rd_idx                        
000037a9  readEeprom                    
20002d4e  receiver_phase                
00000f59  req_poll                      
20002d3c  rx_phase                      
000030cd  scalbn                        
000030cd  scalbnl                       
20001d18  sec                           
000007c5  setAdd                        
0000236b  setAlarm                      
000007b9  setMode                       
00002353  setRTC                        
00000343  setRgbColor                   
00002c51  setUart0BaudRate              
0000336d  setUart1BaudRate              
000022b9  set_date                      
00002259  set_time                      
00002419  sortArray                     
20001cd4  sortedArray                   
00003b6d  sprintf                       
20001c0c  str                           
00003cc1  strchr                        
00003cd7  strlen                        
20001c70  timestr                       
2000180c  txbuffer                      
00000859  uart0RxIsr                    
00000a4d  uart1Isr                      
00003c4f  waitMicrosecond               
00003ceb  wcslen                        
20002d30  wr_idx                        
00003777  writeEeprom                   


GLOBAL SYMBOLS: SORTED BY Symbol Address 

address   name                          
-------   ----                          
00000000  __TI_static_base__            
00000000  g_pfnVectors                  
0000026d  initHw                        
000002eb  initPWM                       
00000343  setRgbColor                   
00000357  getsUart0                     
000003ef  alpha                         
00000421  numeric                       
00000495  parseFields                   
00000651  getFieldString                
00000699  getFieldInteger               
00000729  compare                       
0000076f  isCommand                     
000007b9  setMode                       
000007c5  setAdd                        
000007dd  displayUart0                  
00000859  uart0RxIsr                    
00000899  dmxTX                         
000008b3  Timer1Isr                     
00000a4d  uart1Isr                      
00000db5  Timer2Isr                     
00000e59  hibernationIsr                
00000f05  clear                         
00000f59  req_poll                      
00001000  __STACK_SIZE                  
00001065  main                          
000017b5  __TI_printfi                  
00002203  __aeabi_idiv0                 
00002203  __aeabi_ldiv0                 
00002205  initHibernationHW             
00002249  getCurrentSeconds             
00002259  set_time                      
00002279  get_time                      
000022b9  set_date                      
000022d1  get_date                      
000022fd  calculateSeconds              
00002353  setRTC                        
0000236b  setAlarm                      
00002383  addToSortedList               
00002419  sortArray                     
00002a01  __aeabi_dsub                  
00002a0b  __aeabi_dadd                  
00002bb9  initUart0                     
00002c51  setUart0BaudRate              
00002c7d  putcUart0                     
00002c99  putsUart0                     
00002cc5  getcUart0                     
00002cd9  kbhitUart0                    
00002e71  __aeabi_ddiv                  
000030cd  ldexp                         
000030cd  ldexpl                        
000030cd  scalbn                        
000030cd  scalbnl                       
000031dd  __aeabi_dmul                  
000032d9  initUart1                     
0000336d  setUart1BaudRate              
00003481  initTimer1                    
000034bb  initTimer2                    
00003521  __aeabi_memcpy                
00003521  __aeabi_memcpy4               
00003521  __aeabi_memcpy8               
00003521  memcpy                        
000035bd  __aeabi_uldivmod              
00003653  __aeabi_cdcmpeq               
00003653  __aeabi_cdcmple               
000036d9  __aeabi_cdrcmple              
00003761  initEeprom                    
00003777  writeEeprom                   
000037a9  readEeprom                    
000037e5  __aeabi_memclr                
000037e5  __aeabi_memclr4               
000037e5  __aeabi_memclr8               
000037e7  __aeabi_memset                
000037e7  __aeabi_memset4               
000037e7  __aeabi_memset8               
000037ed  memset                        
000038cd  __TI_decompress_lzss          
00003935  frexp                         
00003935  frexpl                        
000039ef  __TI_ltoa                     
00003a95  atoi                          
00003ae1  __aeabi_d2iz                  
00003b29  __TI_auto_init_nobinit_nopinit
00003b6d  sprintf                       
00003bed  _c_int00_noargs               
00003c21  __aeabi_i2d                   
00003c4f  waitMicrosecond               
00003c73  memccpy                       
00003c8f  copysign                      
00003c8f  copysignl                     
00003cc1  strchr                        
00003cd7  strlen                        
00003ceb  wcslen                        
00003cfd  __TI_decompress_none          
00003d0b  __TI_zero_init                
00003d17  ResetISR                      
00003d2d  __aeabi_errno_addr            
00003d35  _system_pre_init              
00003d39  C$$EXIT                       
00003d39  abort                         
00003d3c  _ctypes_                      
00003e58  __TI_Handler_Table_Base       
00003e64  __TI_Handler_Table_Limit      
00003e70  __TI_CINIT_Base               
00003e80  __TI_CINIT_Limit              
20000000  __start___llvm_prf_cnts       
20000000  __stop___llvm_prf_cnts        
20000000  data_table                    
20000804  device_address                
20001008  poll_table                    
2000180c  txbuffer                      
20001c0c  str                           
20001c70  timestr                       
20001cd4  sortedArray                   
20001d04  ArrayIndex                    
20001d08  day                           
20001d0c  hr                            
20001d10  min                           
20001d14  month                         
20001d18  sec                           
20001d20  __stack                       
20001f20  __STACK_TOP                   
20002d20  LED_TIMEOUT_OFF               
20002d20  __STACK_END                   
20002d22  LED_TIMEOUT_ON                
20002d24  data_received_timer           
20002d28  max                           
20002d2c  on                            
20002d2d  poll_req                      
20002d30  wr_idx                        
20002d34  rd_idx                        
20002d38  phase                         
20002d3c  rx_phase                      
20002d40  last_phase                    
20002d44  last_rx_phase                 
20002d48  last_searched_address         
20002d4c  polled                        
20002d4d  polledC                       
20002d4e  receiver_phase                
20002d50  mode                          
20002d54  add                           
20002d58  data                          
20002d5c  poll_data                     
20002d60  n                             
20002d64  RTCALM                        
20002d68  errno                         
ffffffff  __TI_pprof_out_hndl           
ffffffff  __TI_prof_data_size           
ffffffff  __TI_prof_data_start          
ffffffff  __binit__                     
ffffffff  __c_args__                    
ffffffff  binit                         
UNDEFED   __mpu_init                    
UNDEFED   _system_post_cinit            

[154 symbols]
