******************************************************************************
                  TI ARM Linker Unix v18.12.5                  
******************************************************************************
>> Linked Thu Nov  5 23:13:12 2020

OUTPUT FILE NAME:   <DMX-512-A-protcol.out>
ENTRY POINT SYMBOL: "_c_int00_noargs"  address: 000030f1


MEMORY CONFIGURATION

         name            origin    length      used     unused   attr    fill
----------------------  --------  ---------  --------  --------  ----  --------
  FLASH                 00000000   00040000  00003379  0003cc87  R  X
  SRAM                  20000000   00008000  00001d04  000062fc  RW X


SEGMENT ALLOCATION MAP

run origin  load origin   length   init length attrs members
----------  ----------- ---------- ----------- ----- -------
00000000    00000000    00003380   00003380    r-x
  00000000    00000000    0000026c   0000026c    r-- .intvecs
  0000026c    0000026c    00002fd4   00002fd4    r-x .text
  00003240    00003240    00000101   00000101    r-- .const
  00003348    00003348    00000038   00000038    r-- .cinit
20000000    20000000    00001d04   00000000    rw-
  20000000    20000000    00001000   00000000    rw- .stack
  20001000    20001000    00000cdc   00000000    rw- .bss
  20001cdc    20001cdc    00000028   00000000    rw- .data


SECTION ALLOCATION MAP

 output                                  attributes/
section   page    origin      length       input sections
--------  ----  ----------  ----------   ----------------
.intvecs   0    00000000    0000026c     
                  00000000    0000026c     tm4c123gh6pm_startup_ccs.obj (.intvecs)

.text      0    0000026c    00002fd4     
                  0000026c    00000cb4     main.obj (.text)
                  00000f20    00000a4e     rtsv7M4_T_le_v4SPD16_eabi.lib : _printfi.c.obj (.text:__TI_printfi)
                  0000196e    00000002                                   : div0.asm.obj (.text)
                  00001970    00000270                                   : _printfi.c.obj (.text:_pconv_a)
                  00001be0    000001d0                                   : _printfi.c.obj (.text:_pconv_g)
                  00001db0    000001b6                                   : fd_add_t2.asm.obj (.text)
                  00001f66    00000002     --HOLE-- [fill = 0]
                  00001f68    0000017c     uart0.obj (.text)
                  000020e4    00000160     hibernation.obj (.text)
                  00002244    0000013c     rtsv7M4_T_le_v4SPD16_eabi.lib : _printfi.c.obj (.text:_pconv_e)
                  00002380    00000136                                   : fd_div_t2.asm.obj (.text)
                  000024b6    00000002     --HOLE-- [fill = 0]
                  000024b8    00000124                                   : _printfi.c.obj (.text:fcvt)
                  000025dc    00000110                                   : s_scalbn.c.obj (.text:scalbn)
                  000026ec    000000fc                                   : fd_mul_t2.asm.obj (.text)
                  000027e8    000000f4     uart1.obj (.text)
                  000028dc    000000b1     rtsv7M4_T_le_v4SPD16_eabi.lib : _printfi.c.obj (.text:_ltostr)
                  0000298d    00000001     --HOLE-- [fill = 0]
                  0000298e    0000009c                                   : memcpy_t2.asm.obj (.text)
                  00002a2a    00000096                                   : ull_div_t2.asm.obj (.text)
                  00002ac0    00000086                                   : fd_cmp_t2.asm.obj (.text:__aeabi_cdcmple)
                  00002b46    00000086                                   : fd_cmp_t2.asm.obj (.text:__aeabi_cdrcmple)
                  00002bcc    00000084     eeprom.obj (.text)
                  00002c50    0000007a     rtsv7M4_T_le_v4SPD16_eabi.lib : memset_t2.asm.obj (.text)
                  00002cca    0000006e                                   : _printfi.c.obj (.text:_mcpy)
                  00002d38    00000068                                   : copy_decompress_lzss.c.obj (.text:decompress:lzss:__TI_decompress_lzss)
                  00002da0    00000064                                   : s_frexp.c.obj (.text:frexp)
                  00002e04    00000056                                   : _printfi.c.obj (.text:_pconv_f)
                  00002e5a    00000054                                   : ltoa.c.obj (.text:ltoa)
                  00002eae    00000002     --HOLE-- [fill = 0]
                  00002eb0    00000054     timer.obj (.text)
                  00002f04    00000052     rtsv7M4_T_le_v4SPD16_eabi.lib : _printfi.c.obj (.text:_ecpy)
                  00002f56    00000002     --HOLE-- [fill = 0]
                  00002f58    0000004c                                   : atoi.c.obj (.text:atoi)
                  00002fa4    00000048                                   : fd_toi_t2.asm.obj (.text)
                  00002fec    00000044                                   : autoinit.c.obj (.text:__TI_auto_init_nobinit_nopinit:__TI_auto_init_nobinit_nopinit)
                  00003030    00000040                                   : u_divt2.asm.obj (.text)
                  00003070    00000040                                   : sprintf.c.obj (.text:sprintf)
                  000030b0    0000003e                                   : _printfi.c.obj (.text:_fcpy)
                  000030ee    00000002     --HOLE-- [fill = 0]
                  000030f0    00000034                                   : boot_cortex_m.c.obj (.text:_c_int00_noargs:_c_int00_noargs)
                  00003124    0000002e                                   : i_tofd_t2.asm.obj (.text)
                  00003152    00000024     wait.obj (.text)
                  00003176    0000001c     rtsv7M4_T_le_v4SPD16_eabi.lib : memccpy.c.obj (.text:memccpy)
                  00003192    0000001a                                   : s_copysign.c.obj (.text:copysign)
                  000031ac    00000018                                   : sprintf.c.obj (.text:_outs)
                  000031c4    00000016                                   : strchr.c.obj (.text:strchr)
                  000031da    00000014                                   : strlen.c.obj (.text:strlen)
                  000031ee    00000012                                   : wcslen.c.obj (.text:wcslen)
                  00003200    0000000e                                   : copy_decompress_none.c.obj (.text:decompress:none:__TI_decompress_none)
                  0000320e    0000000c                                   : copy_zero_init.c.obj (.text:decompress:ZI:__TI_zero_init)
                  0000321a    0000000c     tm4c123gh6pm_startup_ccs.obj (.text)
                  00003226    0000000a     rtsv7M4_T_le_v4SPD16_eabi.lib : sprintf.c.obj (.text:_outc)
                  00003230    00000008                                   : errno.c.obj (.text:__aeabi_errno_addr)
                  00003238    00000004                                   : pre_init.c.obj (.text:_system_pre_init)
                  0000323c    00000004                                   : exit.c.obj (.text:abort:abort)

.const     0    00003240    00000101     
                  00003240    00000101     rtsv7M4_T_le_v4SPD16_eabi.lib : ctype.c.obj (.const:.string:_ctypes_)

.cinit     0    00003348    00000038     
                  00003348    00000011     (.cinit..data.load) [load image, compression = lzss]
                  00003359    00000003     --HOLE-- [fill = 0]
                  0000335c    0000000c     (__TI_handler_table)
                  00003368    00000008     (.cinit..bss.load) [load image, compression = zero_init]
                  00003370    00000010     (__TI_cinit_table)

.init_array 
*          0    00000000    00000000     UNINITIALIZED

.bss       0    20001000    00000cdc     UNINITIALIZED
                  20001000    00000800     (.common:data_table)
                  20001800    00000400     (.common:txbuffer)
                  20001c00    00000064     (.common:str)
                  20001c64    00000064     (.common:timestr)
                  20001cc8    00000004     (.common:day)
                  20001ccc    00000004     (.common:hr)
                  20001cd0    00000004     (.common:min)
                  20001cd4    00000004     (.common:month)
                  20001cd8    00000004     (.common:sec)

.data      0    20001cdc    00000028     UNINITIALIZED
                  20001cdc    00000024     main.obj (.data)
                  20001d00    00000004     rtsv7M4_T_le_v4SPD16_eabi.lib : errno.c.obj (.data)

.stack     0    20000000    00001000     UNINITIALIZED
                  20000000    00000004     rtsv7M4_T_le_v4SPD16_eabi.lib : boot_cortex_m.c.obj (.stack)
                  20000004    00000ffc     --HOLE--

MODULE SUMMARY

       Module                         code    ro data   rw data
       ------                         ----    -------   -------
    ./
       main.obj                       3252    0         3208   
       tm4c123gh6pm_startup_ccs.obj   12      620       0      
       hibernation.obj                352     0         120    
       uart0.obj                      380     0         0      
       uart1.obj                      244     0         0      
       eeprom.obj                     132     0         0      
       timer.obj                      84      0         0      
       wait.obj                       36      0         0      
    +--+------------------------------+-------+---------+---------+
       Total:                         4492    620       3328   
                                                               
    /Applications/ti/ccs930/ccs/tools/compiler/ti-cgt-arm_18.12.5.LTS/lib/rtsv7M4_T_le_v4SPD16_eabi.lib
       _printfi.c.obj                 4851    0         0      
       fd_add_t2.asm.obj              438     0         0      
       fd_div_t2.asm.obj              310     0         0      
       s_scalbn.c.obj                 272     0         0      
       fd_cmp_t2.asm.obj              268     0         0      
       ctype.c.obj                    0       257       0      
       fd_mul_t2.asm.obj              252     0         0      
       memcpy_t2.asm.obj              156     0         0      
       ull_div_t2.asm.obj             150     0         0      
       memset_t2.asm.obj              122     0         0      
       copy_decompress_lzss.c.obj     104     0         0      
       s_frexp.c.obj                  100     0         0      
       sprintf.c.obj                  98      0         0      
       ltoa.c.obj                     84      0         0      
       atoi.c.obj                     76      0         0      
       fd_toi_t2.asm.obj              72      0         0      
       autoinit.c.obj                 68      0         0      
       u_divt2.asm.obj                64      0         0      
       boot_cortex_m.c.obj            52      0         0      
       i_tofd_t2.asm.obj              46      0         0      
       memccpy.c.obj                  28      0         0      
       s_copysign.c.obj               26      0         0      
       strchr.c.obj                   22      0         0      
       strlen.c.obj                   20      0         0      
       wcslen.c.obj                   18      0         0      
       copy_decompress_none.c.obj     14      0         0      
       copy_zero_init.c.obj           12      0         0      
       errno.c.obj                    8       0         4      
       exit.c.obj                     4       0         0      
       pre_init.c.obj                 4       0         0      
       div0.asm.obj                   2       0         0      
    +--+------------------------------+-------+---------+---------+
       Total:                         7741    257       4      
                                                               
       Stack:                         0       0         4096   
       Linker Generated:              0       53        0      
    +--+------------------------------+-------+---------+---------+
       Grand Total:                   12233   930       7428   


LINKER GENERATED COPY TABLES

__TI_cinit_table @ 00003370 records: 2, size/record: 8, table size: 16
	.data: load addr=00003348, load size=00000011 bytes, run addr=20001cdc, run size=00000028 bytes, compression=lzss
	.bss: load addr=00003368, load size=00000008 bytes, run addr=20001000, run size=00000cdc bytes, compression=zero_init


LINKER GENERATED HANDLER TABLE

__TI_handler_table @ 0000335c records: 3, size/record: 4, table size: 12
	index: 0, handler: __TI_decompress_lzss
	index: 1, handler: __TI_decompress_none
	index: 2, handler: __TI_zero_init


GLOBAL SYMBOLS: SORTED ALPHABETICALLY BY Name 

address   name                          
-------   ----                          
0000323d  C$$EXIT                       
0000321b  ResetISR                      
000008eb  Timer1Isr                     
20001000  __STACK_END                   
00001000  __STACK_SIZE                  
20000200  __STACK_TOP                   
00003370  __TI_CINIT_Base               
00003380  __TI_CINIT_Limit              
0000335c  __TI_Handler_Table_Base       
00003368  __TI_Handler_Table_Limit      
00002fed  __TI_auto_init_nobinit_nopinit
00002d39  __TI_decompress_lzss          
00003201  __TI_decompress_none          
ffffffff  __TI_pprof_out_hndl           
00000f21  __TI_printfi                  
ffffffff  __TI_prof_data_size           
ffffffff  __TI_prof_data_start          
00000000  __TI_static_base__            
0000320f  __TI_zero_init                
00002ac1  __aeabi_cdcmpeq               
00002ac1  __aeabi_cdcmple               
00002b47  __aeabi_cdrcmple              
00002fa5  __aeabi_d2iz                  
00001dbb  __aeabi_dadd                  
00002381  __aeabi_ddiv                  
000026ed  __aeabi_dmul                  
00001db1  __aeabi_dsub                  
00003231  __aeabi_errno_addr            
00003125  __aeabi_i2d                   
0000196f  __aeabi_idiv0                 
0000196f  __aeabi_ldiv0                 
00002c51  __aeabi_memclr                
00002c51  __aeabi_memclr4               
00002c51  __aeabi_memclr8               
0000298f  __aeabi_memcpy                
0000298f  __aeabi_memcpy4               
0000298f  __aeabi_memcpy8               
00002c53  __aeabi_memset                
00002c53  __aeabi_memset4               
00002c53  __aeabi_memset8               
00003031  __aeabi_uidiv                 
00003031  __aeabi_uidivmod              
00002a2b  __aeabi_uldivmod              
ffffffff  __binit__                     
ffffffff  __c_args__                    
UNDEFED   __mpu_init                    
20000000  __stack                       
000030f1  _c_int00_noargs               
00003240  _ctypes_                      
UNDEFED   _system_post_cinit            
00003239  _system_pre_init              
0000323d  abort                         
20001cf8  add                           
0000041d  alpha                         
00002f59  atoi                          
ffffffff  binit                         
00000761  compare                       
00003193  copysign                      
00003193  copysignl                     
20001cfc  data                          
20001000  data_table                    
20001cc8  day                           
00000811  displayUart0                  
000008cd  dmxTX                         
20001d00  errno                         
00002da1  frexp                         
00002da1  frexpl                        
00000000  g_pfnVectors                  
0000211d  getCurrentSeconds             
000006d1  getFieldInteger               
00000691  getFieldString                
000021a7  get_date                      
0000214f  get_time                      
00002075  getcUart0                     
00000399  getsUart0                     
20001ccc  hr                            
00002bcd  initEeprom                    
000020e5  initHibernationHW             
0000026d  initHw                        
000002e1  initPWM                       
00002eb1  initTimer1                    
00001f69  initUart0                     
000027e9  initUart1                     
000007a7  isCommand                     
00002089  kbhitUart0                    
000025dd  ldexp                         
000025dd  ldexpl                        
00002e5b  ltoa                          
00000a99  main                          
20001cdc  max                           
00003177  memccpy                       
0000298f  memcpy                        
00002c59  memset                        
20001cd0  min                           
20001cf4  mode                          
20001cd4  month                         
0000044f  numeric                       
20001ce0  on                            
000004f1  parseFields                   
20001cec  phase                         
20001ce1  poll_req                      
0000202d  putcUart0                     
00002049  putsUart0                     
20001ce8  rd_idx                        
00002c15  readEeprom                    
000007e5  req_poll                      
20001cf0  rx_phase                      
000025dd  scalbn                        
000025dd  scalbnl                       
20001cd8  sec                           
000007f9  setAdd                        
000007ed  setMode                       
0000036d  setRgbColor                   
00002001  setUart0BaudRate              
0000287b  setUart1BaudRate              
0000218f  set_date                      
0000212f  set_time                      
00003071  sprintf                       
20001c00  str                           
000031c5  strchr                        
000031db  strlen                        
20001c64  timestr                       
20001800  txbuffer                      
0000088d  uart0RxIsr                    
00000975  uart1Isr                      
00003153  waitMicrosecond               
000031ef  wcslen                        
20001ce4  wr_idx                        
00002be3  writeEeprom                   


GLOBAL SYMBOLS: SORTED BY Symbol Address 

address   name                          
-------   ----                          
00000000  __TI_static_base__            
00000000  g_pfnVectors                  
0000026d  initHw                        
000002e1  initPWM                       
0000036d  setRgbColor                   
00000399  getsUart0                     
0000041d  alpha                         
0000044f  numeric                       
000004f1  parseFields                   
00000691  getFieldString                
000006d1  getFieldInteger               
00000761  compare                       
000007a7  isCommand                     
000007e5  req_poll                      
000007ed  setMode                       
000007f9  setAdd                        
00000811  displayUart0                  
0000088d  uart0RxIsr                    
000008cd  dmxTX                         
000008eb  Timer1Isr                     
00000975  uart1Isr                      
00000a99  main                          
00000f21  __TI_printfi                  
00001000  __STACK_SIZE                  
0000196f  __aeabi_idiv0                 
0000196f  __aeabi_ldiv0                 
00001db1  __aeabi_dsub                  
00001dbb  __aeabi_dadd                  
00001f69  initUart0                     
00002001  setUart0BaudRate              
0000202d  putcUart0                     
00002049  putsUart0                     
00002075  getcUart0                     
00002089  kbhitUart0                    
000020e5  initHibernationHW             
0000211d  getCurrentSeconds             
0000212f  set_time                      
0000214f  get_time                      
0000218f  set_date                      
000021a7  get_date                      
00002381  __aeabi_ddiv                  
000025dd  ldexp                         
000025dd  ldexpl                        
000025dd  scalbn                        
000025dd  scalbnl                       
000026ed  __aeabi_dmul                  
000027e9  initUart1                     
0000287b  setUart1BaudRate              
0000298f  __aeabi_memcpy                
0000298f  __aeabi_memcpy4               
0000298f  __aeabi_memcpy8               
0000298f  memcpy                        
00002a2b  __aeabi_uldivmod              
00002ac1  __aeabi_cdcmpeq               
00002ac1  __aeabi_cdcmple               
00002b47  __aeabi_cdrcmple              
00002bcd  initEeprom                    
00002be3  writeEeprom                   
00002c15  readEeprom                    
00002c51  __aeabi_memclr                
00002c51  __aeabi_memclr4               
00002c51  __aeabi_memclr8               
00002c53  __aeabi_memset                
00002c53  __aeabi_memset4               
00002c53  __aeabi_memset8               
00002c59  memset                        
00002d39  __TI_decompress_lzss          
00002da1  frexp                         
00002da1  frexpl                        
00002e5b  ltoa                          
00002eb1  initTimer1                    
00002f59  atoi                          
00002fa5  __aeabi_d2iz                  
00002fed  __TI_auto_init_nobinit_nopinit
00003031  __aeabi_uidiv                 
00003031  __aeabi_uidivmod              
00003071  sprintf                       
000030f1  _c_int00_noargs               
00003125  __aeabi_i2d                   
00003153  waitMicrosecond               
00003177  memccpy                       
00003193  copysign                      
00003193  copysignl                     
000031c5  strchr                        
000031db  strlen                        
000031ef  wcslen                        
00003201  __TI_decompress_none          
0000320f  __TI_zero_init                
0000321b  ResetISR                      
00003231  __aeabi_errno_addr            
00003239  _system_pre_init              
0000323d  C$$EXIT                       
0000323d  abort                         
00003240  _ctypes_                      
0000335c  __TI_Handler_Table_Base       
00003368  __TI_Handler_Table_Limit      
00003370  __TI_CINIT_Base               
00003380  __TI_CINIT_Limit              
20000000  __stack                       
20000200  __STACK_TOP                   
20001000  __STACK_END                   
20001000  data_table                    
20001800  txbuffer                      
20001c00  str                           
20001c64  timestr                       
20001cc8  day                           
20001ccc  hr                            
20001cd0  min                           
20001cd4  month                         
20001cd8  sec                           
20001cdc  max                           
20001ce0  on                            
20001ce1  poll_req                      
20001ce4  wr_idx                        
20001ce8  rd_idx                        
20001cec  phase                         
20001cf0  rx_phase                      
20001cf4  mode                          
20001cf8  add                           
20001cfc  data                          
20001d00  errno                         
ffffffff  __TI_pprof_out_hndl           
ffffffff  __TI_prof_data_size           
ffffffff  __TI_prof_data_start          
ffffffff  __binit__                     
ffffffff  __c_args__                    
ffffffff  binit                         
UNDEFED   __mpu_init                    
UNDEFED   _system_post_cinit            

[129 symbols]
